ARM Linker, 5.03 [Build 24] [MDK-ARM Standard]

==============================================================================

Section Cross References

    main.o(.text) refers to misc.o(.text) for NVIC_PriorityGroupConfig
    main.o(.text) refers to stm32_systick.o(.text) for SysTick_Init
    main.o(.text) refers to new.o(i._Znwj) for operator new(unsigned)
    main.o(.text) refers to ioout.o(.text) for IoOut::IoOut(GPIO_TypeDef*, unsigned short, bool)
    main.o(.text) refers to process.o(.text) for Process::Process()
    main.o(.text) refers to timer.o(.text) for Timer::getITStatus(TIM_TypeDef*)
    main.o(.text) refers to main.o(.data) for ledSys
    main.o(.ARM.exidx) refers to main.o(.text) for .text
    process.o(.text) refers to ioout.o(.text) for IoOut::setOn()
    process.o(.text) refers to protocol.o(.text) for Protocol::com1st_UpdateSendBuf(unsigned char*)
    process.o(.text) refers to new.o(i._Znwj) for operator new(unsigned)
    process.o(.text) refers to timer.o(.text) for Timer::Timer(TIM_TypeDef*, int)
    process.o(.text) refers to serialport.o(.text) for SerialPort::SerialPort(int, int)
    process.o(.text) refers to stm32_adc.o(.text) for ADC1_DMA_Init
    process.o(.text) refers to process.o(.data) for showCount
    process.o(.text) refers to stm32f10x_rcc.o(.text) for RCC_APB2PeriphClockCmd
    process.o(.text) refers to stm32f10x_gpio.o(.text) for GPIO_PinRemapConfig
    process.o(.text) refers to stm32_systick.o(.text) for SysTick_DelayMs
    process.o(.text) refers to stm32_adc.o(.bss) for AD_Filter
    process.o(.ARM.exidx) refers to process.o(.text) for .text
    protocol.o(.text) refers to new.o(i._Znwj) for operator new(unsigned)
    protocol.o(.text) refers to datachain.o(.text) for RingChain::RingChain(int)
    protocol.o(.text) refers to array_new.o(i._Znaj) for operator new[] (unsigned)
    protocol.o(.text) refers to delete.o(i._ZdlPv) for operator delete (void*)
    protocol.o(.text) refers to array_del.o(i._ZdaPv) for operator delete[] (void*)
    protocol.o(.text) refers to serialport.o(.text) for SerialPort::write(unsigned char*, unsigned char)
    protocol.o(.ARM.exidx) refers to protocol.o(.text) for .text
    datachain.o(.text) refers to new.o(i._Znwj) for operator new(unsigned)
    datachain.o(.text) refers to datachain.o(i._ZN9ChainNodeC1EhPS_S0_) for ChainNode::ChainNode(unsigned char, ChainNode*, ChainNode*)
    datachain.o(.text) refers to delete.o(i._ZdlPv) for operator delete (void*)
    datachain.o(.ARM.exidx) refers to datachain.o(.text) for .text
    ioout.o(.text) refers to stm32f10x_gpio.o(.text) for GPIO_ResetBits
    ioout.o(.text) refers to stm32_gpio.o(.text) for STM32_GpioOneInit
    ioout.o(.ARM.exidx) refers to ioout.o(.text) for .text
    key.o(.text) refers to stm32_gpio.o(.text) for STM32_GpioOneInit
    key.o(.text) refers to stm32f10x_gpio.o(.text) for GPIO_ReadInputDataBit
    key.o(.ARM.exidx) refers to key.o(.text) for .text
    serialport.o(.text) refers to stm32f10x_gpio.o(.text) for GPIO_SetBits
    serialport.o(.text) refers to stm32f10x_usart.o(.text) for USART_GetITStatus
    serialport.o(.text) refers to stm32f10x_rcc.o(.text) for RCC_APB2PeriphClockCmd
    serialport.o(.text) refers to stm32_gpio.o(.text) for STM32_GpioOneInit
    serialport.o(.text) refers to stm32_priority.o(.text) for setIRQPriority
    serialport.o(.text) refers to serialport.o(.bss) for USART_data_1
    serialport.o(.ARM.exidx) refers to serialport.o(.text) for .text
    serialport.o(.init_array) refers to serialport.o(.text) for __sti___14_SerialPort_cpp
    serialport.o(.init_array) refers to cpp_init.o(.text) for __cpp_initialize__aeabi_
    timer.o(.text) refers to stm32f10x_tim.o(.text) for TIM_Cmd
    timer.o(.text) refers to stm32_priority.o(.text) for setIRQPriority
    timer.o(.text) refers to stm32f10x_rcc.o(.text) for RCC_APB1PeriphClockCmd
    timer.o(.text) refers to delete.o(i._ZdlPv) for operator delete (void*)
    timer.o(.ARM.exidx) refers to timer.o(.text) for .text
    stm32_systick.o(.text) refers to misc.o(.text) for SysTick_CLKSourceConfig
    stm32_systick.o(.text) refers to system_stm32f10x.o(.data) for SystemCoreClock
    stm32_systick.o(.text) refers to stm32_systick.o(.data) for fac_us
    stm32_adc.o(.text) refers to stm32f10x_rcc.o(.text) for RCC_ADCCLKConfig
    stm32_adc.o(.text) refers to stm32f10x_adc.o(.text) for ADC_Init
    stm32_adc.o(.text) refers to stm32f10x_dma.o(.text) for DMA_DeInit
    stm32_adc.o(.text) refers to misc.o(.text) for NVIC_Init
    stm32_adc.o(.text) refers to stm32_gpio.o(.text) for STM32_GpioOneInit
    stm32_adc.o(.text) refers to stm32_adc.o(.bss) for AD_Cache
    stm32_priority.o(.text) refers to misc.o(.text) for NVIC_PriorityGroupConfig
    stm32_gpio.o(.text) refers to stm32f10x_rcc.o(.text) for RCC_APB2PeriphClockCmd
    stm32_gpio.o(.text) refers to stm32f10x_gpio.o(.text) for GPIO_Init
    stm32f10x_adc.o(.text) refers to stm32f10x_rcc.o(.text) for RCC_APB2PeriphResetCmd
[...]
    lib_rtti_impl.o(.ARM.exidx) refers to lib_rtti_impl.o(i._ZN10__cxxabiv119__pointer_type_infoD1Ev) for i._ZN10__cxxabiv119__pointer_type_infoD1Ev
    lib_rtti_impl.o(.ARM.exidx) refers to lib_rtti_impl.o(i._ZN10__cxxabiv119__pointer_type_infoD0Ev) for i._ZN10__cxxabiv119__pointer_type_infoD0Ev
    lib_rtti_impl.o(.ARM.exidx) refers to lib_rtti_impl.o(i._ZN10__cxxabiv129__pointer_to_member_type_infoD1Ev) for i._ZN10__cxxabiv129__pointer_to_member_type_infoD1Ev
    lib_rtti_impl.o(.ARM.exidx) refers to lib_rtti_impl.o(i._ZN10__cxxabiv129__pointer_to_member_type_infoD0Ev) for i._ZN10__cxxabiv129__pointer_to_member_type_infoD0Ev
    init.o(.text) refers to entry5.o(.ARM.Collect$$$$00000004) for __main_after_scatterload
    arm_exceptions_globs.o(.text) refers to cpp_unwinder.o(.text) for __rt_eh_globals_addr
    arm_exceptions_globs.o(.text) refers to malloc.o(i.malloc) for malloc
    arm_exceptions_globs.o(.text) refers to arm_exceptions_mem.o(.text) for __ARM_exceptions_buffer_init
    arm_exceptions_globs.o(.ARM.exidx) refers to arm_exceptions_globs.o(.text) for .text
    exception_what.o(.ARM.exidx) refers to exception_what.o(i._ZNKSt9exception4whatEv) for i._ZNKSt9exception4whatEv
    type_info_dtor.o(.ARM.exidx) refers to type_info_dtor.o(i._ZNSt9type_infoD1Ev) for i._ZNSt9type_infoD1Ev
    type_info_dtor.o(.ARM.exidx) refers to type_info_dtor.o(i._ZNSt9type_infoD0Ev) for i._ZNSt9type_infoD0Ev
    arm_exceptions_mem.o(.text) refers to malloc.o(i.malloc) for malloc
    arm_exceptions_mem.o(.ARM.exidx) refers to arm_exceptions_mem.o(.text) for .text
    datachain.o(.ARM.exidx) refers to datachain.o(i._ZN9ChainNodeC1EhPS_S0_) for i._ZN9ChainNodeC1EhPS_S0_
    bad_alloc_dtor.o(.constdata__ZTVSt9bad_alloc) refers to bad_alloc_dtor.o(.constdata__ZTISt9bad_alloc) for typeinfo for std::bad_alloc
    bad_alloc_dtor.o(.constdata__ZTVSt9bad_alloc) refers to bad_alloc_dtor.o(i._ZNSt9bad_allocD1Ev) for std::bad_alloc::~bad_alloc()
    bad_alloc_dtor.o(.constdata__ZTVSt9bad_alloc) refers to bad_alloc_dtor.o(i._ZNSt9bad_allocD0Ev) for std::bad_alloc::~bad_alloc__deallocating()
    bad_alloc_dtor.o(.constdata__ZTVSt9bad_alloc) refers to bad_alloc_what.o(i._ZNKSt9bad_alloc4whatEv) for std::bad_alloc::what() const
    bad_alloc_dtor.o(.constdata__ZTISt9bad_alloc) refers to lib_rtti_impl.o(.constdata__ZTVN10__cxxabiv120__si_class_type_infoE) for vtable for __cxxabiv1::__si_class_type_info
    bad_alloc_dtor.o(.constdata__ZTISt9bad_alloc) refers to bad_alloc_dtor.o(.constdata__ZTSSt9bad_alloc) for typeinfo name for std::bad_alloc
    bad_alloc_dtor.o(.constdata__ZTISt9bad_alloc) refers to exception_dtor.o(.constdata__ZTISt9exception) for typeinfo for std::exception
    exception_dtor.o(.constdata__ZTVSt9exception) refers to exception_dtor.o(.constdata__ZTISt9exception) for typeinfo for std::exception
    exception_dtor.o(.constdata__ZTVSt9exception) refers to exception_dtor.o(i._ZNSt9exceptionD1Ev) for std::exception::~exception()
    exception_dtor.o(.constdata__ZTVSt9exception) refers to exception_dtor.o(i._ZNSt9exceptionD0Ev) for std::exception::~exception__deallocating()
    exception_dtor.o(.constdata__ZTVSt9exception) refers to exception_what.o(i._ZNKSt9exception4whatEv) for std::exception::what() const
    exception_dtor.o(.constdata__ZTISt9exception) refers to lib_rtti_impl.o(.constdata__ZTVN10__cxxabiv117__class_type_infoE) for vtable for __cxxabiv1::__class_type_info
    exception_dtor.o(.constdata__ZTISt9exception) refers to exception_dtor.o(.constdata__ZTSSt9exception) for typeinfo name for std::exception
    lib_rtti_impl.o(.constdata__ZTVN10__cxxabiv123__fundamental_type_infoE) refers to lib_rtti_impl.o(.constdata__ZTIN10__cxxabiv123__fundamental_type_infoE) for typeinfo for __cxxabiv1::__fundamental_type_info
    lib_rtti_impl.o(.constdata__ZTVN10__cxxabiv123__fundamental_type_infoE) refers to lib_rtti_impl.o(i._ZN10__cxxabiv123__fundamental_type_infoD1Ev) for __cxxabiv1::__fundamental_type_info::~__fundamental_type_info()
    lib_rtti_impl.o(.constdata__ZTVN10__cxxabiv123__fundamental_type_infoE) refers to lib_rtti_impl.o(i._ZN10__cxxabiv123__fundamental_type_infoD0Ev) for __cxxabiv1::__fundamental_type_info::~__fundamental_type_info__deallocating()
    lib_rtti_impl.o(.constdata__ZTVN10__cxxabiv117__array_type_infoE) refers to lib_rtti_impl.o(.constdata__ZTIN10__cxxabiv117__array_type_infoE) for typeinfo for __cxxabiv1::__array_type_info
    lib_rtti_impl.o(.constdata__ZTVN10__cxxabiv117__array_type_infoE) refers to lib_rtti_impl.o(i._ZN10__cxxabiv117__array_type_infoD1Ev) for __cxxabiv1::__array_type_info::~__array_type_info()
    lib_rtti_impl.o(.constdata__ZTVN10__cxxabiv117__array_type_infoE) refers to lib_rtti_impl.o(i._ZN10__cxxabiv117__array_type_infoD0Ev) for __cxxabiv1::__array_type_info::~__array_type_info__deallocating()
    lib_rtti_impl.o(.constdata__ZTVN10__cxxabiv120__function_type_infoE) refers to lib_rtti_impl.o(.constdata__ZTIN10__cxxabiv120__function_type_infoE) for typeinfo for __cxxabiv1::__function_type_info
    lib_rtti_impl.o(.constdata__ZTVN10__cxxabiv120__function_type_infoE) refers to lib_rtti_impl.o(i._ZN10__cxxabiv120__function_type_infoD1Ev) for __cxxabiv1::__function_type_info::~__function_type_info()
    lib_rtti_impl.o(.constdata__ZTVN10__cxxabiv120__function_type_infoE) refers to lib_rtti_impl.o(i._ZN10__cxxabiv120__function_type_infoD0Ev) for __cxxabiv1::__function_type_info::~__function_type_info__deallocating()
    lib_rtti_impl.o(.constdata__ZTVN10__cxxabiv116__enum_type_infoE) refers to lib_rtti_impl.o(.constdata__ZTIN10__cxxabiv116__enum_type_infoE) for typeinfo for __cxxabiv1::__enum_type_info
    lib_rtti_impl.o(.constdata__ZTVN10__cxxabiv116__enum_type_infoE) refers to lib_rtti_impl.o(i._ZN10__cxxabiv116__enum_type_infoD1Ev) for __cxxabiv1::__enum_type_info::~__enum_type_info()
    lib_rtti_impl.o(.constdata__ZTVN10__cxxabiv116__enum_type_infoE) refers to lib_rtti_impl.o(i._ZN10__cxxabiv116__enum_type_infoD0Ev) for __cxxabiv1::__enum_type_info::~__enum_type_info__deallocating()
    lib_rtti_impl.o(.constdata__ZTVN10__cxxabiv117__class_type_infoE) refers to lib_rtti_impl.o(.constdata__ZTIN10__cxxabiv117__class_type_infoE) for typeinfo for __cxxabiv1::__class_type_info
    lib_rtti_impl.o(.constdata__ZTVN10__cxxabiv117__class_type_infoE) refers to lib_rtti_impl.o(i._ZN10__cxxabiv117__class_type_infoD1Ev) for __cxxabiv1::__class_type_info::~__class_type_info()
    lib_rtti_impl.o(.constdata__ZTVN10__cxxabiv117__class_type_infoE) refers to lib_rtti_impl.o(i._ZN10__cxxabiv117__class_type_infoD0Ev) for __cxxabiv1::__class_type_info::~__class_type_info__deallocating()
    lib_rtti_impl.o(.constdata__ZTVN10__cxxabiv120__si_class_type_infoE) refers to lib_rtti_impl.o(.constdata__ZTIN10__cxxabiv120__si_class_type_infoE) for typeinfo for __cxxabiv1::__si_class_type_info
    lib_rtti_impl.o(.constdata__ZTVN10__cxxabiv120__si_class_type_infoE) refers to lib_rtti_impl.o(i._ZN10__cxxabiv120__si_class_type_infoD1Ev) for __cxxabiv1::__si_class_type_info::~__si_class_type_info()
    lib_rtti_impl.o(.constdata__ZTVN10__cxxabiv120__si_class_type_infoE) refers to lib_rtti_impl.o(i._ZN10__cxxabiv120__si_class_type_infoD0Ev) for __cxxabiv1::__si_class_type_info::~__si_class_type_info__deallocating()
    lib_rtti_impl.o(.constdata__ZTVN10__cxxabiv121__vmi_class_type_infoE) refers to lib_rtti_impl.o(.constdata__ZTIN10__cxxabiv121__vmi_class_type_infoE) for typeinfo for __cxxabiv1::__vmi_class_type_info
    lib_rtti_impl.o(.constdata__ZTVN10__cxxabiv121__vmi_class_type_infoE) refers to lib_rtti_impl.o(i._ZN10__cxxabiv121__vmi_class_type_infoD1Ev) for __cxxabiv1::__vmi_class_type_info::~__vmi_class_type_info()
    lib_rtti_impl.o(.constdata__ZTVN10__cxxabiv121__vmi_class_type_infoE) refers to lib_rtti_impl.o(i._ZN10__cxxabiv121__vmi_class_type_infoD0Ev) for __cxxabiv1::__vmi_class_type_info::~__vmi_class_type_info__deallocating()
    lib_rtti_impl.o(.constdata__ZTVN10__cxxabiv117__pbase_type_infoE) refers to lib_rtti_impl.o(.constdata__ZTIN10__cxxabiv117__pbase_type_infoE) for typeinfo for __cxxabiv1::__pbase_type_info
    lib_rtti_impl.o(.constdata__ZTVN10__cxxabiv117__pbase_type_infoE) refers to lib_rtti_impl.o(i._ZN10__cxxabiv117__pbase_type_infoD1Ev) for __cxxabiv1::__pbase_type_info::~__pbase_type_info()
    lib_rtti_impl.o(.constdata__ZTVN10__cxxabiv117__pbase_type_infoE) refers to lib_rtti_impl.o(i._ZN10__cxxabiv117__pbase_type_infoD0Ev) for __cxxabiv1::__pbase_type_info::~__pbase_type_info__deallocating()
    lib_rtti_impl.o(.constdata__ZTVN10__cxxabiv119__pointer_type_infoE) refers to lib_rtti_impl.o(.constdata__ZTIN10__cxxabiv119__pointer_type_infoE) for typeinfo for __cxxabiv1::__pointer_type_info
    lib_rtti_impl.o(.constdata__ZTVN10__cxxabiv119__pointer_type_infoE) refers to lib_rtti_impl.o(i._ZN10__cxxabiv119__pointer_type_infoD1Ev) for __cxxabiv1::__pointer_type_info::~__pointer_type_info()
    lib_rtti_impl.o(.constdata__ZTVN10__cxxabiv119__pointer_type_infoE) refers to lib_rtti_impl.o(i._ZN10__cxxabiv119__pointer_type_infoD0Ev) for __cxxabiv1::__pointer_type_info::~__pointer_type_info__deallocating()
    lib_rtti_impl.o(.constdata__ZTVN10__cxxabiv129__pointer_to_member_type_infoE) refers to lib_rtti_impl.o(.constdata__ZTIN10__cxxabiv129__pointer_to_member_type_infoE) for typeinfo for __cxxabiv1::__pointer_to_member_type_info
    lib_rtti_impl.o(.constdata__ZTVN10__cxxabiv129__pointer_to_member_type_infoE) refers to lib_rtti_impl.o(i._ZN10__cxxabiv129__pointer_to_member_type_infoD1Ev) for __cxxabiv1::__pointer_to_member_type_info::~__pointer_to_member_type_info()
    lib_rtti_impl.o(.constdata__ZTVN10__cxxabiv129__pointer_to_member_type_infoE) refers to lib_rtti_impl.o(i._ZN10__cxxabiv129__pointer_to_member_type_infoD0Ev) for __cxxabiv1::__pointer_to_member_type_info::~__pointer_to_member_type_info__deallocating()
    lib_rtti_impl.o(.constdata__ZTIN10__cxxabiv123__fundamental_type_infoE) refers to lib_rtti_impl.o(.constdata__ZTVN10__cxxabiv120__si_class_type_infoE) for vtable for __cxxabiv1::__si_class_type_info
    lib_rtti_impl.o(.constdata__ZTIN10__cxxabiv123__fundamental_type_infoE) refers to lib_rtti_impl.o(.constdata__ZTSN10__cxxabiv123__fundamental_type_infoE) for typeinfo name for __cxxabiv1::__fundamental_type_info
    lib_rtti_impl.o(.constdata__ZTIN10__cxxabiv123__fundamental_type_infoE) refers to type_info_dtor.o(.constdata__ZTISt9type_info) for typeinfo for std::type_info
    lib_rtti_impl.o(.constdata__ZTIN10__cxxabiv117__array_type_infoE) refers to lib_rtti_impl.o(.constdata__ZTVN10__cxxabiv120__si_class_type_infoE) for vtable for __cxxabiv1::__si_class_type_info
    lib_rtti_impl.o(.constdata__ZTIN10__cxxabiv117__array_type_infoE) refers to lib_rtti_impl.o(.constdata__ZTSN10__cxxabiv117__array_type_infoE) for typeinfo name for __cxxabiv1::__array_type_info
    lib_rtti_impl.o(.constdata__ZTIN10__cxxabiv117__array_type_infoE) refers to type_info_dtor.o(.constdata__ZTISt9type_info) for typeinfo for std::type_info
    lib_rtti_impl.o(.constdata__ZTIN10__cxxabiv120__function_type_infoE) refers to lib_rtti_impl.o(.constdata__ZTVN10__cxxabiv120__si_class_type_infoE) for vtable for __cxxabiv1::__si_class_type_info
    lib_rtti_impl.o(.constdata__ZTIN10__cxxabiv120__function_type_infoE) refers to lib_rtti_impl.o(.constdata__ZTSN10__cxxabiv120__function_type_infoE) for typeinfo name for __cxxabiv1::__function_type_info
    lib_rtti_impl.o(.constdata__ZTIN10__cxxabiv120__function_type_infoE) refers to type_info_dtor.o(.constdata__ZTISt9type_info) for typeinfo for std::type_info
    lib_rtti_impl.o(.constdata__ZTIN10__cxxabiv116__enum_type_infoE) refers to lib_rtti_impl.o(.constdata__ZTVN10__cxxabiv120__si_class_type_infoE) for vtable for __cxxabiv1::__si_class_type_info
    lib_rtti_impl.o(.constdata__ZTIN10__cxxabiv116__enum_type_infoE) refers to lib_rtti_impl.o(.constdata__ZTSN10__cxxabiv116__enum_type_infoE) for typeinfo name for __cxxabiv1::__enum_type_info
    lib_rtti_impl.o(.constdata__ZTIN10__cxxabiv116__enum_type_infoE) refers to type_info_dtor.o(.constdata__ZTISt9type_info) for typeinfo for std::type_info
    lib_rtti_impl.o(.constdata__ZTIN10__cxxabiv117__class_type_infoE) refers to lib_rtti_impl.o(.constdata__ZTVN10__cxxabiv120__si_class_type_infoE) for vtable for __cxxabiv1::__si_class_type_info
    lib_rtti_impl.o(.constdata__ZTIN10__cxxabiv117__class_type_infoE) refers to lib_rtti_impl.o(.constdata__ZTSN10__cxxabiv117__class_type_infoE) for typeinfo name for __cxxabiv1::__class_type_info
    lib_rtti_impl.o(.constdata__ZTIN10__cxxabiv117__class_type_infoE) refers to type_info_dtor.o(.constdata__ZTISt9type_info) for typeinfo for std::type_info
    lib_rtti_impl.o(.constdata__ZTIN10__cxxabiv120__si_class_type_infoE) refers to lib_rtti_impl.o(.constdata__ZTVN10__cxxabiv120__si_class_type_infoE) for vtable for __cxxabiv1::__si_class_type_info
    lib_rtti_impl.o(.constdata__ZTIN10__cxxabiv120__si_class_type_infoE) refers to lib_rtti_impl.o(.constdata__ZTSN10__cxxabiv120__si_class_type_infoE) for typeinfo name for __cxxabiv1::__si_class_type_info
    lib_rtti_impl.o(.constdata__ZTIN10__cxxabiv120__si_class_type_infoE) refers to lib_rtti_impl.o(.constdata__ZTIN10__cxxabiv117__class_type_infoE) for typeinfo for __cxxabiv1::__class_type_info
    lib_rtti_impl.o(.constdata__ZTIN10__cxxabiv121__vmi_class_type_infoE) refers to lib_rtti_impl.o(.constdata__ZTVN10__cxxabiv120__si_class_type_infoE) for vtable for __cxxabiv1::__si_class_type_info
    lib_rtti_impl.o(.constdata__ZTIN10__cxxabiv121__vmi_class_type_infoE) refers to lib_rtti_impl.o(.constdata__ZTSN10__cxxabiv121__vmi_class_type_infoE) for typeinfo name for __cxxabiv1::__vmi_class_type_info
    lib_rtti_impl.o(.constdata__ZTIN10__cxxabiv121__vmi_class_type_infoE) refers to lib_rtti_impl.o(.constdata__ZTIN10__cxxabiv117__class_type_infoE) for typeinfo for __cxxabiv1::__class_type_info
    lib_rtti_impl.o(.constdata__ZTIN10__cxxabiv117__pbase_type_infoE) refers to lib_rtti_impl.o(.constdata__ZTVN10__cxxabiv120__si_class_type_infoE) for vtable for __cxxabiv1::__si_class_type_info
    lib_rtti_impl.o(.constdata__ZTIN10__cxxabiv117__pbase_type_infoE) refers to lib_rtti_impl.o(.constdata__ZTSN10__cxxabiv117__pbase_type_infoE) for typeinfo name for __cxxabiv1::__pbase_type_info
    lib_rtti_impl.o(.constdata__ZTIN10__cxxabiv117__pbase_type_infoE) refers to type_info_dtor.o(.constdata__ZTISt9type_info) for typeinfo for std::type_info
    lib_rtti_impl.o(.constdata__ZTIN10__cxxabiv119__pointer_type_infoE) refers to lib_rtti_impl.o(.constdata__ZTVN10__cxxabiv120__si_class_type_infoE) for vtable for __cxxabiv1::__si_class_type_info
    lib_rtti_impl.o(.constdata__ZTIN10__cxxabiv119__pointer_type_infoE) refers to lib_rtti_impl.o(.constdata__ZTSN10__cxxabiv119__pointer_type_infoE) for typeinfo name for __cxxabiv1::__pointer_type_info
    lib_rtti_impl.o(.constdata__ZTIN10__cxxabiv119__pointer_type_infoE) refers to lib_rtti_impl.o(.constdata__ZTIN10__cxxabiv117__pbase_type_infoE) for typeinfo for __cxxabiv1::__pbase_type_info
    lib_rtti_impl.o(.constdata__ZTIN10__cxxabiv129__pointer_to_member_type_infoE) refers to lib_rtti_impl.o(.constdata__ZTVN10__cxxabiv120__si_class_type_infoE) for vtable for __cxxabiv1::__si_class_type_info
    lib_rtti_impl.o(.constdata__ZTIN10__cxxabiv129__pointer_to_member_type_infoE) refers to lib_rtti_impl.o(.constdata__ZTSN10__cxxabiv129__pointer_to_member_type_infoE) for typeinfo name for __cxxabiv1::__pointer_to_member_type_info
    lib_rtti_impl.o(.constdata__ZTIN10__cxxabiv129__pointer_to_member_type_infoE) refers to lib_rtti_impl.o(.constdata__ZTIN10__cxxabiv117__pbase_type_infoE) for typeinfo for __cxxabiv1::__pbase_type_info
    type_info_dtor.o(.constdata__ZTVSt9type_info) refers to type_info_dtor.o(.constdata__ZTISt9type_info) for typeinfo for std::type_info
    type_info_dtor.o(.constdata__ZTVSt9type_info) refers to type_info_dtor.o(i._ZNSt9type_infoD1Ev) for std::type_info::~type_info()
    type_info_dtor.o(.constdata__ZTVSt9type_info) refers to type_info_dtor.o(i._ZNSt9type_infoD0Ev) for std::type_info::~type_info__deallocating()
    type_info_dtor.o(.constdata__ZTISt9type_info) refers to lib_rtti_impl.o(.constdata__ZTVN10__cxxabiv117__class_type_infoE) for vtable for __cxxabiv1::__class_type_info
    type_info_dtor.o(.constdata__ZTISt9type_info) refers to type_info_dtor.o(.constdata__ZTSSt9type_info) for typeinfo name for std::type_info


==============================================================================

Removing Unused input sections from the image.

    Removing main.o(.rev16_text), (4 bytes).
    Removing main.o(.revsh_text), (4 bytes).
    Removing main.o(.ARM.exidx), (8 bytes).
    Removing process.o(.rev16_text), (4 bytes).
    Removing process.o(.revsh_text), (4 bytes).
    Removing process.o(.ARM.exidx), (8 bytes).
    Removing protocol.o(.rev16_text), (4 bytes).
    Removing protocol.o(.revsh_text), (4 bytes).
    Removing protocol.o(.ARM.exidx), (8 bytes).
    Removing datachain.o(.rev16_text), (4 bytes).
    Removing datachain.o(.revsh_text), (4 bytes).
    Removing datachain.o(.ARM.exidx), (8 bytes).
    Removing ioout.o(.rev16_text), (4 bytes).
    Removing ioout.o(.revsh_text), (4 bytes).
    Removing ioout.o(.ARM.exidx), (8 bytes).
    Removing key.o(.rev16_text), (4 bytes).
    Removing key.o(.revsh_text), (4 bytes).
    Removing key.o(.text), (132 bytes).
    Removing key.o(.ARM.exidx), (8 bytes).
    Removing serialport.o(.rev16_text), (4 bytes).
    Removing serialport.o(.revsh_text), (4 bytes).
    Removing serialport.o(.ARM.exidx), (8 bytes).
    Removing timer.o(.rev16_text), (4 bytes).
    Removing timer.o(.revsh_text), (4 bytes).
    Removing timer.o(.ARM.exidx), (8 bytes).
    Removing stm32_systick.o(.rev16_text), (4 bytes).
    Removing stm32_systick.o(.revsh_text), (4 bytes).
    Removing stm32_adc.o(.rev16_text), (4 bytes).
    Removing stm32_adc.o(.revsh_text), (4 bytes).
    Removing stm32_priority.o(.rev16_text), (4 bytes).
    Removing stm32_priority.o(.revsh_text), (4 bytes).
    Removing stm32_gpio.o(.rev16_text), (4 bytes).
    Removing stm32_gpio.o(.revsh_text), (4 bytes).
    Removing misc.o(.rev16_text), (4 bytes).
    Removing misc.o(.revsh_text), (4 bytes).
    Removing stm32f10x_adc.o(.rev16_text), (4 bytes).
    Removing stm32f10x_adc.o(.revsh_text), (4 bytes).
    Removing stm32f10x_conf.o(.rev16_text), (4 bytes).
    Removing stm32f10x_conf.o(.revsh_text), (4 bytes).
    Removing stm32f10x_dma.o(.rev16_text), (4 bytes).
    Removing stm32f10x_dma.o(.revsh_text), (4 bytes).
    Removing stm32f10x_gpio.o(.rev16_text), (4 bytes).
    Removing stm32f10x_gpio.o(.revsh_text), (4 bytes).
    Removing stm32f10x_rcc.o(.rev16_text), (4 bytes).
    Removing stm32f10x_rcc.o(.revsh_text), (4 bytes).
    Removing stm32f10x_tim.o(.rev16_text), (4 bytes).
    Removing stm32f10x_tim.o(.revsh_text), (4 bytes).
    Removing stm32f10x_usart.o(.rev16_text), (4 bytes).
    Removing stm32f10x_usart.o(.revsh_text), (4 bytes).
    Removing system_stm32f10x.o(.rev16_text), (4 bytes).
    Removing system_stm32f10x.o(.revsh_text), (4 bytes).
    Removing datachain.o(.ARM.exidx), (8 bytes).

52 unused section(s) (total 372 bytes) removed from the image.

==============================================================================

Image Symbol Table

    Local Symbols

    Symbol Name                              Value     Ov Type        Size  Object(Section)

    ../../../edgfe/lib_src/arm_exceptions.c  0x00000000   Number         0  arm_exceptions_mem.o ABSOLUTE
    ../../../edgfe/lib_src/arm_exceptions.c  0x00000000   Number         0  arm_exceptions_globs.o ABSOLUTE
    ../../../edgfe/lib_src/arm_exceptions.c  0x00000000   Number         0  arm_exceptions_terminate.o ABSOLUTE
    ../../../edgfe/lib_src/arm_noexceptions.c 0x00000000   Number         0  arm_callunex_noexceptions.o ABSOLUTE
    ../../../edgfe/lib_src/arm_noexceptions.c 0x00000000   Number         0  arm_newhandler_noexceptions.o ABSOLUTE
    ../../../edgfe/lib_src/array_del.c       0x00000000   Number         0  array_del.o ABSOLUTE
    ../../../edgfe/lib_src/array_new.c       0x00000000   Number         0  array_new.o ABSOLUTE
    ../../../edgfe/lib_src/bad_alloc.c       0x00000000   Number         0  bad_alloc_dtor.o ABSOLUTE
    ../../../edgfe/lib_src/bad_alloc.c       0x00000000   Number         0  bad_alloc_what.o ABSOLUTE
    ../../../edgfe/lib_src/delete.c          0x00000000   Number         0  delete.o ABSOLUTE
    ../../../edgfe/lib_src/exception.c       0x00000000   Number         0  exception_what.o ABSOLUTE
    ../../../edgfe/lib_src/exception.c       0x00000000   Number         0  exception_dtor.o ABSOLUTE
    ../../../edgfe/lib_src/new.c             0x00000000   Number         0  new.o ABSOLUTE
    ../../../edgfe/lib_src/typeinfo.c        0x00000000   Number         0  lib_rtti_impl.o ABSOLUTE
    ../../../edgfe/lib_src/typeinfo.c        0x00000000   Number         0  type_info_dtor.o ABSOLUTE
    ../clib/microlib/cpp/cpp_init.c          0x00000000   Number         0  cpp_init.o ABSOLUTE
    ../clib/microlib/cpp/cpp_init.c          0x00000000   Number         0  cpp_init.o ABSOLUTE
    ../clib/microlib/cpp/cpp_memory.c        0x00000000   Number         0  cpp_memory.o ABSOLUTE
    ../clib/microlib/cpp/cpp_unwinder.c      0x00000000   Number         0  cpp_unwinder.o ABSOLUTE
    ../clib/microlib/init/entry.s            0x00000000   Number         0  entry2.o ABSOLUTE
    ../clib/microlib/init/entry.s            0x00000000   Number         0  entry5.o ABSOLUTE
    ../clib/microlib/init/entry.s            0x00000000   Number         0  entry7a.o ABSOLUTE
    ../clib/microlib/init/entry.s            0x00000000   Number         0  entry7b.o ABSOLUTE
    ../clib/microlib/init/entry.s            0x00000000   Number         0  entry9a.o ABSOLUTE
    ../clib/microlib/init/entry.s            0x00000000   Number         0  entry8a.o ABSOLUTE
    ../clib/microlib/init/entry.s            0x00000000   Number         0  entry9b.o ABSOLUTE
    ../clib/microlib/init/entry.s            0x00000000   Number         0  entry8b.o ABSOLUTE
    ../clib/microlib/init/entry.s            0x00000000   Number         0  entry10a.o ABSOLUTE
    ../clib/microlib/init/entry.s            0x00000000   Number         0  entry10b.o ABSOLUTE
    ../clib/microlib/init/entry.s            0x00000000   Number         0  entry11a.o ABSOLUTE
    ../clib/microlib/init/entry.s            0x00000000   Number         0  entry.o ABSOLUTE
    ../clib/microlib/init/entry.s            0x00000000   Number         0  entry11b.o ABSOLUTE
    ../clib/microlib/malloc/malloc.c         0x00000000   Number         0  mallocra.o ABSOLUTE
    ../clib/microlib/malloc/malloc.c         0x00000000   Number         0  malloca.o ABSOLUTE
    ../clib/microlib/malloc/malloc.c         0x00000000   Number         0  mallocr.o ABSOLUTE
    ../clib/microlib/malloc/malloc.c         0x00000000   Number         0  malloc.o ABSOLUTE
    ../clib/microlib/malloc/mvars.c          0x00000000   Number         0  mvars.o ABSOLUTE
    ../clib/microlib/stdlib/abort.c          0x00000000   Number         0  abort.o ABSOLUTE
    ../clib/microlib/string/memcpy.c         0x00000000   Number         0  memcpyb.o ABSOLUTE
    ../clib/microlib/string/memcpy.c         0x00000000   Number         0  memcpya.o ABSOLUTE
    dc.s                                     0x00000000   Number         0  dc.o ABSOLUTE
    handlers.s                               0x00000000   Number         0  handlers.o ABSOLUTE
    init.s                                   0x00000000   Number         0  init.o ABSOLUTE
    source\App\Process.cpp                   0x00000000   Number         0  process.o ABSOLUTE
    source\DataType\DataChain.cpp            0x00000000   Number         0  datachain.o ABSOLUTE
    source\DataType\IoOut.cpp                0x00000000   Number         0  ioout.o ABSOLUTE
    source\DataType\Key.cpp                  0x00000000   Number         0  key.o ABSOLUTE
    source\DataType\SerialPort.cpp           0x00000000   Number         0  serialport.o ABSOLUTE
    source\DataType\Timer.cpp                0x00000000   Number         0  timer.o ABSOLUTE
    source\Protocol\Protocol.cpp             0x00000000   Number         0  protocol.o ABSOLUTE
    source\STM32_CMSIS\startup_stm32f10x_md.s 0x00000000   Number         0  startup_stm32f10x_md.o ABSOLUTE
    source\STM32_CMSIS\system_stm32f10x.c    0x00000000   Number         0  system_stm32f10x.o ABSOLUTE
    source\STM32_Driver\STM32_ADC.c          0x00000000   Number         0  stm32_adc.o ABSOLUTE
    source\STM32_Driver\STM32_GPIO.c         0x00000000   Number         0  stm32_gpio.o ABSOLUTE
    source\STM32_Driver\STM32_Priority.c     0x00000000   Number         0  stm32_priority.o ABSOLUTE
    source\STM32_Driver\STM32_SysTick.c      0x00000000   Number         0  stm32_systick.o ABSOLUTE
    source\STM32_StdPeriph\misc.c            0x00000000   Number         0  misc.o ABSOLUTE
    source\STM32_StdPeriph\stm32f10x_adc.c   0x00000000   Number         0  stm32f10x_adc.o ABSOLUTE
    source\STM32_StdPeriph\stm32f10x_conf.c  0x00000000   Number         0  stm32f10x_conf.o ABSOLUTE
    source\STM32_StdPeriph\stm32f10x_dma.c   0x00000000   Number         0  stm32f10x_dma.o ABSOLUTE
    source\STM32_StdPeriph\stm32f10x_gpio.c  0x00000000   Number         0  stm32f10x_gpio.o ABSOLUTE
    source\STM32_StdPeriph\stm32f10x_rcc.c   0x00000000   Number         0  stm32f10x_rcc.o ABSOLUTE
    source\STM32_StdPeriph\stm32f10x_tim.c   0x00000000   Number         0  stm32f10x_tim.o ABSOLUTE
    source\STM32_StdPeriph\stm32f10x_usart.c 0x00000000   Number         0  stm32f10x_usart.o ABSOLUTE
    source\User\main.cpp                     0x00000000   Number         0  main.o ABSOLUTE
    source\\App\\Process.cpp                 0x00000000   Number         0  process.o ABSOLUTE
    source\\DataType\\DataChain.cpp          0x00000000   Number         0  datachain.o ABSOLUTE
    source\\DataType\\IoOut.cpp              0x00000000   Number         0  ioout.o ABSOLUTE
    source\\DataType\\Key.cpp                0x00000000   Number         0  key.o ABSOLUTE
    source\\DataType\\SerialPort.cpp         0x00000000   Number         0  serialport.o ABSOLUTE
    source\\DataType\\Timer.cpp              0x00000000   Number         0  timer.o ABSOLUTE
    source\\Protocol\\Protocol.cpp           0x00000000   Number         0  protocol.o ABSOLUTE
    source\\STM32_CMSIS\\system_stm32f10x.c  0x00000000   Number         0  system_stm32f10x.o ABSOLUTE
    source\\STM32_Driver\\STM32_ADC.c        0x00000000   Number         0  stm32_adc.o ABSOLUTE
    source\\STM32_Driver\\STM32_GPIO.c       0x00000000   Number         0  stm32_gpio.o ABSOLUTE
    source\\STM32_Driver\\STM32_Priority.c   0x00000000   Number         0  stm32_priority.o ABSOLUTE
    source\\STM32_Driver\\STM32_SysTick.c    0x00000000   Number         0  stm32_systick.o ABSOLUTE
    source\\STM32_StdPeriph\\misc.c          0x00000000   Number         0  misc.o ABSOLUTE
    source\\STM32_StdPeriph\\stm32f10x_adc.c 0x00000000   Number         0  stm32f10x_adc.o ABSOLUTE
    source\\STM32_StdPeriph\\stm32f10x_conf.c 0x00000000   Number         0  stm32f10x_conf.o ABSOLUTE
    source\\STM32_StdPeriph\\stm32f10x_dma.c 0x00000000   Number         0  stm32f10x_dma.o ABSOLUTE
    source\\STM32_StdPeriph\\stm32f10x_gpio.c 0x00000000   Number         0  stm32f10x_gpio.o ABSOLUTE
    source\\STM32_StdPeriph\\stm32f10x_rcc.c 0x00000000   Number         0  stm32f10x_rcc.o ABSOLUTE
    source\\STM32_StdPeriph\\stm32f10x_tim.c 0x00000000   Number         0  stm32f10x_tim.o ABSOLUTE
    source\\STM32_StdPeriph\\stm32f10x_usart.c 0x00000000   Number         0  stm32f10x_usart.o ABSOLUTE
    source\\User\\main.cpp                   0x00000000   Number         0  main.o ABSOLUTE
    RESET                                    0x08000000   Section      236  startup_stm32f10x_md.o(RESET)
    .ARM.Collect$$$$00000000                 0x080000ec   Section        0  entry.o(.ARM.Collect$$$$00000000)
    .ARM.Collect$$$$00000001                 0x080000ec   Section        4  entry2.o(.ARM.Collect$$$$00000001)
    .ARM.Collect$$$$00000004                 0x080000f0   Section        4  entry5.o(.ARM.Collect$$$$00000004)
    .ARM.Collect$$$$00000008                 0x080000f4   Section        0  entry7b.o(.ARM.Collect$$$$00000008)
    .ARM.Collect$$$$00000009                 0x080000f4   Section        4  entry8a.o(.ARM.Collect$$$$00000009)
    .ARM.Collect$$$$0000000A                 0x080000f8   Section        0  entry8b.o(.ARM.Collect$$$$0000000A)
    .ARM.Collect$$$$0000000B                 0x080000f8   Section        8  entry9a.o(.ARM.Collect$$$$0000000B)
    .ARM.Collect$$$$0000000D                 0x08000100   Section        0  entry10a.o(.ARM.Collect$$$$0000000D)
    .ARM.Collect$$$$0000000F                 0x08000100   Section        0  entry11a.o(.ARM.Collect$$$$0000000F)
    .ARM.Collect$$$$00002712                 0x08000100   Section        4  entry2.o(.ARM.Collect$$$$00002712)
    __lit__00000000                          0x08000100   Data           4  entry2.o(.ARM.Collect$$$$00002712)
    .text                                    0x08000104   Section        0  main.o(.text)
    .text                                    0x08000278   Section        0  process.o(.text)
    .text                                    0x08001138   Section        0  protocol.o(.text)
    .text                                    0x08001442   Section        0  datachain.o(.text)
    .text                                    0x0800150c   Section        0  ioout.o(.text)
    .text                                    0x080015c0   Section        0  serialport.o(.text)
    __sti___14_SerialPort_cpp                0x08001b59   Thumb Code    40  serialport.o(.text)
    .text                                    0x08001b98   Section        0  timer.o(.text)
    .text                                    0x08001de8   Section        0  stm32_systick.o(.text)
    SysTick_DelayXms                         0x08001e61   Thumb Code    70  stm32_systick.o(.text)
    .text                                    0x08001ee4   Section        0  stm32_adc.o(.text)
    ADC1_Config                              0x08001ee5   Thumb Code   236  stm32_adc.o(.text)
    ADC1_DMA_Config                          0x08001fd1   Thumb Code   122  stm32_adc.o(.text)
    ADC1_GPIO_Config                         0x0800204b   Thumb Code   112  stm32_adc.o(.text)
    ADC_MeanFilter                           0x080020db   Thumb Code    60  stm32_adc.o(.text)
    .text                                    0x08002144   Section        0  stm32_priority.o(.text)
    .text                                    0x08002174   Section        0  stm32_gpio.o(.text)
    .text                                    0x08002220   Section        0  misc.o(.text)
    .text                                    0x080022fc   Section        0  stm32f10x_adc.o(.text)
    .text                                    0x0800274c   Section        0  stm32f10x_dma.o(.text)
    .text                                    0x0800299c   Section        0  stm32f10x_gpio.o(.text)
    .text                                    0x08002cf4   Section        0  stm32f10x_rcc.o(.text)
    .text                                    0x08003098   Section        0  stm32f10x_tim.o(.text)
    TI4_Config                               0x0800353f   Thumb Code   130  stm32f10x_tim.o(.text)
    TI3_Config                               0x080035d3   Thumb Code   122  stm32f10x_tim.o(.text)
    TI2_Config                               0x08003667   Thumb Code   130  stm32f10x_tim.o(.text)
    TI1_Config                               0x080036fb   Thumb Code   108  stm32f10x_tim.o(.text)
    .text                                    0x08003eb4   Section        0  stm32f10x_usart.o(.text)
    .text                                    0x080042bc   Section        0  system_stm32f10x.o(.text)
    SetSysClockTo72                          0x080042bd   Thumb Code   212  system_stm32f10x.o(.text)
    SetSysClock                              0x08004391   Thumb Code     8  system_stm32f10x.o(.text)
    .text                                    0x08004498   Section       36  startup_stm32f10x_md.o(.text)
    .text                                    0x080044bc   Section        0  cpp_init.o(.text)
    .text                                    0x080044dc   Section        0  arm_newhandler_noexceptions.o(.text)
    .text                                    0x080044e0   Section        0  cpp_memory.o(.text)
    .text                                    0x080044e8   Section        0  cpp_unwinder.o(.text)
    .text                                    0x08004508   Section        0  arm_exceptions_terminate.o(.text)
    .text                                    0x08004524   Section       36  init.o(.text)
    .text                                    0x08004548   Section        0  arm_exceptions_globs.o(.text)
    __default_terminate_handler()            0x08004549   Thumb Code     6  arm_exceptions_globs.o(.text)
    .text                                    0x08004598   Section        0  arm_exceptions_mem.o(.text)
    i._ZN9ChainNodeC1EhPS_S0_                0x080045d4   Section        0  datachain.o(i._ZN9ChainNodeC1EhPS_S0_)
    i._ZdaPv                                 0x080045dc   Section        0  array_del.o(i._ZdaPv)
    i._ZdlPv                                 0x080045e4   Section        0  delete.o(i._ZdlPv)
    i._Znaj                                  0x080045ec   Section        0  array_new.o(i._Znaj)
    i._Znwj                                  0x080045f4   Section        0  new.o(i._Znwj)
    i.__scatterload_copy                     0x0800461c   Section       14  handlers.o(i.__scatterload_copy)
    i.__scatterload_null                     0x0800462a   Section        2  handlers.o(i.__scatterload_null)
    i.__scatterload_zeroinit                 0x0800462c   Section       14  handlers.o(i.__scatterload_zeroinit)
    i.free                                   0x0800463c   Section        0  malloc.o(i.free)
    i.malloc                                 0x0800468c   Section        0  malloc.o(i.malloc)
    .init_array                              0x08004718   Section        4  serialport.o(.init_array)
    .data                                    0x20000000   Section        8  main.o(.data)
    .data                                    0x20000008   Section       34  process.o(.data)
    tempLeftAdKeyValue                       0x20000008   Data           4  process.o(.data)
    countLeftAdKey                           0x2000000c   Data           4  process.o(.data)
    tempRightAdKeyValue                      0x20000010   Data           4  process.o(.data)
    countRightAdKey                          0x20000014   Data           4  process.o(.data)
    preLeftAdKey                             0x20000018   Data           4  process.o(.data)
    preRightAdKey                            0x2000001c   Data           4  process.o(.data)
    finalRightAdKey                          0x20000020   Data           4  process.o(.data)
    finalVedioSwitch                         0x20000024   Data           1  process.o(.data)
    finalSpeed                               0x20000025   Data           1  process.o(.data)
    powerOffHardWareCountDown                0x20000026   Data           1  process.o(.data)
    padOffDelayCount                         0x20000027   Data           1  process.o(.data)
    padInsertCount                           0x20000028   Data           1  process.o(.data)
    showCount                                0x20000029   Data           1  process.o(.data)
    .data                                    0x2000002a   Section        4  stm32_systick.o(.data)
    fac_us                                   0x2000002a   Data           1  stm32_systick.o(.data)
    fac_ms                                   0x2000002c   Data           2  stm32_systick.o(.data)
    .data                                    0x2000002e   Section       20  stm32f10x_rcc.o(.data)
    APBAHBPrescTable                         0x2000002e   Data          16  stm32f10x_rcc.o(.data)
    ADCPrescTable                            0x2000003e   Data           4  stm32f10x_rcc.o(.data)
    .data                                    0x20000044   Section       20  system_stm32f10x.o(.data)
    .data                                    0x20000058   Section        4  cpp_memory.o(.data)
    handler_pointer                          0x20000058   Data           4  cpp_memory.o(.data)
    .data                                    0x2000005c   Section        8  cpp_unwinder.o(.data)
    eh                                       0x2000005c   Data           4  cpp_unwinder.o(.data)
    eh_p                                     0x20000060   Data           4  cpp_unwinder.o(.data)
    .data                                    0x20000064   Section        4  mvars.o(.data)
    .data                                    0x20000068   Section        4  mvars.o(.data)
    .bss                                     0x2000006c   Section      504  serialport.o(.bss)
    .bss                                     0x20000264   Section      198  stm32_adc.o(.bss)
    HEAP                                     0x20000330   Section     4096  startup_stm32f10x_md.o(HEAP)
    STACK                                    0x20001330   Section     1536  startup_stm32f10x_md.o(STACK)

    Global Symbols

    Symbol Name                              Value     Ov Type        Size  Object(Section)

    BuildAttributes$$THM_ISAv4$P$D$K$B$S$PE$A:L22UL41UL21$X:L11$S22US41US21$IEEE1$IW$USESV6$~STKCKD$USESV7$~SHL$OSPACE$EBA8$UX$MICROLIB$REQ8$PRES8$EABIv2 0x00000000   Number         0  anon$$obj.o ABSOLUTE
    __ARM_use_no_argv                        0x00000000   Number         0  main.o ABSOLUTE
    __ARM::default_unexpected_handler()       - Undefined Weak Reference
    __ARM_exceptions_buffer_required          - Undefined Weak Reference
    __cxa_finalize                            - Undefined Weak Reference
    __decompress                              - Undefined Weak Reference
    _clock_init                               - Undefined Weak Reference
    _microlib_exit                            - Undefined Weak Reference
    __Vectors_Size                           0x000000ec   Number         0  startup_stm32f10x_md.o ABSOLUTE
    __Vectors                                0x08000000   Data           4  startup_stm32f10x_md.o(RESET)
    __Vectors_End                            0x080000ec   Data           0  startup_stm32f10x_md.o(RESET)
    __main                                   0x080000ed   Thumb Code     0  entry.o(.ARM.Collect$$$$00000000)
    _main_stk                                0x080000ed   Thumb Code     0  entry2.o(.ARM.Collect$$$$00000001)
    _main_scatterload                        0x080000f1   Thumb Code     0  entry5.o(.ARM.Collect$$$$00000004)
    __main_after_scatterload                 0x080000f5   Thumb Code     0  entry5.o(.ARM.Collect$$$$00000004)
    _main_clock                              0x080000f5   Thumb Code     0  entry7b.o(.ARM.Collect$$$$00000008)
    _main_cpp_init$empty                     0x080000f5   Thumb Code     0  entry8a.o(.ARM.Collect$$$$00000009)
    _main_cpp_init                           0x080000f9   Thumb Code     0  entry8b.o(.ARM.Collect$$$$0000000A)
    _main_init                               0x080000f9   Thumb Code     0  entry9a.o(.ARM.Collect$$$$0000000B)
    __rt_final_cpp                           0x08000101   Thumb Code     0  entry10a.o(.ARM.Collect$$$$0000000D)
    __rt_final_exit                          0x08000101   Thumb Code     0  entry11a.o(.ARM.Collect$$$$0000000F)
    main                                     0x08000105   Thumb Code    94  main.o(.text)
    TIM2_IRQHandler                          0x08000163   Thumb Code    46  main.o(.text)
    TIM3_IRQHandler                          0x08000191   Thumb Code    38  main.o(.text)
    TIM4_IRQHandler                          0x080001b7   Thumb Code    38  main.o(.text)
    NMI_Handler                              0x080001dd   Thumb Code    12  main.o(.text)
    HardFault_Handler                        0x080001e9   Thumb Code    18  main.o(.text)
    MemManage_Handler                        0x080001fb   Thumb Code    28  main.o(.text)
    BusFault_Handler                         0x08000217   Thumb Code    20  main.o(.text)
    UsageFault_Handler                       0x0800022b   Thumb Code    20  main.o(.text)
    SVC_Handler                              0x0800023f   Thumb Code    12  main.o(.text)
    DebugMon_Handler                         0x0800024b   Thumb Code    12  main.o(.text)
    PendSV_Handler                           0x08000257   Thumb Code    12  main.o(.text)
    SysTick_Handler                          0x08000263   Thumb Code     2  main.o(.text)
    Process::setPowerLed()                   0x08000279   Thumb Code   354  process.o(.text)
    Process::setPowerState(bool)             0x080003db   Thumb Code    24  process.o(.text)
    Process::setCom2Data()                   0x080003f3   Thumb Code    54  process.o(.text)
    Process::setCom1Data()                   0x08000429   Thumb Code    56  process.o(.text)
    Process::initAllData()                   0x08000461   Thumb Code   158  process.o(.text)
    Process::initTimers()                    0x080004ff   Thumb Code   120  process.o(.text)
    Process::initUsarts()                    0x08000577   Thumb Code    70  process.o(.text)
    Process::initADs()                       0x080005bd   Thumb Code    10  process.o(.text)
    Process::initIo()                        0x080005c7   Thumb Code   382  process.o(.text)
    Process::enable_SWD_disable_Jtag()       0x08000745   Thumb Code    22  process.o(.text)
    Process::Process()                       0x0800075b   Thumb Code    78  process.o(.text)
    Process::Process__sub_object()           0x0800075b   Thumb Code     0  process.o(.text)
    Process::dealBotData()                   0x080007a9   Thumb Code    48  process.o(.text)
    Process::getAdKeyValue()                 0x080007d9   Thumb Code   540  process.o(.text)
    Process::getBatValue()                   0x080009f5   Thumb Code    32  process.o(.text)
    Process::getJoyStickValue()              0x08000a15   Thumb Code   332  process.o(.text)
    Process::runOnTime2()                    0x08000b61   Thumb Code    38  process.o(.text)
    Process::dealPadData()                   0x08000b87   Thumb Code    36  process.o(.text)
    Process::setCtrData()                    0x08000bab   Thumb Code   700  process.o(.text)
    Process::runOnTime3()                    0x08000e67   Thumb Code    60  process.o(.text)
    Process::runOnTime4()                    0x08000ea3   Thumb Code    32  process.o(.text)
    Process::openPeriph()                    0x08000ec3   Thumb Code    42  process.o(.text)
    Process::getKeyValue()                   0x08000eed   Thumb Code     2  process.o(.text)
    Process::setVedioCh(unsigned char)       0x08000eef   Thumb Code   242  process.o(.text)
    Process::setDataCh(unsigned char)        0x08000fe1   Thumb Code   142  process.o(.text)
    Process::setChannel(unsigned char)       0x0800106f   Thumb Code   172  process.o(.text)
    Process::testWithUsart()                 0x0800111b   Thumb Code    24  process.o(.text)
    Protocol::com1st_Init()                  0x08001139   Thumb Code    76  protocol.o(.text)
    Protocol::Protocol(SerialPort*)          0x08001185   Thumb Code    18  protocol.o(.text)
    Protocol::Protocol__sub_object(SerialPort*) 0x08001185   Thumb Code     0  protocol.o(.text)
    Protocol::com2nd_Init()                  0x08001197   Thumb Code    76  protocol.o(.text)
    Protocol::Protocol(SerialPort*, SerialPort*) 0x080011e3   Thumb Code    28  protocol.o(.text)
    Protocol::Protocol__sub_object(SerialPort*, SerialPort*) 0x080011e3   Thumb Code     0  protocol.o(.text)
    Protocol::~Protocol()                    0x080011ff   Thumb Code    64  protocol.o(.text)
    Protocol::~Protocol__sub_object()        0x080011ff   Thumb Code     0  protocol.o(.text)
    Protocol::com1st_UpdateSendBuf(unsigned char*) 0x0800123f   Thumb Code    70  protocol.o(.text)
    Protocol::com1st_Send()                  0x08001285   Thumb Code    16  protocol.o(.text)
    Protocol::com1st_Receive()               0x08001295   Thumb Code   166  protocol.o(.text)
    Protocol::com1st_GetData()               0x0800133b   Thumb Code     6  protocol.o(.text)
    Protocol::com2nd_UpdateSendBuf(unsigned char*) 0x08001341   Thumb Code    70  protocol.o(.text)
    Protocol::com2nd_Send()                  0x08001387   Thumb Code    16  protocol.o(.text)
    Protocol::com2nd_Receive()               0x08001397   Thumb Code   166  protocol.o(.text)
    Protocol::com2nd_GetData()               0x0800143d   Thumb Code     6  protocol.o(.text)
    RingChain::RingChain(int)                0x08001443   Thumb Code   112  datachain.o(.text)
    RingChain::RingChain__sub_object(int)    0x08001443   Thumb Code     0  datachain.o(.text)
    RingChain::~RingChain()                  0x080014b3   Thumb Code    54  datachain.o(.text)
    RingChain::~RingChain__sub_object()      0x080014b3   Thumb Code     0  datachain.o(.text)
    RingChain::getData()                     0x080014e9   Thumb Code     8  datachain.o(.text)
    RingChain::next()                        0x080014f1   Thumb Code     8  datachain.o(.text)
    RingChain::previous()                    0x080014f9   Thumb Code     8  datachain.o(.text)
    RingChain::getLen()                      0x08001501   Thumb Code     6  datachain.o(.text)
    RingChain::setData(unsigned char)        0x08001507   Thumb Code     6  datachain.o(.text)
    IoOut::setOff()                          0x0800150d   Thumb Code    28  ioout.o(.text)
    IoOut::initIo()                          0x08001529   Thumb Code    58  ioout.o(.text)
    IoOut::IoOut(GPIO_TypeDef*, unsigned short, bool) 0x08001563   Thumb Code    30  ioout.o(.text)
    IoOut::IoOut__sub_object(GPIO_TypeDef*, unsigned short, bool) 0x08001563   Thumb Code     0  ioout.o(.text)
    IoOut::~IoOut()                          0x08001581   Thumb Code     2  ioout.o(.text)
    IoOut::~IoOut__sub_object()              0x08001581   Thumb Code     0  ioout.o(.text)
    IoOut::setOn()                           0x08001583   Thumb Code    28  ioout.o(.text)
    IoOut::reverseState()                    0x0800159f   Thumb Code    30  ioout.o(.text)
    USART_data_t::enableTX()                 0x080015c1   Thumb Code    26  serialport.o(.text)
    USART_data_t::dataRegEmpty()             0x080015db   Thumb Code    72  serialport.o(.text)
    USART_data_t::rxComplete()               0x08001623   Thumb Code    58  serialport.o(.text)
    USART1_IRQHandler                        0x0800165d   Thumb Code    50  serialport.o(.text)
    USART2_IRQHandler                        0x0800168f   Thumb Code    50  serialport.o(.text)
    USART3_IRQHandler                        0x080016c1   Thumb Code    50  serialport.o(.text)
    UART4_IRQHandler                         0x080016f3   Thumb Code    50  serialport.o(.text)
    UART5_IRQHandler                         0x08001725   Thumb Code    50  serialport.o(.text)
    USART_data_t::USART_data_t()             0x08001757   Thumb Code    34  serialport.o(.text)
    USART_data_t::USART_data_t__sub_object() 0x08001757   Thumb Code     0  serialport.o(.text)
    USART_data_t::txBuffer_GetFreeStatus()   0x08001779   Thumb Code    28  serialport.o(.text)
    USART_data_t::txBuffer_SendAll()         0x08001795   Thumb Code    22  serialport.o(.text)
    USART_data_t::txBuffer_PutByte(unsigned char) 0x080017ab   Thumb Code    62  serialport.o(.text)
    USART_data_t::rxBuffer_GetAvailableStatus() 0x080017e9   Thumb Code    22  serialport.o(.text)
    USART_data_t::rxBuffer_GetByte()         0x080017ff   Thumb Code    26  serialport.o(.text)
    USART_data_t::disabledTX()               0x08001819   Thumb Code    26  serialport.o(.text)
    SerialPort::usartConfig(USART_TypeDef*, unsigned, unsigned short) 0x08001833   Thumb Code    54  serialport.o(.text)
    SerialPort::close()                      0x08001869   Thumb Code    26  serialport.o(.text)
    SerialPort::usartGpioInit()              0x08001883   Thumb Code   236  serialport.o(.text)
    SerialPort::initUsart()                  0x0800196f   Thumb Code   150  serialport.o(.text)
    SerialPort::SerialPort(int, int)         0x08001a05   Thumb Code    22  serialport.o(.text)
    SerialPort::SerialPort__sub_object(int, int) 0x08001a05   Thumb Code     0  serialport.o(.text)
    SerialPort::~SerialPort()                0x08001a1b   Thumb Code    18  serialport.o(.text)
    SerialPort::~SerialPort__sub_object()    0x08001a1b   Thumb Code     0  serialport.o(.text)
    SerialPort::getPort()                    0x08001a2d   Thumb Code     6  serialport.o(.text)
    SerialPort::readAllow()                  0x08001a33   Thumb Code    90  serialport.o(.text)
    SerialPort::getChar()                    0x08001a8d   Thumb Code    12  serialport.o(.text)
    SerialPort::putChar(unsigned char)       0x08001a99   Thumb Code    24  serialport.o(.text)
    SerialPort::write(unsigned char*, unsigned char) 0x08001ab1   Thumb Code    38  serialport.o(.text)
    SerialPort::writeLine(const char*)       0x08001ad7   Thumb Code    32  serialport.o(.text)
    SerialPort::open()                       0x08001af7   Thumb Code    26  serialport.o(.text)
    SerialPort::setRS485CtrTx(GPIO_TypeDef*, unsigned short) 0x08001b11   Thumb Code    44  serialport.o(.text)
    SerialPort::setPriority(unsigned char, unsigned char) 0x08001b3d   Thumb Code    28  serialport.o(.text)
    Timer::stop()                            0x08001b99   Thumb Code    14  timer.o(.text)
    Timer::setPriority(unsigned char, unsigned char) 0x08001ba7   Thumb Code    28  timer.o(.text)
    Timer::setTimeOut(int)                   0x08001bc3   Thumb Code   206  timer.o(.text)
    Timer::Timer(TIM_TypeDef*, int)          0x08001c91   Thumb Code   210  timer.o(.text)
    Timer::Timer__sub_object(TIM_TypeDef*, int) 0x08001c91   Thumb Code     0  timer.o(.text)
    Timer::~Timer()                          0x08001d63   Thumb Code    20  timer.o(.text)
    Timer::~Timer__sub_object()              0x08001d63   Thumb Code     0  timer.o(.text)
    Timer::start()                           0x08001d77   Thumb Code    14  timer.o(.text)
    Timer::start(TIM_TypeDef*)               0x08001d85   Thumb Code    16  timer.o(.text)
    Timer::stop(TIM_TypeDef*)                0x08001d95   Thumb Code    16  timer.o(.text)
    Timer::getITStatus(TIM_TypeDef*)         0x08001da5   Thumb Code    16  timer.o(.text)
    Timer::clearITPendingBit(TIM_TypeDef*)   0x08001db5   Thumb Code    16  timer.o(.text)
    SysTick_Init                             0x08001de9   Thumb Code    50  stm32_systick.o(.text)
    SysTick_DelayUs                          0x08001e1b   Thumb Code    70  stm32_systick.o(.text)
    SysTick_DelayMs                          0x08001ea7   Thumb Code    46  stm32_systick.o(.text)
    ADC1_DMA_Init                            0x080020bb   Thumb Code    32  stm32_adc.o(.text)
    DMA1_Channel1_IRQHandler                 0x08002117   Thumb Code    22  stm32_adc.o(.text)
    setSystemPriorityGroup                   0x08002145   Thumb Code    12  stm32_priority.o(.text)
    setIRQPriority                           0x08002151   Thumb Code    34  stm32_priority.o(.text)
    STM32_GpioOneInit                        0x08002175   Thumb Code   142  stm32_gpio.o(.text)
    NVIC_PriorityGroupConfig                 0x08002221   Thumb Code    10  misc.o(.text)
    NVIC_Init                                0x0800222b   Thumb Code   102  misc.o(.text)
    NVIC_SetVectorTable                      0x08002291   Thumb Code    14  misc.o(.text)
    NVIC_SystemLPConfig                      0x0800229f   Thumb Code    34  misc.o(.text)
    SysTick_CLKSourceConfig                  0x080022c1   Thumb Code    40  misc.o(.text)
    ADC_DeInit                               0x080022fd   Thumb Code    78  stm32f10x_adc.o(.text)
    ADC_Init                                 0x0800234b   Thumb Code    70  stm32f10x_adc.o(.text)
    ADC_StructInit                           0x08002391   Thumb Code    18  stm32f10x_adc.o(.text)
    ADC_Cmd                                  0x080023a3   Thumb Code    22  stm32f10x_adc.o(.text)
    ADC_DMACmd                               0x080023b9   Thumb Code    22  stm32f10x_adc.o(.text)
    ADC_ITConfig                             0x080023cf   Thumb Code    24  stm32f10x_adc.o(.text)
    ADC_ResetCalibration                     0x080023e7   Thumb Code    10  stm32f10x_adc.o(.text)
    ADC_GetResetCalibrationStatus            0x080023f1   Thumb Code    20  stm32f10x_adc.o(.text)
    ADC_StartCalibration                     0x08002405   Thumb Code    10  stm32f10x_adc.o(.text)
    ADC_GetCalibrationStatus                 0x0800240f   Thumb Code    20  stm32f10x_adc.o(.text)
    ADC_SoftwareStartConvCmd                 0x08002423   Thumb Code    22  stm32f10x_adc.o(.text)
    ADC_GetSoftwareStartConvStatus           0x08002439   Thumb Code    20  stm32f10x_adc.o(.text)
    ADC_DiscModeChannelCountConfig           0x0800244d   Thumb Code    24  stm32f10x_adc.o(.text)
    ADC_DiscModeCmd                          0x08002465   Thumb Code    22  stm32f10x_adc.o(.text)
    ADC_RegularChannelConfig                 0x0800247b   Thumb Code   184  stm32f10x_adc.o(.text)
    ADC_ExternalTrigConvCmd                  0x08002533   Thumb Code    22  stm32f10x_adc.o(.text)
    ADC_GetConversionValue                   0x08002549   Thumb Code     8  stm32f10x_adc.o(.text)
    ADC_GetDualModeConversionValue           0x08002551   Thumb Code     8  stm32f10x_adc.o(.text)
    ADC_AutoInjectedConvCmd                  0x08002559   Thumb Code    22  stm32f10x_adc.o(.text)
    ADC_InjectedDiscModeCmd                  0x0800256f   Thumb Code    22  stm32f10x_adc.o(.text)
    ADC_ExternalTrigInjectedConvConfig       0x08002585   Thumb Code    16  stm32f10x_adc.o(.text)
    ADC_ExternalTrigInjectedConvCmd          0x08002595   Thumb Code    22  stm32f10x_adc.o(.text)
    ADC_SoftwareStartInjectedConvCmd         0x080025ab   Thumb Code    22  stm32f10x_adc.o(.text)
    ADC_GetSoftwareStartInjectedConvCmdStatus 0x080025c1   Thumb Code    20  stm32f10x_adc.o(.text)
    ADC_InjectedChannelConfig                0x080025d5   Thumb Code   130  stm32f10x_adc.o(.text)
    ADC_InjectedSequencerLengthConfig        0x08002657   Thumb Code    24  stm32f10x_adc.o(.text)
    ADC_SetInjectedOffset                    0x0800266f   Thumb Code    20  stm32f10x_adc.o(.text)
    ADC_GetInjectedConversionValue           0x08002683   Thumb Code    28  stm32f10x_adc.o(.text)
    ADC_AnalogWatchdogCmd                    0x0800269f   Thumb Code    16  stm32f10x_adc.o(.text)
    ADC_AnalogWatchdogThresholdsConfig       0x080026af   Thumb Code     6  stm32f10x_adc.o(.text)
    ADC_AnalogWatchdogSingleChannelConfig    0x080026b5   Thumb Code    16  stm32f10x_adc.o(.text)
    ADC_TempSensorVrefintCmd                 0x080026c5   Thumb Code    64  stm32f10x_adc.o(.text)
    ADC_GetFlagStatus                        0x08002705   Thumb Code    18  stm32f10x_adc.o(.text)
    ADC_ClearFlag                            0x08002717   Thumb Code     6  stm32f10x_adc.o(.text)
    ADC_GetITStatus                          0x0800271d   Thumb Code    36  stm32f10x_adc.o(.text)
    ADC_ClearITPendingBit                    0x08002741   Thumb Code    10  stm32f10x_adc.o(.text)
    DMA_DeInit                               0x0800274d   Thumb Code   324  stm32f10x_dma.o(.text)
    DMA_Init                                 0x08002891   Thumb Code    60  stm32f10x_dma.o(.text)
    DMA_StructInit                           0x080028cd   Thumb Code    26  stm32f10x_dma.o(.text)
    DMA_Cmd                                  0x080028e7   Thumb Code    24  stm32f10x_dma.o(.text)
    DMA_ITConfig                             0x080028ff   Thumb Code    18  stm32f10x_dma.o(.text)
    DMA_SetCurrDataCounter                   0x08002911   Thumb Code     4  stm32f10x_dma.o(.text)
    DMA_GetCurrDataCounter                   0x08002915   Thumb Code     8  stm32f10x_dma.o(.text)
    DMA_GetFlagStatus                        0x0800291d   Thumb Code    38  stm32f10x_dma.o(.text)
    DMA_ClearFlag                            0x08002943   Thumb Code    22  stm32f10x_dma.o(.text)
    DMA_GetITStatus                          0x08002959   Thumb Code    38  stm32f10x_dma.o(.text)
    DMA_ClearITPendingBit                    0x0800297f   Thumb Code    22  stm32f10x_dma.o(.text)
    GPIO_DeInit                              0x0800299d   Thumb Code   172  stm32f10x_gpio.o(.text)
    GPIO_AFIODeInit                          0x08002a49   Thumb Code    20  stm32f10x_gpio.o(.text)
    GPIO_Init                                0x08002a5d   Thumb Code   274  stm32f10x_gpio.o(.text)
    GPIO_StructInit                          0x08002b6f   Thumb Code    16  stm32f10x_gpio.o(.text)
    GPIO_ReadInputDataBit                    0x08002b7f   Thumb Code    18  stm32f10x_gpio.o(.text)
    GPIO_ReadInputData                       0x08002b91   Thumb Code     8  stm32f10x_gpio.o(.text)
    GPIO_ReadOutputDataBit                   0x08002b99   Thumb Code    18  stm32f10x_gpio.o(.text)
    GPIO_ReadOutputData                      0x08002bab   Thumb Code     8  stm32f10x_gpio.o(.text)
    GPIO_SetBits                             0x08002bb3   Thumb Code     4  stm32f10x_gpio.o(.text)
    GPIO_ResetBits                           0x08002bb7   Thumb Code     4  stm32f10x_gpio.o(.text)
    GPIO_WriteBit                            0x08002bbb   Thumb Code    10  stm32f10x_gpio.o(.text)
    GPIO_Write                               0x08002bc5   Thumb Code     4  stm32f10x_gpio.o(.text)
    GPIO_PinLockConfig                       0x08002bc9   Thumb Code    18  stm32f10x_gpio.o(.text)
    GPIO_EventOutputConfig                   0x08002bdb   Thumb Code    26  stm32f10x_gpio.o(.text)
    GPIO_EventOutputCmd                      0x08002bf5   Thumb Code     6  stm32f10x_gpio.o(.text)
    GPIO_PinRemapConfig                      0x08002bfb   Thumb Code   138  stm32f10x_gpio.o(.text)
    GPIO_EXTILineConfig                      0x08002c85   Thumb Code    66  stm32f10x_gpio.o(.text)
    GPIO_ETH_MediaInterfaceConfig            0x08002cc7   Thumb Code     6  stm32f10x_gpio.o(.text)
    RCC_DeInit                               0x08002cf5   Thumb Code    64  stm32f10x_rcc.o(.text)
    RCC_HSEConfig                            0x08002d35   Thumb Code    70  stm32f10x_rcc.o(.text)
    RCC_GetFlagStatus                        0x08002d7b   Thumb Code    56  stm32f10x_rcc.o(.text)
    RCC_WaitForHSEStartUp                    0x08002db3   Thumb Code    56  stm32f10x_rcc.o(.text)
    RCC_AdjustHSICalibrationValue            0x08002deb   Thumb Code    20  stm32f10x_rcc.o(.text)
    RCC_HSICmd                               0x08002dff   Thumb Code     6  stm32f10x_rcc.o(.text)
    RCC_PLLConfig                            0x08002e05   Thumb Code    24  stm32f10x_rcc.o(.text)
    RCC_PLLCmd                               0x08002e1d   Thumb Code     6  stm32f10x_rcc.o(.text)
    RCC_SYSCLKConfig                         0x08002e23   Thumb Code    18  stm32f10x_rcc.o(.text)
    RCC_GetSYSCLKSource                      0x08002e35   Thumb Code    10  stm32f10x_rcc.o(.text)
    RCC_HCLKConfig                           0x08002e3f   Thumb Code    18  stm32f10x_rcc.o(.text)
    RCC_PCLK1Config                          0x08002e51   Thumb Code    18  stm32f10x_rcc.o(.text)
    RCC_PCLK2Config                          0x08002e63   Thumb Code    20  stm32f10x_rcc.o(.text)
    RCC_ITConfig                             0x08002e77   Thumb Code    26  stm32f10x_rcc.o(.text)
    RCC_USBCLKConfig                         0x08002e91   Thumb Code     6  stm32f10x_rcc.o(.text)
    RCC_ADCCLKConfig                         0x08002e97   Thumb Code    18  stm32f10x_rcc.o(.text)
    RCC_LSEConfig                            0x08002ea9   Thumb Code    44  stm32f10x_rcc.o(.text)
    RCC_LSICmd                               0x08002ed5   Thumb Code     6  stm32f10x_rcc.o(.text)
    RCC_RTCCLKConfig                         0x08002edb   Thumb Code    12  stm32f10x_rcc.o(.text)
    RCC_RTCCLKCmd                            0x08002ee7   Thumb Code     8  stm32f10x_rcc.o(.text)
    RCC_GetClocksFreq                        0x08002eef   Thumb Code   192  stm32f10x_rcc.o(.text)
    RCC_AHBPeriphClockCmd                    0x08002faf   Thumb Code    26  stm32f10x_rcc.o(.text)
    RCC_APB2PeriphClockCmd                   0x08002fc9   Thumb Code    26  stm32f10x_rcc.o(.text)
    RCC_APB1PeriphClockCmd                   0x08002fe3   Thumb Code    26  stm32f10x_rcc.o(.text)
    RCC_APB2PeriphResetCmd                   0x08002ffd   Thumb Code    26  stm32f10x_rcc.o(.text)
    RCC_APB1PeriphResetCmd                   0x08003017   Thumb Code    26  stm32f10x_rcc.o(.text)
    RCC_BackupResetCmd                       0x08003031   Thumb Code     8  stm32f10x_rcc.o(.text)
    RCC_ClockSecuritySystemCmd               0x08003039   Thumb Code     6  stm32f10x_rcc.o(.text)
    RCC_MCOConfig                            0x0800303f   Thumb Code     6  stm32f10x_rcc.o(.text)
    RCC_ClearFlag                            0x08003045   Thumb Code    14  stm32f10x_rcc.o(.text)
    RCC_GetITStatus                          0x08003053   Thumb Code    20  stm32f10x_rcc.o(.text)
    RCC_ClearITPendingBit                    0x08003067   Thumb Code     6  stm32f10x_rcc.o(.text)
    TIM_DeInit                               0x08003099   Thumb Code   424  stm32f10x_tim.o(.text)
    TIM_TimeBaseInit                         0x08003241   Thumb Code   122  stm32f10x_tim.o(.text)
    TIM_OC1Init                              0x080032bb   Thumb Code   132  stm32f10x_tim.o(.text)
    TIM_OC2Init                              0x0800333f   Thumb Code   154  stm32f10x_tim.o(.text)
    TIM_OC3Init                              0x080033d9   Thumb Code   150  stm32f10x_tim.o(.text)
    TIM_OC4Init                              0x0800346f   Thumb Code   182  stm32f10x_tim.o(.text)
    TIM_SetIC4Prescaler                      0x08003525   Thumb Code    26  stm32f10x_tim.o(.text)
    TIM_SetIC3Prescaler                      0x080035c1   Thumb Code    18  stm32f10x_tim.o(.text)
    TIM_SetIC2Prescaler                      0x0800364d   Thumb Code    26  stm32f10x_tim.o(.text)
    TIM_SetIC1Prescaler                      0x080036e9   Thumb Code    18  stm32f10x_tim.o(.text)
    TIM_ICInit                               0x08003767   Thumb Code   150  stm32f10x_tim.o(.text)
    TIM_PWMIConfig                           0x080037fd   Thumb Code   124  stm32f10x_tim.o(.text)
    TIM_BDTRConfig                           0x08003879   Thumb Code    32  stm32f10x_tim.o(.text)
    TIM_TimeBaseStructInit                   0x08003899   Thumb Code    18  stm32f10x_tim.o(.text)
    TIM_OCStructInit                         0x080038ab   Thumb Code    20  stm32f10x_tim.o(.text)
    TIM_ICStructInit                         0x080038bf   Thumb Code    18  stm32f10x_tim.o(.text)
    TIM_BDTRStructInit                       0x080038d1   Thumb Code    40  stm32f10x_tim.o(.text)
    TIM_Cmd                                  0x080038f9   Thumb Code    24  stm32f10x_tim.o(.text)
    TIM_CtrlPWMOutputs                       0x08003911   Thumb Code    30  stm32f10x_tim.o(.text)
    TIM_ITConfig                             0x0800392f   Thumb Code    18  stm32f10x_tim.o(.text)
    TIM_GenerateEvent                        0x08003941   Thumb Code     4  stm32f10x_tim.o(.text)
    TIM_DMAConfig                            0x08003945   Thumb Code    10  stm32f10x_tim.o(.text)
    TIM_DMACmd                               0x0800394f   Thumb Code    18  stm32f10x_tim.o(.text)
    TIM_InternalClockConfig                  0x08003961   Thumb Code    12  stm32f10x_tim.o(.text)
    TIM_SelectInputTrigger                   0x0800396d   Thumb Code    18  stm32f10x_tim.o(.text)
    TIM_ITRxExternalClockConfig              0x0800397f   Thumb Code    24  stm32f10x_tim.o(.text)
    TIM_TIxExternalClockConfig               0x08003997   Thumb Code    62  stm32f10x_tim.o(.text)
    TIM_ETRConfig                            0x080039d5   Thumb Code    28  stm32f10x_tim.o(.text)
    TIM_ETRClockMode1Config                  0x080039f1   Thumb Code    54  stm32f10x_tim.o(.text)
    TIM_ETRClockMode2Config                  0x08003a27   Thumb Code    32  stm32f10x_tim.o(.text)
    TIM_PrescalerConfig                      0x08003a47   Thumb Code     6  stm32f10x_tim.o(.text)
    TIM_CounterModeConfig                    0x08003a4d   Thumb Code    18  stm32f10x_tim.o(.text)
    TIM_EncoderInterfaceConfig               0x08003a5f   Thumb Code    66  stm32f10x_tim.o(.text)
    TIM_ForcedOC1Config                      0x08003aa1   Thumb Code    18  stm32f10x_tim.o(.text)
    TIM_ForcedOC2Config                      0x08003ab3   Thumb Code    26  stm32f10x_tim.o(.text)
    TIM_ForcedOC3Config                      0x08003acd   Thumb Code    18  stm32f10x_tim.o(.text)
    TIM_ForcedOC4Config                      0x08003adf   Thumb Code    26  stm32f10x_tim.o(.text)
    TIM_ARRPreloadConfig                     0x08003af9   Thumb Code    24  stm32f10x_tim.o(.text)
    TIM_SelectCOM                            0x08003b11   Thumb Code    24  stm32f10x_tim.o(.text)
    TIM_SelectCCDMA                          0x08003b29   Thumb Code    24  stm32f10x_tim.o(.text)
    TIM_CCPreloadControl                     0x08003b41   Thumb Code    24  stm32f10x_tim.o(.text)
    TIM_OC1PreloadConfig                     0x08003b59   Thumb Code    18  stm32f10x_tim.o(.text)
    TIM_OC2PreloadConfig                     0x08003b6b   Thumb Code    26  stm32f10x_tim.o(.text)
    TIM_OC3PreloadConfig                     0x08003b85   Thumb Code    18  stm32f10x_tim.o(.text)
    TIM_OC4PreloadConfig                     0x08003b97   Thumb Code    26  stm32f10x_tim.o(.text)
    TIM_OC1FastConfig                        0x08003bb1   Thumb Code    18  stm32f10x_tim.o(.text)
    TIM_OC2FastConfig                        0x08003bc3   Thumb Code    26  stm32f10x_tim.o(.text)
    TIM_OC3FastConfig                        0x08003bdd   Thumb Code    18  stm32f10x_tim.o(.text)
    TIM_OC4FastConfig                        0x08003bef   Thumb Code    26  stm32f10x_tim.o(.text)
    TIM_ClearOC1Ref                          0x08003c09   Thumb Code    18  stm32f10x_tim.o(.text)
    TIM_ClearOC2Ref                          0x08003c1b   Thumb Code    24  stm32f10x_tim.o(.text)
    TIM_ClearOC3Ref                          0x08003c33   Thumb Code    18  stm32f10x_tim.o(.text)
    TIM_ClearOC4Ref                          0x08003c45   Thumb Code    24  stm32f10x_tim.o(.text)
    TIM_OC1PolarityConfig                    0x08003c5d   Thumb Code    18  stm32f10x_tim.o(.text)
    TIM_OC1NPolarityConfig                   0x08003c6f   Thumb Code    18  stm32f10x_tim.o(.text)
    TIM_OC2PolarityConfig                    0x08003c81   Thumb Code    26  stm32f10x_tim.o(.text)
    TIM_OC2NPolarityConfig                   0x08003c9b   Thumb Code    26  stm32f10x_tim.o(.text)
    TIM_OC3PolarityConfig                    0x08003cb5   Thumb Code    26  stm32f10x_tim.o(.text)
    TIM_OC3NPolarityConfig                   0x08003ccf   Thumb Code    26  stm32f10x_tim.o(.text)
    TIM_OC4PolarityConfig                    0x08003ce9   Thumb Code    26  stm32f10x_tim.o(.text)
    TIM_CCxCmd                               0x08003d03   Thumb Code    30  stm32f10x_tim.o(.text)
    TIM_CCxNCmd                              0x08003d21   Thumb Code    30  stm32f10x_tim.o(.text)
    TIM_SelectOCxM                           0x08003d3f   Thumb Code    82  stm32f10x_tim.o(.text)
    TIM_UpdateDisableConfig                  0x08003d91   Thumb Code    24  stm32f10x_tim.o(.text)
    TIM_UpdateRequestConfig                  0x08003da9   Thumb Code    24  stm32f10x_tim.o(.text)
    TIM_SelectHallSensor                     0x08003dc1   Thumb Code    24  stm32f10x_tim.o(.text)
    TIM_SelectOnePulseMode                   0x08003dd9   Thumb Code    18  stm32f10x_tim.o(.text)
    TIM_SelectOutputTrigger                  0x08003deb   Thumb Code    18  stm32f10x_tim.o(.text)
    TIM_SelectSlaveMode                      0x08003dfd   Thumb Code    18  stm32f10x_tim.o(.text)
    TIM_SelectMasterSlaveMode                0x08003e0f   Thumb Code    18  stm32f10x_tim.o(.text)
    TIM_SetCounter                           0x08003e21   Thumb Code     4  stm32f10x_tim.o(.text)
    TIM_SetAutoreload                        0x08003e25   Thumb Code     4  stm32f10x_tim.o(.text)
    TIM_SetCompare1                          0x08003e29   Thumb Code     4  stm32f10x_tim.o(.text)
    TIM_SetCompare2                          0x08003e2d   Thumb Code     4  stm32f10x_tim.o(.text)
    TIM_SetCompare3                          0x08003e31   Thumb Code     4  stm32f10x_tim.o(.text)
    TIM_SetCompare4                          0x08003e35   Thumb Code     6  stm32f10x_tim.o(.text)
    TIM_SetClockDivision                     0x08003e3b   Thumb Code    18  stm32f10x_tim.o(.text)
    TIM_GetCapture1                          0x08003e4d   Thumb Code     6  stm32f10x_tim.o(.text)
    TIM_GetCapture2                          0x08003e53   Thumb Code     6  stm32f10x_tim.o(.text)
    TIM_GetCapture3                          0x08003e59   Thumb Code     6  stm32f10x_tim.o(.text)
    TIM_GetCapture4                          0x08003e5f   Thumb Code     8  stm32f10x_tim.o(.text)
    TIM_GetCounter                           0x08003e67   Thumb Code     6  stm32f10x_tim.o(.text)
    TIM_GetPrescaler                         0x08003e6d   Thumb Code     6  stm32f10x_tim.o(.text)
    TIM_GetFlagStatus                        0x08003e73   Thumb Code    18  stm32f10x_tim.o(.text)
    TIM_ClearFlag                            0x08003e85   Thumb Code     6  stm32f10x_tim.o(.text)
    TIM_GetITStatus                          0x08003e8b   Thumb Code    34  stm32f10x_tim.o(.text)
    TIM_ClearITPendingBit                    0x08003ead   Thumb Code     6  stm32f10x_tim.o(.text)
    USART_DeInit                             0x08003eb5   Thumb Code   134  stm32f10x_usart.o(.text)
    USART_Init                               0x08003f3b   Thumb Code   210  stm32f10x_usart.o(.text)
    USART_StructInit                         0x0800400d   Thumb Code    24  stm32f10x_usart.o(.text)
    USART_ClockInit                          0x08004025   Thumb Code    34  stm32f10x_usart.o(.text)
    USART_ClockStructInit                    0x08004047   Thumb Code    12  stm32f10x_usart.o(.text)
    USART_Cmd                                0x08004053   Thumb Code    24  stm32f10x_usart.o(.text)
    USART_ITConfig                           0x0800406b   Thumb Code    74  stm32f10x_usart.o(.text)
    USART_DMACmd                             0x080040b5   Thumb Code    18  stm32f10x_usart.o(.text)
    USART_SetAddress                         0x080040c7   Thumb Code    18  stm32f10x_usart.o(.text)
    USART_WakeUpConfig                       0x080040d9   Thumb Code    18  stm32f10x_usart.o(.text)
    USART_ReceiverWakeUpCmd                  0x080040eb   Thumb Code    24  stm32f10x_usart.o(.text)
    USART_LINBreakDetectLengthConfig         0x08004103   Thumb Code    18  stm32f10x_usart.o(.text)
    USART_LINCmd                             0x08004115   Thumb Code    24  stm32f10x_usart.o(.text)
    USART_SendData                           0x0800412d   Thumb Code     8  stm32f10x_usart.o(.text)
    USART_ReceiveData                        0x08004135   Thumb Code    10  stm32f10x_usart.o(.text)
    USART_SendBreak                          0x0800413f   Thumb Code    10  stm32f10x_usart.o(.text)
    USART_SetGuardTime                       0x08004149   Thumb Code    16  stm32f10x_usart.o(.text)
    USART_SetPrescaler                       0x08004159   Thumb Code    16  stm32f10x_usart.o(.text)
    USART_SmartCardCmd                       0x08004169   Thumb Code    24  stm32f10x_usart.o(.text)
    USART_SmartCardNACKCmd                   0x08004181   Thumb Code    24  stm32f10x_usart.o(.text)
    USART_HalfDuplexCmd                      0x08004199   Thumb Code    24  stm32f10x_usart.o(.text)
    USART_OverSampling8Cmd                   0x080041b1   Thumb Code    22  stm32f10x_usart.o(.text)
    USART_OneBitMethodCmd                    0x080041c7   Thumb Code    24  stm32f10x_usart.o(.text)
    USART_IrDAConfig                         0x080041df   Thumb Code    18  stm32f10x_usart.o(.text)
    USART_IrDACmd                            0x080041f1   Thumb Code    24  stm32f10x_usart.o(.text)
    USART_GetFlagStatus                      0x08004209   Thumb Code    26  stm32f10x_usart.o(.text)
    USART_ClearFlag                          0x08004223   Thumb Code    18  stm32f10x_usart.o(.text)
    USART_GetITStatus                        0x08004235   Thumb Code    84  stm32f10x_usart.o(.text)
    USART_ClearITPendingBit                  0x08004289   Thumb Code    52  stm32f10x_usart.o(.text)
    SystemInit                               0x08004399   Thumb Code    78  system_stm32f10x.o(.text)
    SystemCoreClockUpdate                    0x080043e7   Thumb Code   142  system_stm32f10x.o(.text)
    Reset_Handler                            0x08004499   Thumb Code     8  startup_stm32f10x_md.o(.text)
    ADC1_2_IRQHandler                        0x080044b3   Thumb Code     0  startup_stm32f10x_md.o(.text)
    CAN1_RX1_IRQHandler                      0x080044b3   Thumb Code     0  startup_stm32f10x_md.o(.text)
    CAN1_SCE_IRQHandler                      0x080044b3   Thumb Code     0  startup_stm32f10x_md.o(.text)
    DMA1_Channel2_IRQHandler                 0x080044b3   Thumb Code     0  startup_stm32f10x_md.o(.text)
    DMA1_Channel3_IRQHandler                 0x080044b3   Thumb Code     0  startup_stm32f10x_md.o(.text)
    DMA1_Channel4_IRQHandler                 0x080044b3   Thumb Code     0  startup_stm32f10x_md.o(.text)
    DMA1_Channel5_IRQHandler                 0x080044b3   Thumb Code     0  startup_stm32f10x_md.o(.text)
    DMA1_Channel6_IRQHandler                 0x080044b3   Thumb Code     0  startup_stm32f10x_md.o(.text)
    DMA1_Channel7_IRQHandler                 0x080044b3   Thumb Code     0  startup_stm32f10x_md.o(.text)
    EXTI0_IRQHandler                         0x080044b3   Thumb Code     0  startup_stm32f10x_md.o(.text)
    EXTI15_10_IRQHandler                     0x080044b3   Thumb Code     0  startup_stm32f10x_md.o(.text)
    EXTI1_IRQHandler                         0x080044b3   Thumb Code     0  startup_stm32f10x_md.o(.text)
    EXTI2_IRQHandler                         0x080044b3   Thumb Code     0  startup_stm32f10x_md.o(.text)
    EXTI3_IRQHandler                         0x080044b3   Thumb Code     0  startup_stm32f10x_md.o(.text)
    EXTI4_IRQHandler                         0x080044b3   Thumb Code     0  startup_stm32f10x_md.o(.text)
    EXTI9_5_IRQHandler                       0x080044b3   Thumb Code     0  startup_stm32f10x_md.o(.text)
    FLASH_IRQHandler                         0x080044b3   Thumb Code     0  startup_stm32f10x_md.o(.text)
    I2C1_ER_IRQHandler                       0x080044b3   Thumb Code     0  startup_stm32f10x_md.o(.text)
    I2C1_EV_IRQHandler                       0x080044b3   Thumb Code     0  startup_stm32f10x_md.o(.text)
    I2C2_ER_IRQHandler                       0x080044b3   Thumb Code     0  startup_stm32f10x_md.o(.text)
    I2C2_EV_IRQHandler                       0x080044b3   Thumb Code     0  startup_stm32f10x_md.o(.text)
    PVD_IRQHandler                           0x080044b3   Thumb Code     0  startup_stm32f10x_md.o(.text)
    RCC_IRQHandler                           0x080044b3   Thumb Code     0  startup_stm32f10x_md.o(.text)
    RTCAlarm_IRQHandler                      0x080044b3   Thumb Code     0  startup_stm32f10x_md.o(.text)
    RTC_IRQHandler                           0x080044b3   Thumb Code     0  startup_stm32f10x_md.o(.text)
    SPI1_IRQHandler                          0x080044b3   Thumb Code     0  startup_stm32f10x_md.o(.text)
    SPI2_IRQHandler                          0x080044b3   Thumb Code     0  startup_stm32f10x_md.o(.text)
    TAMPER_IRQHandler                        0x080044b3   Thumb Code     0  startup_stm32f10x_md.o(.text)
    TIM1_BRK_IRQHandler                      0x080044b3   Thumb Code     0  startup_stm32f10x_md.o(.text)
    TIM1_CC_IRQHandler                       0x080044b3   Thumb Code     0  startup_stm32f10x_md.o(.text)
    TIM1_TRG_COM_IRQHandler                  0x080044b3   Thumb Code     0  startup_stm32f10x_md.o(.text)
    TIM1_UP_IRQHandler                       0x080044b3   Thumb Code     0  startup_stm32f10x_md.o(.text)
    USBWakeUp_IRQHandler                     0x080044b3   Thumb Code     0  startup_stm32f10x_md.o(.text)
    USB_HP_CAN1_TX_IRQHandler                0x080044b3   Thumb Code     0  startup_stm32f10x_md.o(.text)
    USB_LP_CAN1_RX0_IRQHandler               0x080044b3   Thumb Code     0  startup_stm32f10x_md.o(.text)
    WWDG_IRQHandler                          0x080044b3   Thumb Code     0  startup_stm32f10x_md.o(.text)
    __cpp_initialize__aeabi_                 0x080044bd   Thumb Code    22  cpp_init.o(.text)
    __default_new_handler()                  0x080044dd   Thumb Code     4  arm_newhandler_noexceptions.o(.text)
    __rt_new_handler_addr                    0x080044e1   Thumb Code     4  cpp_memory.o(.text)
    __aeabi_unwind_cpp_pr0                   0x080044e9   Thumb Code     4  cpp_unwinder.o(.text)
    __aeabi_unwind_cpp_pr1                   0x080044ed   Thumb Code     4  cpp_unwinder.o(.text)
    _Unwind_DeleteException                  0x080044f1   Thumb Code     2  cpp_unwinder.o(.text)
    _Unwind_Activity                         0x080044f3   Thumb Code     2  cpp_unwinder.o(.text)
    _Unwind_RaiseException                   0x080044f5   Thumb Code     4  cpp_unwinder.o(.text)
    __rt_eh_globals_addr                     0x080044f9   Thumb Code    10  cpp_unwinder.o(.text)
    std::terminate()                         0x08004509   Thumb Code    26  arm_exceptions_terminate.o(.text)
    __scatterload                            0x08004525   Thumb Code    28  init.o(.text)
    __scatterload_rt2                        0x08004525   Thumb Code     0  init.o(.text)
    __cxa_get_globals                        0x0800454f   Thumb Code    62  arm_exceptions_globs.o(.text)
    __ARM_exceptions_buffer_init             0x08004599   Thumb Code    18  arm_exceptions_mem.o(.text)
    __ARM_exceptions_buffer_allocate         0x080045ab   Thumb Code    22  arm_exceptions_mem.o(.text)
    __ARM_exceptions_buffer_free             0x080045c1   Thumb Code    20  arm_exceptions_mem.o(.text)
    ChainNode::ChainNode(unsigned char, ChainNode*, ChainNode*) 0x080045d5   Thumb Code     8  datachain.o(i._ZN9ChainNodeC1EhPS_S0_)
    ChainNode::ChainNode__sub_object(unsigned char, ChainNode*, ChainNode*) 0x080045d5   Thumb Code     0  datachain.o(i._ZN9ChainNodeC1EhPS_S0_)
    operator delete[] (void*)                0x080045dd   Thumb Code     8  array_del.o(i._ZdaPv)
    operator delete (void*)                  0x080045e5   Thumb Code     8  delete.o(i._ZdlPv)
    operator new[] (unsigned)                0x080045ed   Thumb Code     8  array_new.o(i._Znaj)
    operator new(unsigned)                   0x080045f5   Thumb Code    34  new.o(i._Znwj)
    __scatterload_copy                       0x0800461d   Thumb Code    14  handlers.o(i.__scatterload_copy)
    __scatterload_null                       0x0800462b   Thumb Code     2  handlers.o(i.__scatterload_null)
    __scatterload_zeroinit                   0x0800462d   Thumb Code    14  handlers.o(i.__scatterload_zeroinit)
    free                                     0x0800463d   Thumb Code    76  malloc.o(i.free)
    malloc                                   0x0800468d   Thumb Code    92  malloc.o(i.malloc)
    Region$$Table$$Base                      0x080046f8   Number         0  anon$$obj.o(Region$$Table)
    Region$$Table$$Limit                     0x08004718   Number         0  anon$$obj.o(Region$$Table)
    SHT$$INIT_ARRAY$$Base                    0x08004718   Number         0  serialport.o(.init_array)
    SHT$$INIT_ARRAY$$Limit                   0x0800471c   Number         0  serialport.o(.init_array)
    process                                  0x20000000   Data           4  main.o(.data)
    ledSys                                   0x20000004   Data           4  main.o(.data)
    SystemCoreClock                          0x20000044   Data           4  system_stm32f10x.o(.data)
    AHBPrescTable                            0x20000048   Data          16  system_stm32f10x.o(.data)
    __microlib_freelist                      0x20000064   Data           4  mvars.o(.data)
    __microlib_freelist_initialised          0x20000068   Data           4  mvars.o(.data)
    USART_data_1                             0x2000006c   Data          84  serialport.o(.bss)
    USART_data_2                             0x200000c0   Data          84  serialport.o(.bss)
    USART_data_3                             0x20000114   Data          84  serialport.o(.bss)
    USART_data_4                             0x20000168   Data          84  serialport.o(.bss)
    USART_data_5                             0x200001bc   Data          84  serialport.o(.bss)
    USART_data_6                             0x20000210   Data          84  serialport.o(.bss)
    AD_Filter                                0x20000264   Data          18  stm32_adc.o(.bss)
    AD_Cache                                 0x20000276   Data         180  stm32_adc.o(.bss)
    __heap_base                              0x20000330   Data           0  startup_stm32f10x_md.o(HEAP)
    __heap_limit                             0x20001330   Data           0  startup_stm32f10x_md.o(HEAP)
    __initial_sp                             0x20001930   Data           0  startup_stm32f10x_md.o(STACK)



==============================================================================

Memory Map of the image

  Image Entry point : 0x080000ed

  Load Region LR_IROM1 (Base: 0x08000000, Size: 0x00004788, Max: 0x00020000, ABSOLUTE)

    Execution Region ER_IROM1 (Base: 0x08000000, Size: 0x0000471c, Max: 0x00020000, ABSOLUTE)

    Base Addr    Size         Type   Attr      Idx    E Section Name        Object

    0x08000000   0x000000ec   Data   RO          700    RESET               startup_stm32f10x_md.o
    0x080000ec   0x00000000   Code   RO          719  * .ARM.Collect$$$$00000000  mc_w.l(entry.o)
    0x080000ec   0x00000004   Code   RO          743    .ARM.Collect$$$$00000001  mc_w.l(entry2.o)
    0x080000f0   0x00000004   Code   RO          746    .ARM.Collect$$$$00000004  mc_w.l(entry5.o)
    0x080000f4   0x00000000   Code   RO          748    .ARM.Collect$$$$00000008  mc_w.l(entry7b.o)
    0x080000f4   0x00000004   Code   RO          749    .ARM.Collect$$$$00000009  mc_w.l(entry8a.o)
    0x080000f8   0x00000000   Code   RO          750    .ARM.Collect$$$$0000000A  mc_w.l(entry8b.o)
    0x080000f8   0x00000008   Code   RO          751    .ARM.Collect$$$$0000000B  mc_w.l(entry9a.o)
    0x08000100   0x00000000   Code   RO          753    .ARM.Collect$$$$0000000D  mc_w.l(entry10a.o)
    0x08000100   0x00000000   Code   RO          755    .ARM.Collect$$$$0000000F  mc_w.l(entry11a.o)
    0x08000100   0x00000004   Code   RO          744    .ARM.Collect$$$$00002712  mc_w.l(entry2.o)
    0x08000104   0x00000174   Code   RO            3    .text               main.o
    0x08000278   0x00000ec0   Code   RO          163    .text               process.o
    0x08001138   0x0000030a   Code   RO          187    .text               protocol.o
    0x08001442   0x000000ca   Code   RO          210    .text               datachain.o
    0x0800150c   0x000000b4   Code   RO          243    .text               ioout.o
    0x080015c0   0x000005d8   Code   RO          283    .text               serialport.o
    0x08001b98   0x00000250   Code   RO          308    .text               timer.o
    0x08001de8   0x000000fc   Code   RO          328    .text               stm32_systick.o
    0x08001ee4   0x00000260   Code   RO          446    .text               stm32_adc.o
    0x08002144   0x0000002e   Code   RO          475    .text               stm32_priority.o
    0x08002172   0x00000002   PAD
    0x08002174   0x000000ac   Code   RO          498    .text               stm32_gpio.o
    0x08002220   0x000000dc   Code   RO          518    .text               misc.o
    0x080022fc   0x0000044e   Code   RO          538    .text               stm32f10x_adc.o
    0x0800274a   0x00000002   PAD
    0x0800274c   0x00000250   Code   RO          572    .text               stm32f10x_dma.o
    0x0800299c   0x00000358   Code   RO          592    .text               stm32f10x_gpio.o
    0x08002cf4   0x000003a4   Code   RO          612    .text               stm32f10x_rcc.o
    0x08003098   0x00000e1a   Code   RO          634    .text               stm32f10x_tim.o
    0x08003eb2   0x00000002   PAD
    0x08003eb4   0x00000408   Code   RO          654    .text               stm32f10x_usart.o
    0x080042bc   0x000001dc   Code   RO          674    .text               system_stm32f10x.o
    0x08004498   0x00000024   Code   RO          701    .text               startup_stm32f10x_md.o
    0x080044bc   0x00000020   Code   RO          725    .text               mc_w.l(cpp_init.o)
    0x080044dc   0x00000004   Code   RO          730    .text               cpprt_w.l(arm_newhandler_noexceptions.o)
    0x080044e0   0x00000008   Code   RO          785    .text               mc_w.l(cpp_memory.o)
    0x080044e8   0x00000020   Code   RO          788    .text               mc_w.l(cpp_unwinder.o)
    0x08004508   0x0000001a   Code   RO          791    .text               cpprt_w.l(arm_exceptions_terminate.o)
    0x08004522   0x00000002   PAD
    0x08004524   0x00000024   Code   RO          907    .text               mc_w.l(init.o)
    0x08004548   0x00000050   Code   RO          915    .text               cpprt_w.l(arm_exceptions_globs.o)
    0x08004598   0x0000003c   Code   RO          933    .text               cpprt_w.l(arm_exceptions_mem.o)
    0x080045d4   0x00000008   Code   RO          225    i._ZN9ChainNodeC1EhPS_S0_  datachain.o
    0x080045dc   0x00000008   Code   RO          705    i._ZdaPv            cpprt_w.l(array_del.o)
    0x080045e4   0x00000008   Code   RO          712    i._ZdlPv            cpprt_w.l(delete.o)
    0x080045ec   0x00000008   Code   RO          708    i._Znaj             cpprt_w.l(array_new.o)
    0x080045f4   0x00000028   Code   RO          715    i._Znwj             cpprt_w.l(new.o)
    0x0800461c   0x0000000e   Code   RO          938    i.__scatterload_copy  mc_w.l(handlers.o)
    0x0800462a   0x00000002   Code   RO          939    i.__scatterload_null  mc_w.l(handlers.o)
    0x0800462c   0x0000000e   Code   RO          940    i.__scatterload_zeroinit  mc_w.l(handlers.o)
    0x0800463a   0x00000002   PAD
    0x0800463c   0x00000050   Code   RO          757    i.free              mc_w.l(malloc.o)
    0x0800468c   0x0000006c   Code   RO          758    i.malloc            mc_w.l(malloc.o)
    0x080046f8   0x00000020   Data   RO          936    Region$$Table       anon$$obj.o
    0x08004718   0x00000004   Data   RO          286    .init_array         serialport.o


    Execution Region RW_IRAM1 (Base: 0x20000000, Size: 0x00001930, Max: 0x00005000, ABSOLUTE)

    Base Addr    Size         Type   Attr      Idx    E Section Name        Object

    0x20000000   0x00000008   Data   RW            5    .data               main.o
    0x20000008   0x00000022   Data   RW          165    .data               process.o
    0x2000002a   0x00000004   Data   RW          329    .data               stm32_systick.o
    0x2000002e   0x00000014   Data   RW          613    .data               stm32f10x_rcc.o
    0x20000042   0x00000002   PAD
    0x20000044   0x00000014   Data   RW          675    .data               system_stm32f10x.o
    0x20000058   0x00000004   Data   RW          786    .data               mc_w.l(cpp_memory.o)
    0x2000005c   0x00000008   Data   RW          789    .data               mc_w.l(cpp_unwinder.o)
    0x20000064   0x00000004   Data   RW          913    .data               mc_w.l(mvars.o)
    0x20000068   0x00000004   Data   RW          914    .data               mc_w.l(mvars.o)
    0x2000006c   0x000001f8   Zero   RW          285    .bss                serialport.o
    0x20000264   0x000000c6   Zero   RW          447    .bss                stm32_adc.o
    0x2000032a   0x00000006   PAD
    0x20000330   0x00001000   Zero   RW          699    HEAP                startup_stm32f10x_md.o
    0x20001330   0x00000600   Zero   RW          698    STACK               startup_stm32f10x_md.o


==============================================================================

Image component sizes


      Code (inc. data)   RO Data    RW Data    ZI Data      Debug   Object Name

       210          0          0          0          0       3428   datachain.o
       180          4          0          0          0       1752   ioout.o
       372         20          0          8          0     248332   main.o
       220         20          0          0          0       1861   misc.o
      3776        112          0         34          0       8564   process.o
       778          0          0          0          0       3960   protocol.o
      1496        114          4          0        504       8542   serialport.o
        36          8        236          0       5632        796   startup_stm32f10x_md.o
       608         24          0          0        198       2270   stm32_adc.o
       172         30          0          0          0       1140   stm32_gpio.o
        46          0          0          0          0        864   stm32_priority.o
       252         16          0          4          0     273187   stm32_systick.o
      1102         26          0          0          0      10893   stm32f10x_adc.o
       592          8          0          0          0       4386   stm32f10x_dma.o
       856         40          0          0          0       5705   stm32f10x_gpio.o
       932         44          0         20          0       8900   stm32f10x_rcc.o
      3610         88          0          0          0      22188   stm32f10x_tim.o
      1032         22          0          0          0       8428   stm32f10x_usart.o
       476         36          0         20          0       1935   system_stm32f10x.o
       592         36          0          0          0       3088   timer.o

    ----------------------------------------------------------------------
     17344        648        272         88       6340     620219   Object Totals
         0          0         32          0          0          0   (incl. Generated)
         6          0          0          2          6          0   (incl. Padding)

    ----------------------------------------------------------------------

      Code (inc. data)   RO Data    RW Data    ZI Data      Debug   Library Member Name

        80         12          0          0          0        104   arm_exceptions_globs.o
        60          0          0          0          0        108   arm_exceptions_mem.o
        26          0          0          0          0         76   arm_exceptions_terminate.o
         4          0          0          0          0         68   arm_newhandler_noexceptions.o
         8          0          0          0          0         76   array_del.o
         8          0          0          0          0         76   array_new.o
         8          0          0          0          0         76   delete.o
        40          6          0          0          0         76   new.o
        32         10          0          0          0         80   cpp_init.o
         8          4          0          4          0         68   cpp_memory.o
        32          6          0          8          0        252   cpp_unwinder.o
         0          0          0          0          0          0   entry.o
         0          0          0          0          0          0   entry10a.o
         0          0          0          0          0          0   entry11a.o
         8          4          0          0          0          0   entry2.o
         4          0          0          0          0          0   entry5.o
         0          0          0          0          0          0   entry7b.o
         4          0          0          0          0          0   entry8a.o
         0          0          0          0          0          0   entry8b.o
         8          4          0          0          0          0   entry9a.o
        30          0          0          0          0          0   handlers.o
        36          8          0          0          0         68   init.o
       188         20          0          0          0        160   malloc.o
         0          0          0          8          0          0   mvars.o

    ----------------------------------------------------------------------
       588         74          0         20          0       1288   Library Totals
         4          0          0          0          0          0   (incl. Padding)

    ----------------------------------------------------------------------

      Code (inc. data)   RO Data    RW Data    ZI Data      Debug   Library Name

       234         18          0          0          0        660   cpprt_w.l
       350         56          0         20          0        628   mc_w.l

    ----------------------------------------------------------------------
       588         74          0         20          0       1288   Library Totals

    ----------------------------------------------------------------------

==============================================================================


      Code (inc. data)   RO Data    RW Data    ZI Data      Debug   

     17932        722        272        108       6340     618855   Grand Totals
     17932        722        272        108       6340     618855   ELF Image Totals
     17932        722        272        108          0          0   ROM Totals

==============================================================================

    Total RO  Size (Code + RO Data)                18204 (  17.78kB)
    Total RW  Size (RW Data + ZI Data)              6448 (   6.30kB)
    Total ROM Size (Code + RO Data + RW Data)      18312 (  17.88kB)

==============================================================================

