ARM Linker, 5.03 [Build 24] [MDK-ARM Standard]

==============================================================================

Section Cross References

    main.o(i.main) refers to stm32f4_prioritycontrol.o(i.setSystemPriorityGroup) for setSystemPriorityGroup
    main.o(i.main) refers to stm32f4_systick.o(i.SysTick_DelayMs) for SysTick_DelayMs
    main.o(i.main) refers to new.o(i._Znwj) for operator new(unsigned)
    main.o(i.main) refers to crabapp.o(i._ZN7CrabAppC1Ev) for CrabApp::CrabApp()
    main.o(i.main) refers to crabapp.o(i._ZN7CrabApp17openUserInterruptEv) for CrabApp::openUserInterrupt()
    main.o(i.main) refers to main.o(.data) for .data
    main.o(.ARM.exidx) refers to main.o(i.main) for i.main
    stm32_irq_fun.o(i.TIM2_IRQHandler) refers to timer.o(i._ZN5Timer11getITStatusEP11TIM_TypeDef) for Timer::getITStatus(TIM_TypeDef*)
    stm32_irq_fun.o(i.TIM2_IRQHandler) refers to timer.o(i._ZN5Timer17clearITPendingBitEP11TIM_TypeDef) for Timer::clearITPendingBit(TIM_TypeDef*)
    stm32_irq_fun.o(i.TIM2_IRQHandler) refers to timer.o(i._ZN5Timer4stopEP11TIM_TypeDef) for Timer::stop(TIM_TypeDef*)
    stm32_irq_fun.o(i.TIM2_IRQHandler) refers to crabapp.o(i._ZN7CrabApp10runOnTime2Ev) for CrabApp::runOnTime2()
    stm32_irq_fun.o(i.TIM2_IRQHandler) refers to timer.o(i._ZN5Timer5startEP11TIM_TypeDef) for Timer::start(TIM_TypeDef*)
    stm32_irq_fun.o(i.TIM2_IRQHandler) refers to main.o(.data) for myApp
    stm32_irq_fun.o(i.TIM3_IRQHandler) refers to timer.o(i._ZN5Timer11getITStatusEP11TIM_TypeDef) for Timer::getITStatus(TIM_TypeDef*)
    stm32_irq_fun.o(i.TIM3_IRQHandler) refers to timer.o(i._ZN5Timer17clearITPendingBitEP11TIM_TypeDef) for Timer::clearITPendingBit(TIM_TypeDef*)
    stm32_irq_fun.o(i.TIM3_IRQHandler) refers to timer.o(i._ZN5Timer4stopEP11TIM_TypeDef) for Timer::stop(TIM_TypeDef*)
    stm32_irq_fun.o(i.TIM3_IRQHandler) refers to crabapp.o(i._ZN7CrabApp10runOnTime3Ev) for CrabApp::runOnTime3()
    stm32_irq_fun.o(i.TIM3_IRQHandler) refers to timer.o(i._ZN5Timer5startEP11TIM_TypeDef) for Timer::start(TIM_TypeDef*)
    stm32_irq_fun.o(i.TIM3_IRQHandler) refers to main.o(.data) for myApp
    stm32_irq_fun.o(i.TIM4_IRQHandler) refers to timer.o(i._ZN5Timer11getITStatusEP11TIM_TypeDef) for Timer::getITStatus(TIM_TypeDef*)
    stm32_irq_fun.o(i.TIM4_IRQHandler) refers to timer.o(i._ZN5Timer17clearITPendingBitEP11TIM_TypeDef) for Timer::clearITPendingBit(TIM_TypeDef*)
    stm32_irq_fun.o(i.TIM4_IRQHandler) refers to timer.o(i._ZN5Timer4stopEP11TIM_TypeDef) for Timer::stop(TIM_TypeDef*)
    stm32_irq_fun.o(i.TIM4_IRQHandler) refers to crabapp.o(i._ZN7CrabApp10runOnTime4Ev) for CrabApp::runOnTime4()
    stm32_irq_fun.o(i.TIM4_IRQHandler) refers to timer.o(i._ZN5Timer5startEP11TIM_TypeDef) for Timer::start(TIM_TypeDef*)
    stm32_irq_fun.o(i.TIM4_IRQHandler) refers to main.o(.data) for myApp
    stm32_irq_fun.o(.ARM.exidx) refers to stm32_irq_fun.o(i.TIM2_IRQHandler) for i.TIM2_IRQHandler
    stm32_irq_fun.o(.ARM.exidx) refers to stm32_irq_fun.o(i.TIM3_IRQHandler) for i.TIM3_IRQHandler
    stm32_irq_fun.o(.ARM.exidx) refers to stm32_irq_fun.o(i.TIM4_IRQHandler) for i.TIM4_IRQHandler
    system_stm32f4xx.o(i.SystemCoreClockUpdate) refers to system_stm32f4xx.o(.data) for .data
    system_stm32f4xx.o(i.SystemInit) refers to system_stm32f4xx.o(i.SetSysClock) for SetSysClock
    crabapp.o(i._ZN7CrabApp10resetvauleEv) refers to crabapp.o(i._ZN7CrabApp13setwheelspeedEPsS0_s) for CrabApp::setwheelspeed(short*, short*, short)
    crabapp.o(i._ZN7CrabApp10resetvauleEv) refers to stm32f4xx_gpio.o(i.GPIO_ResetBits) for GPIO_ResetBits
    crabapp.o(i._ZN7CrabApp10runOnTime2Ev) refers to terminalcontrol.o(i._ZN15TerminalControl10reciveDataEv) for TerminalControl::reciveData()
    crabapp.o(i._ZN7CrabApp10runOnTime2Ev) refers to ledlighter.o(i._ZN10LEDLighter12reverseLightEv) for LEDLighter::reverseLight()
    crabapp.o(i._ZN7CrabApp10runOnTime2Ev) refers to crabapp.o(i._ZN7CrabApp19disposeTerminalDataEv) for CrabApp::disposeTerminalData()
    crabapp.o(i._ZN7CrabApp10runOnTime2Ev) refers to crabapp.o(i._ZN7CrabApp10resetvauleEv) for CrabApp::resetvaule()
    crabapp.o(i._ZN7CrabApp10runOnTime2Ev) refers to motorcontrol.o(i._ZN12MotorControl16updateUspeedTimeEv) for MotorControl::updateUspeedTime()
    crabapp.o(i._ZN7CrabApp10runOnTime2Ev) refers to mpu6050control.o(i._ZN14Mpu6050Control11dealrecDataEv) for Mpu6050Control::dealrecData()
    crabapp.o(i._ZN7CrabApp10runOnTime2Ev) refers to crabapp.o(.data) for .data
    crabapp.o(i._ZN7CrabApp10runOnTime3Ev) refers to crabapp.o(i._ZN7CrabApp9infrascanEv) for CrabApp::infrascan()
    crabapp.o(i._ZN7CrabApp10runOnTime3Ev) refers to stm32_adc.o(i.getbatvolt) for getbatvolt
    crabapp.o(i._ZN7CrabApp10runOnTime3Ev) refers to crabapp.o(i._ZN7CrabApp14subEctQuantityEPfS0_) for CrabApp::subEctQuantity(float*, float*)
    crabapp.o(i._ZN7CrabApp10runOnTime3Ev) refers to crabapp.o(i._ZN7CrabApp12powerledshowEf) for CrabApp::powerledshow(float)
[...]
    i._ZN7CrabApp10runOnTime3Ev              0x080026c0   Section        0  crabapp.o(i._ZN7CrabApp10runOnTime3Ev)
    i._ZN7CrabApp10runOnTime4Ev              0x0800270e   Section        0  crabapp.o(i._ZN7CrabApp10runOnTime4Ev)
    i._ZN7CrabApp11sendCamDataEv             0x08002710   Section        0  crabapp.o(i._ZN7CrabApp11sendCamDataEv)
    i._ZN7CrabApp12lightcontrolEPh           0x08002748   Section        0  crabapp.o(i._ZN7CrabApp12lightcontrolEPh)
    i._ZN7CrabApp12powerledshowEf            0x08002784   Section        0  crabapp.o(i._ZN7CrabApp12powerledshowEf)
    i._ZN7CrabApp13camlencontrolEPh          0x08002800   Section        0  crabapp.o(i._ZN7CrabApp13camlencontrolEPh)
    i._ZN7CrabApp13cradlecontrolEPh          0x08002816   Section        0  crabapp.o(i._ZN7CrabApp13cradlecontrolEPh)
    i._ZN7CrabApp13setwheelspeedEPsS0_s      0x08002834   Section        0  crabapp.o(i._ZN7CrabApp13setwheelspeedEPsS0_s)
    i._ZN7CrabApp13wheelspeedcalEss          0x0800285a   Section        0  crabapp.o(i._ZN7CrabApp13wheelspeedcalEss)
    i._ZN7CrabApp14autoruncontrolEv          0x08002878   Section        0  crabapp.o(i._ZN7CrabApp14autoruncontrolEv)
    i._ZN7CrabApp14fpvchannelconfEh          0x08002930   Section        0  crabapp.o(i._ZN7CrabApp14fpvchannelconfEh)
    i._ZN7CrabApp14subEctQuantityEPfS0_      0x0800298c   Section        0  crabapp.o(i._ZN7CrabApp14subEctQuantityEPfS0_)
    i._ZN7CrabApp14workmodedetectEPh         0x080029d8   Section        0  crabapp.o(i._ZN7CrabApp14workmodedetectEPh)
    i._ZN7CrabApp17openUserInterruptEv       0x08002a20   Section        0  crabapp.o(i._ZN7CrabApp17openUserInterruptEv)
    i._ZN7CrabApp18videochanelcontrolEPh     0x08002a58   Section        0  crabapp.o(i._ZN7CrabApp18videochanelcontrolEPh)
    i._ZN7CrabApp19disposeTerminalDataEv     0x08002a7a   Section        0  crabapp.o(i._ZN7CrabApp19disposeTerminalDataEv)
    i._ZN7CrabApp19mecanumwheelcontrolEPh    0x08002abc   Section        0  crabapp.o(i._ZN7CrabApp19mecanumwheelcontrolEPh)
    i._ZN7CrabApp19sendDriverMotorDataEv     0x08002b98   Section        0  crabapp.o(i._ZN7CrabApp19sendDriverMotorDataEv)
    i._ZN7CrabApp19sendVideoChangeDataEv     0x08002c0c   Section        0  crabapp.o(i._ZN7CrabApp19sendVideoChangeDataEv)
    i._ZN7CrabApp20updateSendDriverDataEv    0x08002c2c   Section        0  crabapp.o(i._ZN7CrabApp20updateSendDriverDataEv)
    i._ZN7CrabApp9infrascanEv                0x08002c44   Section        0  crabapp.o(i._ZN7CrabApp9infrascanEv)
    i._ZN7CrabAppC1Ev                        0x08002c9c   Section        0  crabapp.o(i._ZN7CrabAppC1Ev)
    i._ZN9RingChain4nextEv                   0x08002f88   Section        0  datachain.o(i._ZN9RingChain4nextEv)
    i._ZN9RingChain7getDataEv                0x08002f90   Section        0  datachain.o(i._ZN9RingChain7getDataEv)
    i._ZN9RingChain7setDataEh                0x08002f96   Section        0  datachain.o(i._ZN9RingChain7setDataEh)
    i._ZN9RingChain8previousEv               0x08002f9c   Section        0  datachain.o(i._ZN9RingChain8previousEv)
    i._ZN9RingChainC1Ei                      0x08002fa4   Section        0  datachain.o(i._ZN9RingChainC1Ei)
    i._Znaj                                  0x08002ff6   Section        0  array_new.o(i._Znaj)
    i._Znwj                                  0x08003000   Section        0  new.o(i._Znwj)
    i.__sti___15_BaseControl_cpp             0x08003028   Section        0  basecontrol.o(i.__sti___15_BaseControl_cpp)
    __sti___15_BaseControl_cpp               0x08003029   Thumb Code    90  basecontrol.o(i.__sti___15_BaseControl_cpp)
    i.getbatvolt                             0x08003088   Section        0  stm32_adc.o(i.getbatvolt)
    i.main                                   0x0800310c   Section        0  main.o(i.main)
    i.setSystemPriorityGroup                 0x08003144   Section        0  stm32f4_prioritycontrol.o(i.setSystemPriorityGroup)
    x$fpl$d2f                                0x0800314c   Section       98  d2f.o(x$fpl$d2f)
    $v0                                      0x0800314c   Number         0  d2f.o(x$fpl$d2f)
    x$fpl$dadd                               0x080031b0   Section      336  daddsub_clz.o(x$fpl$dadd)
    $v0                                      0x080031b0   Number         0  daddsub_clz.o(x$fpl$dadd)
    _dadd1                                   0x080031c1   Thumb Code     0  daddsub_clz.o(x$fpl$dadd)
    x$fpl$dmul                               0x08003300   Section      340  dmul.o(x$fpl$dmul)
    $v0                                      0x08003300   Number         0  dmul.o(x$fpl$dmul)
    x$fpl$dnaninf                            0x08003454   Section      156  dnaninf.o(x$fpl$dnaninf)
    $v0                                      0x08003454   Number         0  dnaninf.o(x$fpl$dnaninf)
    x$fpl$dretinf                            0x080034f0   Section       12  dretinf.o(x$fpl$dretinf)
    $v0                                      0x080034f0   Number         0  dretinf.o(x$fpl$dretinf)
    x$fpl$dsub                               0x080034fc   Section      468  daddsub_clz.o(x$fpl$dsub)
    $v0                                      0x080034fc   Number         0  daddsub_clz.o(x$fpl$dsub)
    _dsub1                                   0x0800350d   Thumb Code     0  daddsub_clz.o(x$fpl$dsub)
    x$fpl$f2d                                0x080036d0   Section       86  f2d.o(x$fpl$f2d)
    $v0                                      0x080036d0   Number         0  f2d.o(x$fpl$f2d)
    x$fpl$fnaninf                            0x08003726   Section      140  fnaninf.o(x$fpl$fnaninf)
    $v0                                      0x08003726   Number         0  fnaninf.o(x$fpl$fnaninf)
    x$fpl$fpinit                             0x080037b2   Section       10  fpinit.o(x$fpl$fpinit)
    $v0                                      0x080037b2   Number         0  fpinit.o(x$fpl$fpinit)
    x$fpl$fretinf                            0x080037bc   Section       10  fretinf.o(x$fpl$fretinf)
    $v0                                      0x080037bc   Number         0  fretinf.o(x$fpl$fretinf)
    x$fpl$usenofp                            0x080037c6   Section        0  usenofp.o(x$fpl$usenofp)
    .constdata__ZTV10CamControl              0x080037c8   Section       16  camcontrol.o(.constdata__ZTV10CamControl)
    .constdata__ZTV11BaseControl             0x080037d8   Section       16  basecontrol.o(.constdata__ZTV11BaseControl)
    .constdata__ZTV12MotorControl            0x080037e8   Section       16  motorcontrol.o(.constdata__ZTV12MotorControl)
    .constdata__ZTV12VideoControl            0x080037f8   Section       16  videocontrol.o(.constdata__ZTV12VideoControl)
    .constdata__ZTV14Mpu6050Control          0x08003808   Section       16  mpu6050control.o(.constdata__ZTV14Mpu6050Control)
    .constdata__ZTV15TerminalControl         0x08003818   Section       16  terminalcontrol.o(.constdata__ZTV15TerminalControl)
    .init_array                              0x08003848   Section        4  basecontrol.o(.init_array)
    .data                                    0x20000000   Section        4  main.o(.data)
    .data                                    0x20000004   Section       24  crabapp.o(.data)
    index                                    0x20000004   Data           1  crabapp.o(.data)
    count1                                   0x20000005   Data           1  crabapp.o(.data)
    count2                                   0x20000006   Data           1  crabapp.o(.data)
    startflag                                0x20000007   Data           1  crabapp.o(.data)
    count                                    0x20000008   Data           1  crabapp.o(.data)
    index                                    0x20000009   Data           1  crabapp.o(.data)
    lastinfrasta                             0x2000000a   Data           1  crabapp.o(.data)
    initstart                                0x2000000b   Data           1  crabapp.o(.data)
    SwTimerTick                              0x2000000c   Data           1  crabapp.o(.data)
    SwPreState                               0x2000000d   Data           1  crabapp.o(.data)
    lighttick                                0x2000000e   Data           1  crabapp.o(.data)
    ticket                                   0x20000010   Data           2  crabapp.o(.data)
    initialangle                             0x20000012   Data           2  crabapp.o(.data)
    powledtick                               0x20000014   Data           2  crabapp.o(.data)
    timetick                                 0x20000018   Data           4  crabapp.o(.data)
    .data                                    0x2000001c   Section        2  terminalcontrol.o(.data)
    wirelessTimeTick                         0x2000001c   Data           2  terminalcontrol.o(.data)
    .data                                    0x2000001e   Section        2  stm32f4_pwmout.o(.data)
    servovaule                               0x2000001e   Data           2  stm32f4_pwmout.o(.data)
    .data                                    0x20000020   Section       16  stm32f4xx_rcc.o(.data)
    APBAHBPrescTable                         0x20000020   Data          16  stm32f4xx_rcc.o(.data)
    .bss                                     0x20000030   Section       60  basecontrol.o(.bss)
    .bss                                     0x2000006c   Section     2172  stm32_adc.o(.bss)
    .bss                                     0x200008e8   Section     1584  stm32f4_usartinit.o(.bss)
    .bss                                     0x20000f18   Section       96  libspace.o(.bss)
    HEAP                                     0x20000f78   Section     4096  startup_stm32f4xx.o(HEAP)
    Heap_Mem                                 0x20000f78   Data        4096  startup_stm32f4xx.o(HEAP)
    STACK                                    0x20001f78   Section     1024  startup_stm32f4xx.o(STACK)
    Stack_Mem                                0x20001f78   Data        1024  startup_stm32f4xx.o(STACK)
    __initial_sp                             0x20002378   Data           0  startup_stm32f4xx.o(STACK)

    Global Symbols

    Symbol Name                              Value     Ov Type        Size  Object(Section)

    BuildAttributes$$THM_ISAv4$E$P$D$K$B$S$7EM$VFPi3$EXTD16$VFPS$VFMA$PE$A:L22UL41UL21$X:L11$S22US41US21$IEEE1$IW$USESV6$~STKCKD$USESV7$~SHL$OTIME$ROPI$EBA8$UX$STANDARDLIB$REQ8$PRES8$EABIv2 0x00000000   Number         0  anon$$obj.o ABSOLUTE
    __ARM_use_no_argv                        0x00000000   Number         0  main.o ABSOLUTE
    SHT$$ARM_EXIDX$$Base                      - Undefined Reference
    SHT$$ARM_EXIDX$$Limit                     - Undefined Reference
    __ARM::default_unexpected_handler()       - Undefined Weak Reference
    __ARM_exceptions_buffer_required          - Undefined Weak Reference
    __ARM_exceptions_init                     - Undefined Weak Reference
    __aeabi_unwind_cpp_pr1                    - Undefined Weak Reference
    __aeabi_unwind_cpp_pr2                    - Undefined Weak Reference
    __alloca_initialize                       - Undefined Weak Reference
    __cxa_begin_cleanup                       - Undefined Weak Reference
    __cxa_finalize                            - Undefined Weak Reference
    __cxa_type_match                          - Undefined Weak Reference
    __rt_locale                               - Undefined Weak Reference
    __sigvec_lookup                           - Undefined Weak Reference
    __user_heap_extent                        - Undefined Weak Reference
    _atexit_init                              - Undefined Weak Reference
    _call_atexit_fns                          - Undefined Weak Reference
    _clock_init                               - Undefined Weak Reference
    _fp_trap_init                             - Undefined Weak Reference
    _fp_trap_shutdown                         - Undefined Weak Reference
    _get_lc_collate                           - Undefined Weak Reference
    _get_lc_ctype                             - Undefined Weak Reference
    _get_lc_monetary                          - Undefined Weak Reference
    _get_lc_numeric                           - Undefined Weak Reference
    _get_lc_time                              - Undefined Weak Reference
    _getenv_init                              - Undefined Weak Reference
    _handle_redirection                       - Undefined Weak Reference
    _initio                                   - Undefined Weak Reference
    _mutex_acquire                            - Undefined Weak Reference
    _mutex_free                               - Undefined Weak Reference
    _mutex_release                            - Undefined Weak Reference
    _rand_init                                - Undefined Weak Reference
    _signal_finish                            - Undefined Weak Reference
    _signal_init                              - Undefined Weak Reference
    _terminateio                              - Undefined Weak Reference
    __Vectors_Size                           0x00000188   Number         0  startup_stm32f4xx.o ABSOLUTE
    __Vectors                                0x08000000   Data           4  startup_stm32f4xx.o(RESET)
    __Vectors_End                            0x08000188   Data           0  startup_stm32f4xx.o(RESET)
    __main                                   0x08000189   Thumb Code     8  __main.o(!!!main)
    __scatterload                            0x08000191   Thumb Code     0  __scatter.o(!!!scatter)
    __scatterload_rt2                        0x08000191   Thumb Code    44  __scatter.o(!!!scatter)
    __scatterload_rt2_thumb_only             0x08000191   Thumb Code     0  __scatter.o(!!!scatter)
    __scatterload_null                       0x0800019f   Thumb Code     0  __scatter.o(!!!scatter)
    __scatterload_copy                       0x080001c5   Thumb Code    26  __scatter_copy.o(!!handler_copy)
    __scatterload_zeroinit                   0x080001e1   Thumb Code    28  __scatter_zi.o(!!handler_zi)
    __rt_lib_init                            0x080001fd   Thumb Code     0  libinit.o(.ARM.Collect$$libinit$$00000000)
    __rt_lib_init_fp_1                       0x080001ff   Thumb Code     0  libinit2.o(.ARM.Collect$$libinit$$00000001)
    __rt_lib_init_heap_2                     0x08000203   Thumb Code     0  libinit2.o(.ARM.Collect$$libinit$$00000003)
    __rt_lib_init_alloca_1                   0x0800020b   Thumb Code     0  libinit2.o(.ARM.Collect$$libinit$$0000002C)
    __rt_lib_init_argv_1                     0x0800020b   Thumb Code     0  libinit2.o(.ARM.Collect$$libinit$$0000002A)
    __rt_lib_init_atexit_1                   0x0800020b   Thumb Code     0  libinit2.o(.ARM.Collect$$libinit$$00000019)
    __rt_lib_init_clock_1                    0x0800020b   Thumb Code     0  libinit2.o(.ARM.Collect$$libinit$$0000001F)
    __rt_lib_init_cpp_2                      0x0800020b   Thumb Code     0  libinit2.o(.ARM.Collect$$libinit$$0000002F)
    __rt_lib_init_exceptions_1               0x0800020b   Thumb Code     0  libinit2.o(.ARM.Collect$$libinit$$0000002E)
    __rt_lib_init_fp_trap_1                  0x0800020b   Thumb Code     0  libinit2.o(.ARM.Collect$$libinit$$0000001D)
    __rt_lib_init_getenv_1                   0x0800020b   Thumb Code     0  libinit2.o(.ARM.Collect$$libinit$$00000021)
    __rt_lib_init_heap_1                     0x0800020b   Thumb Code     0  libinit2.o(.ARM.Collect$$libinit$$00000008)
    __rt_lib_init_lc_collate_1               0x0800020b   Thumb Code     0  libinit2.o(.ARM.Collect$$libinit$$0000000F)
    __rt_lib_init_lc_ctype_1                 0x0800020b   Thumb Code     0  libinit2.o(.ARM.Collect$$libinit$$00000011)
    __rt_lib_init_lc_monetary_1              0x0800020b   Thumb Code     0  libinit2.o(.ARM.Collect$$libinit$$00000013)
    __rt_lib_init_lc_numeric_1               0x0800020b   Thumb Code     0  libinit2.o(.ARM.Collect$$libinit$$00000015)
    __rt_lib_init_lc_time_1                  0x0800020b   Thumb Code     0  libinit2.o(.ARM.Collect$$libinit$$00000017)
    __rt_lib_init_rand_1                     0x0800020b   Thumb Code     0  libinit2.o(.ARM.Collect$$libinit$$0000000C)
    __rt_lib_init_signal_1                   0x0800020b   Thumb Code     0  libinit2.o(.ARM.Collect$$libinit$$0000001B)
    __rt_lib_init_stdio_1                    0x0800020b   Thumb Code     0  libinit2.o(.ARM.Collect$$libinit$$00000023)
    __rt_lib_init_user_alloc_1               0x0800020b   Thumb Code     0  libinit2.o(.ARM.Collect$$libinit$$0000000A)
    __rt_lib_init_cpp_1                      0x0800020f   Thumb Code     0  libinit2.o(.ARM.Collect$$libinit$$00000030)
    __rt_lib_init_return                     0x0800020f   Thumb Code     0  libinit2.o(.ARM.Collect$$libinit$$00000031)
    __rt_lib_shutdown                        0x08000211   Thumb Code     0  libshutdown.o(.ARM.Collect$$libshutdown$$00000000)
    __rt_lib_shutdown_fp_trap_1              0x08000213   Thumb Code     0  libshutdown2.o(.ARM.Collect$$libshutdown$$00000006)
    __rt_lib_shutdown_heap_1                 0x08000213   Thumb Code     0  libshutdown2.o(.ARM.Collect$$libshutdown$$0000000E)
    __rt_lib_shutdown_return                 0x08000213   Thumb Code     0  libshutdown2.o(.ARM.Collect$$libshutdown$$0000000F)
    __rt_lib_shutdown_signal_1               0x08000213   Thumb Code     0  libshutdown2.o(.ARM.Collect$$libshutdown$$00000009)
    __rt_lib_shutdown_stdio_1                0x08000213   Thumb Code     0  libshutdown2.o(.ARM.Collect$$libshutdown$$00000003)
    __rt_lib_shutdown_user_alloc_1           0x08000213   Thumb Code     0  libshutdown2.o(.ARM.Collect$$libshutdown$$0000000B)
    __rt_entry                               0x08000215   Thumb Code     0  rtentry.o(.ARM.Collect$$rtentry$$00000000)
    __rt_entry_presh_1                       0x08000215   Thumb Code     0  rtentry2.o(.ARM.Collect$$rtentry$$00000002)
    __rt_entry_sh                            0x08000215   Thumb Code     0  rtentry4.o(.ARM.Collect$$rtentry$$00000004)
    __rt_entry_li                            0x0800021b   Thumb Code     0  rtentry2.o(.ARM.Collect$$rtentry$$0000000A)
    __rt_entry_postsh_1                      0x0800021b   Thumb Code     0  rtentry2.o(.ARM.Collect$$rtentry$$00000009)
    __rt_entry_main                          0x0800021f   Thumb Code     0  rtentry2.o(.ARM.Collect$$rtentry$$0000000D)
    __rt_entry_postli_1                      0x0800021f   Thumb Code     0  rtentry2.o(.ARM.Collect$$rtentry$$0000000C)
    __rt_exit                                0x08000227   Thumb Code     0  rtexit.o(.ARM.Collect$$rtexit$$00000000)
    __rt_exit_ls                             0x08000229   Thumb Code     0  rtexit2.o(.ARM.Collect$$rtexit$$00000003)
    __rt_exit_prels_1                        0x08000229   Thumb Code     0  rtexit2.o(.ARM.Collect$$rtexit$$00000002)
    __rt_exit_exit                           0x0800022d   Thumb Code     0  rtexit2.o(.ARM.Collect$$rtexit$$00000004)
    Reset_Handler                            0x08000235   Thumb Code     8  startup_stm32f4xx.o(.text)
    _maybe_terminate_alloc                   0x08000235   Thumb Code     0  maybetermalloc1.o(.emb_text)
    NMI_Handler                              0x0800023d   Thumb Code     2  startup_stm32f4xx.o(.text)
    HardFault_Handler                        0x0800023f   Thumb Code     2  startup_stm32f4xx.o(.text)
    MemManage_Handler                        0x08000241   Thumb Code     2  startup_stm32f4xx.o(.text)
    BusFault_Handler                         0x08000243   Thumb Code     2  startup_stm32f4xx.o(.text)
    UsageFault_Handler                       0x08000245   Thumb Code     2  startup_stm32f4xx.o(.text)
    SVC_Handler                              0x08000247   Thumb Code     2  startup_stm32f4xx.o(.text)
    DebugMon_Handler                         0x08000249   Thumb Code     2  startup_stm32f4xx.o(.text)
    PendSV_Handler                           0x0800024b   Thumb Code     2  startup_stm32f4xx.o(.text)
    SysTick_Handler                          0x0800024d   Thumb Code     2  startup_stm32f4xx.o(.text)
    ADC_IRQHandler                           0x0800024f   Thumb Code     0  startup_stm32f4xx.o(.text)
    CAN1_RX0_IRQHandler                      0x0800024f   Thumb Code     0  startup_stm32f4xx.o(.text)
    CAN1_RX1_IRQHandler                      0x0800024f   Thumb Code     0  startup_stm32f4xx.o(.text)
    CAN1_SCE_IRQHandler                      0x0800024f   Thumb Code     0  startup_stm32f4xx.o(.text)
    CAN1_TX_IRQHandler                       0x0800024f   Thumb Code     0  startup_stm32f4xx.o(.text)
    CAN2_RX0_IRQHandler                      0x0800024f   Thumb Code     0  startup_stm32f4xx.o(.text)
    CAN2_RX1_IRQHandler                      0x0800024f   Thumb Code     0  startup_stm32f4xx.o(.text)
    CAN2_SCE_IRQHandler                      0x0800024f   Thumb Code     0  startup_stm32f4xx.o(.text)
    CAN2_TX_IRQHandler                       0x0800024f   Thumb Code     0  startup_stm32f4xx.o(.text)
    CRYP_IRQHandler                          0x0800024f   Thumb Code     0  startup_stm32f4xx.o(.text)
    DCMI_IRQHandler                          0x0800024f   Thumb Code     0  startup_stm32f4xx.o(.text)
    DMA1_Stream0_IRQHandler                  0x0800024f   Thumb Code     0  startup_stm32f4xx.o(.text)
    DMA1_Stream1_IRQHandler                  0x0800024f   Thumb Code     0  startup_stm32f4xx.o(.text)
    DMA1_Stream2_IRQHandler                  0x0800024f   Thumb Code     0  startup_stm32f4xx.o(.text)
    DMA1_Stream3_IRQHandler                  0x0800024f   Thumb Code     0  startup_stm32f4xx.o(.text)
    DMA1_Stream4_IRQHandler                  0x0800024f   Thumb Code     0  startup_stm32f4xx.o(.text)
    DMA1_Stream5_IRQHandler                  0x0800024f   Thumb Code     0  startup_stm32f4xx.o(.text)
    DMA1_Stream6_IRQHandler                  0x0800024f   Thumb Code     0  startup_stm32f4xx.o(.text)
    DMA1_Stream7_IRQHandler                  0x0800024f   Thumb Code     0  startup_stm32f4xx.o(.text)
    DMA2_Stream0_IRQHandler                  0x0800024f   Thumb Code     0  startup_stm32f4xx.o(.text)
    DMA2_Stream1_IRQHandler                  0x0800024f   Thumb Code     0  startup_stm32f4xx.o(.text)
    DMA2_Stream2_IRQHandler                  0x0800024f   Thumb Code     0  startup_stm32f4xx.o(.text)
    DMA2_Stream3_IRQHandler                  0x0800024f   Thumb Code     0  startup_stm32f4xx.o(.text)
    DMA2_Stream4_IRQHandler                  0x0800024f   Thumb Code     0  startup_stm32f4xx.o(.text)
    DMA2_Stream5_IRQHandler                  0x0800024f   Thumb Code     0  startup_stm32f4xx.o(.text)
    DMA2_Stream6_IRQHandler                  0x0800024f   Thumb Code     0  startup_stm32f4xx.o(.text)
    DMA2_Stream7_IRQHandler                  0x0800024f   Thumb Code     0  startup_stm32f4xx.o(.text)
    ETH_IRQHandler                           0x0800024f   Thumb Code     0  startup_stm32f4xx.o(.text)
    ETH_WKUP_IRQHandler                      0x0800024f   Thumb Code     0  startup_stm32f4xx.o(.text)
    EXTI0_IRQHandler                         0x0800024f   Thumb Code     0  startup_stm32f4xx.o(.text)
    EXTI15_10_IRQHandler                     0x0800024f   Thumb Code     0  startup_stm32f4xx.o(.text)
    EXTI1_IRQHandler                         0x0800024f   Thumb Code     0  startup_stm32f4xx.o(.text)
    EXTI2_IRQHandler                         0x0800024f   Thumb Code     0  startup_stm32f4xx.o(.text)
    EXTI3_IRQHandler                         0x0800024f   Thumb Code     0  startup_stm32f4xx.o(.text)
    EXTI4_IRQHandler                         0x0800024f   Thumb Code     0  startup_stm32f4xx.o(.text)
    EXTI9_5_IRQHandler                       0x0800024f   Thumb Code     0  startup_stm32f4xx.o(.text)
    FLASH_IRQHandler                         0x0800024f   Thumb Code     0  startup_stm32f4xx.o(.text)
    FPU_IRQHandler                           0x0800024f   Thumb Code     0  startup_stm32f4xx.o(.text)
    FSMC_IRQHandler                          0x0800024f   Thumb Code     0  startup_stm32f4xx.o(.text)
    HASH_RNG_IRQHandler                      0x0800024f   Thumb Code     0  startup_stm32f4xx.o(.text)
    I2C1_ER_IRQHandler                       0x0800024f   Thumb Code     0  startup_stm32f4xx.o(.text)
    I2C1_EV_IRQHandler                       0x0800024f   Thumb Code     0  startup_stm32f4xx.o(.text)
    I2C2_ER_IRQHandler                       0x0800024f   Thumb Code     0  startup_stm32f4xx.o(.text)
    I2C2_EV_IRQHandler                       0x0800024f   Thumb Code     0  startup_stm32f4xx.o(.text)
    I2C3_ER_IRQHandler                       0x0800024f   Thumb Code     0  startup_stm32f4xx.o(.text)
    I2C3_EV_IRQHandler                       0x0800024f   Thumb Code     0  startup_stm32f4xx.o(.text)
    OTG_FS_IRQHandler                        0x0800024f   Thumb Code     0  startup_stm32f4xx.o(.text)
    OTG_FS_WKUP_IRQHandler                   0x0800024f   Thumb Code     0  startup_stm32f4xx.o(.text)
    OTG_HS_EP1_IN_IRQHandler                 0x0800024f   Thumb Code     0  startup_stm32f4xx.o(.text)
    OTG_HS_EP1_OUT_IRQHandler                0x0800024f   Thumb Code     0  startup_stm32f4xx.o(.text)
    OTG_HS_IRQHandler                        0x0800024f   Thumb Code     0  startup_stm32f4xx.o(.text)
    OTG_HS_WKUP_IRQHandler                   0x0800024f   Thumb Code     0  startup_stm32f4xx.o(.text)
    PVD_IRQHandler                           0x0800024f   Thumb Code     0  startup_stm32f4xx.o(.text)
    RCC_IRQHandler                           0x0800024f   Thumb Code     0  startup_stm32f4xx.o(.text)
    RTC_Alarm_IRQHandler                     0x0800024f   Thumb Code     0  startup_stm32f4xx.o(.text)
    RTC_WKUP_IRQHandler                      0x0800024f   Thumb Code     0  startup_stm32f4xx.o(.text)
    SDIO_IRQHandler                          0x0800024f   Thumb Code     0  startup_stm32f4xx.o(.text)
    SPI1_IRQHandler                          0x0800024f   Thumb Code     0  startup_stm32f4xx.o(.text)
    SPI2_IRQHandler                          0x0800024f   Thumb Code     0  startup_stm32f4xx.o(.text)
    SPI3_IRQHandler                          0x0800024f   Thumb Code     0  startup_stm32f4xx.o(.text)
    TAMP_STAMP_IRQHandler                    0x0800024f   Thumb Code     0  startup_stm32f4xx.o(.text)
    TIM1_BRK_TIM9_IRQHandler                 0x0800024f   Thumb Code     0  startup_stm32f4xx.o(.text)
    TIM1_CC_IRQHandler                       0x0800024f   Thumb Code     0  startup_stm32f4xx.o(.text)
    TIM1_TRG_COM_TIM11_IRQHandler            0x0800024f   Thumb Code     0  startup_stm32f4xx.o(.text)
    TIM1_UP_TIM10_IRQHandler                 0x0800024f   Thumb Code     0  startup_stm32f4xx.o(.text)
    TIM5_IRQHandler                          0x0800024f   Thumb Code     0  startup_stm32f4xx.o(.text)
    TIM6_DAC_IRQHandler                      0x0800024f   Thumb Code     0  startup_stm32f4xx.o(.text)
    TIM7_IRQHandler                          0x0800024f   Thumb Code     0  startup_stm32f4xx.o(.text)
    TIM8_BRK_TIM12_IRQHandler                0x0800024f   Thumb Code     0  startup_stm32f4xx.o(.text)
    TIM8_CC_IRQHandler                       0x0800024f   Thumb Code     0  startup_stm32f4xx.o(.text)
    TIM8_TRG_COM_TIM14_IRQHandler            0x0800024f   Thumb Code     0  startup_stm32f4xx.o(.text)
    TIM8_UP_TIM13_IRQHandler                 0x0800024f   Thumb Code     0  startup_stm32f4xx.o(.text)
    WWDG_IRQHandler                          0x0800024f   Thumb Code     0  startup_stm32f4xx.o(.text)
    __user_initial_stackheap                 0x08000251   Thumb Code     0  startup_stm32f4xx.o(.text)
    __aeabi_memclr4                          0x08000275   Thumb Code     0  rt_memclr_w.o(.text)
    __aeabi_memclr8                          0x08000275   Thumb Code     0  rt_memclr_w.o(.text)
    __rt_memclr_w                            0x08000275   Thumb Code    78  rt_memclr_w.o(.text)
    _memset_w                                0x08000279   Thumb Code     0  rt_memclr_w.o(.text)
    __use_two_region_memory                  0x080002c3   Thumb Code     2  heapauxi.o(.text)
    __rt_heap_escrow                         0x080002c5   Thumb Code     2  heapauxi.o(.text)
    __rt_heap_expand                         0x080002c7   Thumb Code     2  heapauxi.o(.text)
    __cpp_initialize__aeabi_                 0x080002c9   Thumb Code    26  init_aeabi.o(.text)
    __rt_new_handler_addr                    0x080002ed   Thumb Code     8  rt_new_handler_addr_intlibspace.o(.text)
    malloc                                   0x080002f5   Thumb Code    94  h1_alloc.o(.text)
    free                                     0x08000353   Thumb Code    78  h1_free.o(.text)
    __default_new_handler()                  0x080003a1   Thumb Code     4  arm_newhandler_noexceptions.o(.text)
    __user_libspace                          0x080003a5   Thumb Code     8  libspace.o(.text)
    __user_perproc_libspace                  0x080003a5   Thumb Code     0  libspace.o(.text)
    __user_perthread_libspace                0x080003a5   Thumb Code     0  libspace.o(.text)
    __rt_heap_descriptor                     0x080003ad   Thumb Code     8  rt_heap_descriptor_intlibspace.o(.text)
    __use_no_heap                            0x080003b5   Thumb Code     2  hguard.o(.text)
    __heap$guard                             0x080003b7   Thumb Code     2  hguard.o(.text)
    _terminate_user_alloc                    0x080003b9   Thumb Code     2  init_alloc.o(.text)
    _init_user_alloc                         0x080003bb   Thumb Code     2  init_alloc.o(.text)
    __Heap_Full                              0x080003bd   Thumb Code    34  init_alloc.o(.text)
    __Heap_Broken                            0x080003df   Thumb Code     6  init_alloc.o(.text)
    _init_alloc                              0x080003e5   Thumb Code    94  init_alloc.o(.text)
    __Heap_Initialize                        0x08000443   Thumb Code    10  h1_init.o(.text)
    __Heap_DescSize                          0x0800044d   Thumb Code     4  h1_init.o(.text)
    std::terminate()                         0x08000451   Thumb Code    26  arm_exceptions_terminate.o(.text)
    __user_setup_stackheap                   0x0800046b   Thumb Code    74  sys_stackheap_outer.o(.text)
    __Heap_ProvideMemory                     0x080004b5   Thumb Code    52  h1_extend.o(.text)
    exit                                     0x080004e9   Thumb Code    12  exit.o(.text)
    abort                                    0x080004f5   Thumb Code    16  abort.o(.text)
    __rt_SIGRTMEM                            0x08000505   Thumb Code    14  defsig_rtmem_outer.o(.text)
    __cxa_get_globals                        0x0800051b   Thumb Code    62  arm_exceptions_globs.o(.text)
    _sys_exit                                0x08000565   Thumb Code     8  sys_exit.o(.text)
    __I$use$semihosting                      0x08000571   Thumb Code     0  use_no_semi.o(.text)
    __use_no_semihosting_swi                 0x08000571   Thumb Code     2  use_no_semi.o(.text)
    __semihosting_library_function           0x08000573   Thumb Code     0  indicate_semi.o(.text)
    __rt_eh_globals_addr                     0x08000575   Thumb Code     8  rt_eh_globals_addr_intlibspace.o(.text)
    __sig_exit                               0x0800057d   Thumb Code    10  defsig_exit.o(.text)
    __rt_SIGABRT                             0x08000587   Thumb Code    14  defsig_abrt_outer.o(.text)
    __rt_SIGRTMEM_inner                      0x08000595   Thumb Code    22  defsig_rtmem_inner.o(.text)
    __ARM_exceptions_buffer_init             0x080005e5   Thumb Code    18  arm_exceptions_mem.o(.text)
    __ARM_exceptions_buffer_allocate         0x080005f7   Thumb Code    22  arm_exceptions_mem.o(.text)
    __ARM_exceptions_buffer_free             0x0800060d   Thumb Code    20  arm_exceptions_mem.o(.text)
    __default_signal_display                 0x08000621   Thumb Code    50  defsig_general.o(.text)
    __rt_SIGABRT_inner                       0x08000655   Thumb Code    14  defsig_abrt_inner.o(.text)
    _ttywrch                                 0x08000685   Thumb Code    14  sys_wrch.o(.text)
    ADC_Cmd                                  0x08000693   Thumb Code    20  stm32f4xx_adc.o(i.ADC_Cmd)
    ADC_CommonInit                           0x080006a9   Thumb Code    30  stm32f4xx_adc.o(i.ADC_CommonInit)
    ADC_DMACmd                               0x080006d1   Thumb Code    20  stm32f4xx_adc.o(i.ADC_DMACmd)
    ADC_DMARequestAfterLastTransferCmd       0x080006e5   Thumb Code    20  stm32f4xx_adc.o(i.ADC_DMARequestAfterLastTransferCmd)
    ADC_Init                                 0x080006f9   Thumb Code    66  stm32f4xx_adc.o(i.ADC_Init)
    ADC_RegularChannelConfig                 0x08000745   Thumb Code   116  stm32f4xx_adc.o(i.ADC_RegularChannelConfig)
    ADC_SoftwareStartConv                    0x080007b9   Thumb Code    10  stm32f4xx_adc.o(i.ADC_SoftwareStartConv)
    Adc1DmaChannelConfig                     0x080007c5   Thumb Code   104  stm32_adc.o(i.Adc1DmaChannelConfig)
    Adc1DmaCominit                           0x08000831   Thumb Code    24  stm32_adc.o(i.Adc1DmaCominit)
    Adc1DmaConfig                            0x08000849   Thumb Code    78  stm32_adc.o(i.Adc1DmaConfig)
    Adc1DmaGpioConfig                        0x080008a5   Thumb Code    28  stm32_adc.o(i.Adc1DmaGpioConfig)
    Adc1DmaInit                              0x080008c5   Thumb Code    48  stm32_adc.o(i.Adc1DmaInit)
    Adc1DmaStrinit                           0x080008fd   Thumb Code    40  stm32_adc.o(i.Adc1DmaStrinit)
    DMA_Cmd                                  0x08000929   Thumb Code    20  stm32f4xx_dma.o(i.DMA_Cmd)
    DMA_Init                                 0x0800093d   Thumb Code    80  stm32f4xx_dma.o(i.DMA_Init)
    FilteAdcVaule                            0x08000991   Thumb Code    58  stm32_adc.o(i.FilteAdcVaule)
    GPIO_Init                                0x080009d1   Thumb Code   162  stm32f4xx_gpio.o(i.GPIO_Init)
    GPIO_PinAFConfig                         0x08000a73   Thumb Code    32  stm32f4xx_gpio.o(i.GPIO_PinAFConfig)
    GPIO_ReadInputDataBit                    0x08000a93   Thumb Code    14  stm32f4xx_gpio.o(i.GPIO_ReadInputDataBit)
    GPIO_ReadOutputDataBit                   0x08000aa1   Thumb Code    14  stm32f4xx_gpio.o(i.GPIO_ReadOutputDataBit)
    GPIO_ResetBits                           0x08000aaf   Thumb Code     4  stm32f4xx_gpio.o(i.GPIO_ResetBits)
    GPIO_SetBits                             0x08000ab3   Thumb Code     4  stm32f4xx_gpio.o(i.GPIO_SetBits)
    GPIO_WriteBit                            0x08000ab7   Thumb Code    10  stm32f4xx_gpio.o(i.GPIO_WriteBit)
    NVIC_Init                                0x08000ac1   Thumb Code    92  misc.o(i.NVIC_Init)
    NVIC_PriorityGroupConfig                 0x08000b25   Thumb Code    10  misc.o(i.NVIC_PriorityGroupConfig)
    RCC_AHB1PeriphClockCmd                   0x08000b39   Thumb Code    18  stm32f4xx_rcc.o(i.RCC_AHB1PeriphClockCmd)
    RCC_APB1PeriphClockCmd                   0x08000b51   Thumb Code    18  stm32f4xx_rcc.o(i.RCC_APB1PeriphClockCmd)
    RCC_APB1PeriphResetCmd                   0x08000b69   Thumb Code    18  stm32f4xx_rcc.o(i.RCC_APB1PeriphResetCmd)
    RCC_APB2PeriphClockCmd                   0x08000b81   Thumb Code    18  stm32f4xx_rcc.o(i.RCC_APB2PeriphClockCmd)
    RCC_APB2PeriphResetCmd                   0x08000b99   Thumb Code    18  stm32f4xx_rcc.o(i.RCC_APB2PeriphResetCmd)
    RCC_GetClocksFreq                        0x08000bb1   Thumb Code   132  stm32f4xx_rcc.o(i.RCC_GetClocksFreq)
    STM32_GpioInit                           0x08000c41   Thumb Code    62  stm32f4_gpioinit.o(i.STM32_GpioInit)
    STM32_GpioOneInit                        0x08000c7f   Thumb Code    24  stm32f4_gpioinit.o(i.STM32_GpioOneInit)
    STM32_InitUsart1                         0x08000c99   Thumb Code   182  stm32f4_usartinit.o(i.STM32_InitUsart1)
    STM32_InitUsart2                         0x08000d5d   Thumb Code   146  stm32f4_usartinit.o(i.STM32_InitUsart2)
    STM32_InitUsart3                         0x08000dfd   Thumb Code   174  stm32f4_usartinit.o(i.STM32_InitUsart3)
    STM32_InitUsart4                         0x08000ebd   Thumb Code   146  stm32f4_usartinit.o(i.STM32_InitUsart4)
    STM32_InitUsart5                         0x08000f5d   Thumb Code   158  stm32f4_usartinit.o(i.STM32_InitUsart5)
    STM32_InitUsart6                         0x0800100d   Thumb Code   146  stm32f4_usartinit.o(i.STM32_InitUsart6)
    STM32_PPMOutSetPPMVal                    0x080010ad   Thumb Code    56  stm32f4_pwmout.o(i.STM32_PPMOutSetPPMVal)
    STM32_Timer9InitAsPwm                    0x080010e9   Thumb Code    94  stm32f4_pwmout.o(i.STM32_Timer9InitAsPwm)
    STM32_Timer9PwmOcInit                    0x08001151   Thumb Code    54  stm32f4_pwmout.o(i.STM32_Timer9PwmOcInit)
    STM32_TimerBaseInit                      0x0800118d   Thumb Code    44  stm32f4_gpioinit.o(i.STM32_TimerBaseInit)
    STM32_Usart_InitConfig                   0x080011b9   Thumb Code    48  stm32f4_usartinit.o(i.STM32_Usart_InitConfig)
    STM32_Usart_InitNVIC                     0x080011e9   Thumb Code    28  stm32f4_usartinit.o(i.STM32_Usart_InitNVIC)
    ServoControl                             0x08001205   Thumb Code    72  stm32f4_pwmout.o(i.ServoControl)
    SysTick_DelayMs                          0x08001305   Thumb Code    18  stm32f4_systick.o(i.SysTick_DelayMs)
    SystemInit                               0x08001319   Thumb Code    74  system_stm32f4xx.o(i.SystemInit)
    TIM2_IRQHandler                          0x08001375   Thumb Code    48  stm32_irq_fun.o(i.TIM2_IRQHandler)
    TIM3_IRQHandler                          0x080013a9   Thumb Code    46  stm32_irq_fun.o(i.TIM3_IRQHandler)
    TIM4_IRQHandler                          0x080013e1   Thumb Code    46  stm32_irq_fun.o(i.TIM4_IRQHandler)
    TIM_ARRPreloadConfig                     0x08001419   Thumb Code    20  stm32f4xx_tim.o(i.TIM_ARRPreloadConfig)
    TIM_ClearFlag                            0x0800142d   Thumb Code     6  stm32f4xx_tim.o(i.TIM_ClearFlag)
    TIM_ClearITPendingBit                    0x08001433   Thumb Code     6  stm32f4xx_tim.o(i.TIM_ClearITPendingBit)
    TIM_Cmd                                  0x08001439   Thumb Code    20  stm32f4xx_tim.o(i.TIM_Cmd)
    TIM_CtrlPWMOutputs                       0x0800144d   Thumb Code    22  stm32f4xx_tim.o(i.TIM_CtrlPWMOutputs)
    TIM_DeInit                               0x08001465   Thumb Code   284  stm32f4xx_tim.o(i.TIM_DeInit)
    TIM_GetITStatus                          0x080015b5   Thumb Code    24  stm32f4xx_tim.o(i.TIM_GetITStatus)
    TIM_ITConfig                             0x080015cd   Thumb Code    16  stm32f4xx_tim.o(i.TIM_ITConfig)
    TIM_OC1Init                              0x080015dd   Thumb Code    88  stm32f4xx_tim.o(i.TIM_OC1Init)
    TIM_OC1PreloadConfig                     0x0800163d   Thumb Code    12  stm32f4xx_tim.o(i.TIM_OC1PreloadConfig)
    TIM_TimeBaseInit                         0x08001649   Thumb Code    96  stm32f4xx_tim.o(i.TIM_TimeBaseInit)
    UART4_IRQHandler                         0x080016c5   Thumb Code    90  stm32f4_usartirq.o(i.UART4_IRQHandler)
    UART5_IRQHandler                         0x08001729   Thumb Code    90  stm32f4_usartirq.o(i.UART5_IRQHandler)
    USART1_DataRegEmpty                      0x0800178d   Thumb Code    68  stm32f4_usartdriver.o(i.USART1_DataRegEmpty)
    USART1_IRQHandler                        0x080017d5   Thumb Code    98  stm32f4_usartirq.o(i.USART1_IRQHandler)
    USART2_DataRegEmpty                      0x08001845   Thumb Code    56  stm32f4_usartdriver.o(i.USART2_DataRegEmpty)
    USART2_IRQHandler                        0x0800187d   Thumb Code    90  stm32f4_usartirq.o(i.USART2_IRQHandler)
    USART3_DataRegEmpty                      0x080018e1   Thumb Code    68  stm32f4_usartdriver.o(i.USART3_DataRegEmpty)
    USART3_IRQHandler                        0x08001929   Thumb Code    98  stm32f4_usartirq.o(i.USART3_IRQHandler)
    USART4_DataRegEmpty                      0x08001999   Thumb Code    56  stm32f4_usartdriver.o(i.USART4_DataRegEmpty)
    USART5_DataRegEmpty                      0x080019d1   Thumb Code    56  stm32f4_usartdriver.o(i.USART5_DataRegEmpty)
    USART6_DataRegEmpty                      0x08001a09   Thumb Code    56  stm32f4_usartdriver.o(i.USART6_DataRegEmpty)
    USART6_IRQHandler                        0x08001a41   Thumb Code    90  stm32f4_usartirq.o(i.USART6_IRQHandler)
    USART_ClearITPendingBit                  0x08001aa5   Thumb Code    12  stm32f4xx_usart.o(i.USART_ClearITPendingBit)
    USART_Cmd                                0x08001ab1   Thumb Code    20  stm32f4xx_usart.o(i.USART_Cmd)
    USART_GetITStatus                        0x08001ac5   Thumb Code    62  stm32f4xx_usart.o(i.USART_GetITStatus)
    USART_ITConfig                           0x08001b03   Thumb Code    48  stm32f4xx_usart.o(i.USART_ITConfig)
    USART_Init                               0x08001b35   Thumb Code   174  stm32f4xx_usart.o(i.USART_Init)
    USART_InterruptDriver_Initialize         0x08001bed   Thumb Code    16  stm32f4_usartdriver.o(i.USART_InterruptDriver_Initialize)
    USART_RXBufferData_Available             0x08001bfd   Thumb Code    20  stm32f4_usartdriver.o(i.USART_RXBufferData_Available)
    USART_RXBuffer_GetByte                   0x08001c11   Thumb Code    24  stm32f4_usartdriver.o(i.USART_RXBuffer_GetByte)
    USART_RXComplete                         0x08001c29   Thumb Code    48  stm32f4_usartdriver.o(i.USART_RXComplete)
    USART_StructInit                         0x08001c59   Thumb Code    22  stm32f4xx_usart.o(i.USART_StructInit)
    USART_TXBuffer_FreeSpace                 0x08001c6f   Thumb Code    26  stm32f4_usartdriver.o(i.USART_TXBuffer_FreeSpace)
    USART_TXBuffer_PutByte                   0x08001c89   Thumb Code    50  stm32f4_usartdriver.o(i.USART_TXBuffer_PutByte)
    CamControl::sendCamCommand(unsigned char*) 0x08001cbb   Thumb Code   102  camcontrol.o(i._ZN10CamControl14sendCamCommandEPh)
    CamControl::sendZoomCommand(unsigned char) 0x08001d21   Thumb Code    74  camcontrol.o(i._ZN10CamControl15sendZoomCommandEh)
    CamControl::CamControl(SerialPort*)      0x08001d6d   Thumb Code     8  camcontrol.o(i._ZN10CamControlC1EP10SerialPort)
    CamControl::CamControl__sub_object(SerialPort*) 0x08001d6d   Thumb Code     0  camcontrol.o(i._ZN10CamControlC1EP10SerialPort)
    LEDLighter::setLightOn()                 0x08001d79   Thumb Code     6  crabapp.o(i._ZN10LEDLighter10setLightOnEv)
    LEDLighter::initLighter()                0x08001d7f   Thumb Code    40  ledlighter.o(i._ZN10LEDLighter11initLighterEv)
    LEDLighter::setLightOff()                0x08001da7   Thumb Code     6  crabapp.o(i._ZN10LEDLighter11setLightOffEv)
    LEDLighter::reverseLight()               0x08001dad   Thumb Code    34  ledlighter.o(i._ZN10LEDLighter12reverseLightEv)
    LEDLighter::setLightStatus(bool)         0x08001dcf   Thumb Code    16  ledlighter.o(i._ZN10LEDLighter14setLightStatusEb)
    LEDLighter::LEDLighter(GPIO_TypeDef*, unsigned) 0x08001de1   Thumb Code   108  ledlighter.o(i._ZN10LEDLighterC1EP12GPIO_TypeDefj)
    LEDLighter::LEDLighter__sub_object(GPIO_TypeDef*, unsigned) 0x08001de1   Thumb Code     0  ledlighter.o(i._ZN10LEDLighterC1EP12GPIO_TypeDefj)
    SerialPort::open()                       0x08001e71   Thumb Code    68  serialport.o(i._ZN10SerialPort4openEv)
    SerialPort::write(unsigned char*, unsigned char) 0x08001ecd   Thumb Code    36  serialport.o(i._ZN10SerialPort5writeEPhh)
    SerialPort::getChar()                    0x08001ef1   Thumb Code     6  serialport.o(i._ZN10SerialPort7getCharEv)
    SerialPort::putChar(unsigned char)       0x08001ef7   Thumb Code    16  serialport.o(i._ZN10SerialPort7putCharEh)
    SerialPort::readAllow()                  0x08001f07   Thumb Code    16  serialport.o(i._ZN10SerialPort9readAllowEv)
    SerialPort::SerialPort(int, int)         0x08001f19   Thumb Code    98  serialport.o(i._ZN10SerialPortC1Eii)
    SerialPort::SerialPort__sub_object(int, int) 0x08001f19   Thumb Code     0  serialport.o(i._ZN10SerialPortC1Eii)
    BaseControl::sendCommand()               0x08001f95   Thumb Code   102  basecontrol.o(i._ZN11BaseControl11sendCommandEv)
    BaseControl::BaseControl(SerialPort*)    0x08001ffd   Thumb Code    46  basecontrol.o(i._ZN11BaseControlC1EP10SerialPort)
    BaseControl::BaseControl__sub_object(SerialPort*) 0x08001ffd   Thumb Code     0  basecontrol.o(i._ZN11BaseControlC1EP10SerialPort)
    MotorControl::setSpeed_1(short)          0x08002031   Thumb Code     4  motorcontrol.o(i._ZN12MotorControl10setSpeed_1Es)
    MotorControl::sendSpeedCommand(signed char) 0x08002035   Thumb Code    98  motorcontrol.o(i._ZN12MotorControl16sendSpeedCommandEa)
    MotorControl::updateUspeedTime()         0x08002097   Thumb Code    38  motorcontrol.o(i._ZN12MotorControl16updateUspeedTimeEv)
    MotorControl::MotorControl(SerialPort*)  0x080020bd   Thumb Code    50  motorcontrol.o(i._ZN12MotorControlC1EP10SerialPort)
    MotorControl::MotorControl__sub_object(SerialPort*) 0x080020bd   Thumb Code     0  motorcontrol.o(i._ZN12MotorControlC1EP10SerialPort)
    VideoControl::sendVideoChannel(unsigned char) 0x080020f5   Thumb Code     4  videocontrol.o(i._ZN12VideoControl16sendVideoChannelEh)
    VideoControl::sendVideoCommand(unsigned char) 0x080020f9   Thumb Code    26  videocontrol.o(i._ZN12VideoControl16sendVideoCommandEh)
    VideoControl::VideoControl(SerialPort*)  0x08002115   Thumb Code     8  videocontrol.o(i._ZN12VideoControlC1EP10SerialPort)
    VideoControl::VideoControl__sub_object(SerialPort*) 0x08002115   Thumb Code     0  videocontrol.o(i._ZN12VideoControlC1EP10SerialPort)
    Mpu6050Control::dealrecData()            0x08002121   Thumb Code   186  mpu6050control.o(i._ZN14Mpu6050Control11dealrecDataEv)
    Mpu6050Control::imureciveData(SerialPort*) 0x080021db   Thumb Code   162  mpu6050control.o(i._ZN14Mpu6050Control13imureciveDataEP10SerialPort)
    Mpu6050Control::Mpu6050Control(SerialPort*) 0x0800227d   Thumb Code    58  mpu6050control.o(i._ZN14Mpu6050ControlC1EP10SerialPort)
    Mpu6050Control::Mpu6050Control__sub_object(SerialPort*) 0x0800227d   Thumb Code     0  mpu6050control.o(i._ZN14Mpu6050ControlC1EP10SerialPort)
    TerminalControl::reciveData(SerialPort*) 0x080022bd   Thumb Code   154  terminalcontrol.o(i._ZN15TerminalControl10reciveDataEP10SerialPort)
    TerminalControl::reciveData()            0x08002359   Thumb Code    50  terminalcontrol.o(i._ZN15TerminalControl10reciveDataEv)
    TerminalControl::TerminalControl(SerialPort*) 0x08002391   Thumb Code    72  terminalcontrol.o(i._ZN15TerminalControlC1EP10SerialPort)
    TerminalControl::TerminalControl__sub_object(SerialPort*) 0x08002391   Thumb Code     0  terminalcontrol.o(i._ZN15TerminalControlC1EP10SerialPort)
    Key::initKey()                           0x080023dd   Thumb Code    26  key.o(i._ZN3Key7initKeyEv)
    Key::getValue()                          0x080023f7   Thumb Code    22  key.o(i._ZN3Key8getValueEv)
    Key::Key(GPIO_TypeDef*, unsigned)        0x0800240d   Thumb Code   104  key.o(i._ZN3KeyC1EP12GPIO_TypeDefj)
    Key::Key__sub_object(GPIO_TypeDef*, unsigned) 0x0800240d   Thumb Code     0  key.o(i._ZN3KeyC1EP12GPIO_TypeDefj)
    Timer::setTimeOut(int)                   0x08002491   Thumb Code   184  timer.o(i._ZN5Timer10setTimeOutEi)
    Timer::getITStatus(TIM_TypeDef*)         0x0800254d   Thumb Code     6  timer.o(i._ZN5Timer11getITStatusEP11TIM_TypeDef)
    Timer::setPriority(unsigned char, unsigned char) 0x08002553   Thumb Code    36  timer.o(i._ZN5Timer11setPriorityEhh)
    Timer::clearITPendingBit(TIM_TypeDef*)   0x08002577   Thumb Code     6  timer.o(i._ZN5Timer17clearITPendingBitEP11TIM_TypeDef)
    Timer::stop(TIM_TypeDef*)                0x0800257d   Thumb Code     6  timer.o(i._ZN5Timer4stopEP11TIM_TypeDef)
    Timer::stop()                            0x08002583   Thumb Code     8  timer.o(i._ZN5Timer4stopEv)
    Timer::start(TIM_TypeDef*)               0x0800258b   Thumb Code     6  timer.o(i._ZN5Timer5startEP11TIM_TypeDef)
    Timer::start()                           0x08002591   Thumb Code     8  timer.o(i._ZN5Timer5startEv)
    Timer::Timer(TIM_TypeDef*)               0x08002599   Thumb Code   120  timer.o(i._ZN5TimerC1EP11TIM_TypeDef)
    Timer::Timer__sub_object(TIM_TypeDef*)   0x08002599   Thumb Code     0  timer.o(i._ZN5TimerC1EP11TIM_TypeDef)
    CrabApp::resetvaule()                    0x08002621   Thumb Code    48  crabapp.o(i._ZN7CrabApp10resetvauleEv)
    CrabApp::runOnTime2()                    0x08002655   Thumb Code   104  crabapp.o(i._ZN7CrabApp10runOnTime2Ev)
    CrabApp::runOnTime3()                    0x080026c1   Thumb Code    78  crabapp.o(i._ZN7CrabApp10runOnTime3Ev)
    CrabApp::runOnTime4()                    0x0800270f   Thumb Code     2  crabapp.o(i._ZN7CrabApp10runOnTime4Ev)
    CrabApp::sendCamData()                   0x08002711   Thumb Code    50  crabapp.o(i._ZN7CrabApp11sendCamDataEv)
    CrabApp::lightcontrol(unsigned char*)    0x08002749   Thumb Code    54  crabapp.o(i._ZN7CrabApp12lightcontrolEPh)
    CrabApp::powerledshow(float)             0x08002785   Thumb Code   106  crabapp.o(i._ZN7CrabApp12powerledshowEf)
    CrabApp::camlencontrol(unsigned char*)   0x08002801   Thumb Code    22  crabapp.o(i._ZN7CrabApp13camlencontrolEPh)
    CrabApp::cradlecontrol(unsigned char*)   0x08002817   Thumb Code    28  crabapp.o(i._ZN7CrabApp13cradlecontrolEPh)
    CrabApp::setwheelspeed(short*, short*, short) 0x08002835   Thumb Code    38  crabapp.o(i._ZN7CrabApp13setwheelspeedEPsS0_s)
    CrabApp::wheelspeedcal(short, short)     0x0800285b   Thumb Code    28  crabapp.o(i._ZN7CrabApp13wheelspeedcalEss)
    CrabApp::autoruncontrol()                0x08002879   Thumb Code   178  crabapp.o(i._ZN7CrabApp14autoruncontrolEv)
    CrabApp::fpvchannelconf(unsigned char)   0x08002931   Thumb Code    86  crabapp.o(i._ZN7CrabApp14fpvchannelconfEh)
    CrabApp::subEctQuantity(float*, float*)  0x0800298d   Thumb Code    66  crabapp.o(i._ZN7CrabApp14subEctQuantityEPfS0_)
    CrabApp::workmodedetect(unsigned char*)  0x080029d9   Thumb Code    66  crabapp.o(i._ZN7CrabApp14workmodedetectEPh)
    CrabApp::openUserInterrupt()             0x08002a21   Thumb Code    56  crabapp.o(i._ZN7CrabApp17openUserInterruptEv)
    CrabApp::videochanelcontrol(unsigned char*) 0x08002a59   Thumb Code    34  crabapp.o(i._ZN7CrabApp18videochanelcontrolEPh)
    CrabApp::disposeTerminalData()           0x08002a7b   Thumb Code    66  crabapp.o(i._ZN7CrabApp19disposeTerminalDataEv)
    CrabApp::mecanumwheelcontrol(unsigned char*) 0x08002abd   Thumb Code   220  crabapp.o(i._ZN7CrabApp19mecanumwheelcontrolEPh)
    CrabApp::sendDriverMotorData()           0x08002b99   Thumb Code   112  crabapp.o(i._ZN7CrabApp19sendDriverMotorDataEv)
    CrabApp::sendVideoChangeData()           0x08002c0d   Thumb Code    28  crabapp.o(i._ZN7CrabApp19sendVideoChangeDataEv)
    CrabApp::updateSendDriverData()          0x08002c2d   Thumb Code    24  crabapp.o(i._ZN7CrabApp20updateSendDriverDataEv)
    CrabApp::infrascan()                     0x08002c45   Thumb Code    82  crabapp.o(i._ZN7CrabApp9infrascanEv)
    CrabApp::CrabApp()                       0x08002c9d   Thumb Code   728  crabapp.o(i._ZN7CrabAppC1Ev)
    CrabApp::CrabApp__sub_object()           0x08002c9d   Thumb Code     0  crabapp.o(i._ZN7CrabAppC1Ev)
    RingChain::next()                        0x08002f89   Thumb Code     8  datachain.o(i._ZN9RingChain4nextEv)
    RingChain::getData()                     0x08002f91   Thumb Code     6  datachain.o(i._ZN9RingChain7getDataEv)
    RingChain::setData(unsigned char)        0x08002f97   Thumb Code     6  datachain.o(i._ZN9RingChain7setDataEh)
    RingChain::previous()                    0x08002f9d   Thumb Code     8  datachain.o(i._ZN9RingChain8previousEv)
    RingChain::RingChain(int)                0x08002fa5   Thumb Code    82  datachain.o(i._ZN9RingChainC1Ei)
    RingChain::RingChain__sub_object(int)    0x08002fa5   Thumb Code     0  datachain.o(i._ZN9RingChainC1Ei)
    operator new[] (unsigned)                0x08002ff7   Thumb Code     8  array_new.o(i._Znaj)
    operator new(unsigned)                   0x08003001   Thumb Code    34  new.o(i._Znwj)
    getbatvolt                               0x08003089   Thumb Code   102  stm32_adc.o(i.getbatvolt)
    main                                     0x0800310d   Thumb Code    52  main.o(i.main)
    setSystemPriorityGroup                   0x08003145   Thumb Code     8  stm32f4_prioritycontrol.o(i.setSystemPriorityGroup)
    __aeabi_d2f                              0x0800314d   Thumb Code     0  d2f.o(x$fpl$d2f)
    _d2f                                     0x0800314d   Thumb Code    98  d2f.o(x$fpl$d2f)
    __aeabi_dadd                             0x080031b1   Thumb Code     0  daddsub_clz.o(x$fpl$dadd)
    _dadd                                    0x080031b1   Thumb Code   332  daddsub_clz.o(x$fpl$dadd)
    __aeabi_dmul                             0x08003301   Thumb Code     0  dmul.o(x$fpl$dmul)
    _dmul                                    0x08003301   Thumb Code   332  dmul.o(x$fpl$dmul)
    __fpl_dnaninf                            0x08003455   Thumb Code   156  dnaninf.o(x$fpl$dnaninf)
    __fpl_dretinf                            0x080034f1   Thumb Code    12  dretinf.o(x$fpl$dretinf)
    __aeabi_dsub                             0x080034fd   Thumb Code     0  daddsub_clz.o(x$fpl$dsub)
    _dsub                                    0x080034fd   Thumb Code   464  daddsub_clz.o(x$fpl$dsub)
    __aeabi_f2d                              0x080036d1   Thumb Code     0  f2d.o(x$fpl$f2d)
    _f2d                                     0x080036d1   Thumb Code    86  f2d.o(x$fpl$f2d)
    __fpl_fnaninf                            0x08003727   Thumb Code   140  fnaninf.o(x$fpl$fnaninf)
    _fp_init                                 0x080037b3   Thumb Code    10  fpinit.o(x$fpl$fpinit)
    __fplib_config_fpu_vfp                   0x080037bb   Thumb Code     0  fpinit.o(x$fpl$fpinit)
    __fplib_config_pureend_doubles           0x080037bb   Thumb Code     0  fpinit.o(x$fpl$fpinit)
    __fpl_fretinf                            0x080037bd   Thumb Code    10  fretinf.o(x$fpl$fretinf)
    __I$use$fp                               0x080037c6   Number         0  usenofp.o(x$fpl$usenofp)
    vtable for CamControl                    0x080037c8   Data          16  camcontrol.o(.constdata__ZTV10CamControl)
    vtable for BaseControl                   0x080037d8   Data          16  basecontrol.o(.constdata__ZTV11BaseControl)
    vtable for MotorControl                  0x080037e8   Data          16  motorcontrol.o(.constdata__ZTV12MotorControl)
    vtable for VideoControl                  0x080037f8   Data          16  videocontrol.o(.constdata__ZTV12VideoControl)
    vtable for Mpu6050Control                0x08003808   Data          16  mpu6050control.o(.constdata__ZTV14Mpu6050Control)
    vtable for TerminalControl               0x08003818   Data          16  terminalcontrol.o(.constdata__ZTV15TerminalControl)
    Region$$Table$$Base                      0x08003828   Number         0  anon$$obj.o(Region$$Table)
    Region$$Table$$Limit                     0x08003848   Number         0  anon$$obj.o(Region$$Table)
    SHT$$INIT_ARRAY$$Base                    0x08003848   Number         0  basecontrol.o(.init_array)
    SHT$$INIT_ARRAY$$Limit                   0x0800384c   Number         0  basecontrol.o(.init_array)
    myApp                                    0x20000000   Data           4  main.o(.data)
    BaseControl::reciveBuf                   0x20000030   Data          36  basecontrol.o(.bss)
    BaseControl::reciveChin                  0x20000054   Data          24  basecontrol.o(.bss)
    AD_Value                                 0x2000006c   Data        2160  stm32_adc.o(.bss)
    After_filter                             0x200008dc   Data          12  stm32_adc.o(.bss)
    USART_data_1                             0x200008e8   Data         264  stm32f4_usartinit.o(.bss)
    USART_data_2                             0x200009f0   Data         264  stm32f4_usartinit.o(.bss)
    USART_data_3                             0x20000af8   Data         264  stm32f4_usartinit.o(.bss)
    USART_data_4                             0x20000c00   Data         264  stm32f4_usartinit.o(.bss)
    USART_data_5                             0x20000d08   Data         264  stm32f4_usartinit.o(.bss)
    USART_data_6                             0x20000e10   Data         264  stm32f4_usartinit.o(.bss)
    __libspace_start                         0x20000f18   Data          96  libspace.o(.bss)
    __temporary_stack_top$libspace           0x20000f78   Data           0  libspace.o(.bss)



==============================================================================

Memory Map of the image

  Image Entry point : 0x08000189

  Load Region LR_IROM1 (Base: 0x08000000, Size: 0x0000387c, Max: 0x00100000, ABSOLUTE)

    Execution Region ER_IROM1 (Base: 0x08000000, Size: 0x0000384c, Max: 0x00100000, ABSOLUTE)

    Base Addr    Size         Type   Attr      Idx    E Section Name        Object

    0x08000000   0x00000188   Data   RO         1817    RESET               startup_stm32f4xx.o
    0x08000188   0x00000008   Code   RO         5820  * !!!main             c_w.l(__main.o)
    0x08000190   0x00000034   Code   RO         6314    !!!scatter          c_w.l(__scatter.o)
    0x080001c4   0x0000001a   Code   RO         6316    !!handler_copy      c_w.l(__scatter_copy.o)
    0x080001de   0x00000002   PAD
    0x080001e0   0x0000001c   Code   RO         6318    !!handler_zi        c_w.l(__scatter_zi.o)
    0x080001fc   0x00000002   Code   RO         6213    .ARM.Collect$$libinit$$00000000  c_w.l(libinit.o)
    0x080001fe   0x00000004   Code   RO         6024    .ARM.Collect$$libinit$$00000001  c_w.l(libinit2.o)
    0x08000202   0x00000008   Code   RO         6026    .ARM.Collect$$libinit$$00000003  c_w.l(libinit2.o)
    0x0800020a   0x00000000   Code   RO         6028    .ARM.Collect$$libinit$$00000008  c_w.l(libinit2.o)
    0x0800020a   0x00000000   Code   RO         6030    .ARM.Collect$$libinit$$0000000A  c_w.l(libinit2.o)
    0x0800020a   0x00000000   Code   RO         6032    .ARM.Collect$$libinit$$0000000C  c_w.l(libinit2.o)
    0x0800020a   0x00000000   Code   RO         6035    .ARM.Collect$$libinit$$0000000F  c_w.l(libinit2.o)
    0x0800020a   0x00000000   Code   RO         6037    .ARM.Collect$$libinit$$00000011  c_w.l(libinit2.o)
    0x0800020a   0x00000000   Code   RO         6039    .ARM.Collect$$libinit$$00000013  c_w.l(libinit2.o)
    0x0800020a   0x00000000   Code   RO         6041    .ARM.Collect$$libinit$$00000015  c_w.l(libinit2.o)
    0x0800020a   0x00000000   Code   RO         6043    .ARM.Collect$$libinit$$00000017  c_w.l(libinit2.o)
    0x0800020a   0x00000000   Code   RO         6045    .ARM.Collect$$libinit$$00000019  c_w.l(libinit2.o)
    0x0800020a   0x00000000   Code   RO         6047    .ARM.Collect$$libinit$$0000001B  c_w.l(libinit2.o)
    0x0800020a   0x00000000   Code   RO         6049    .ARM.Collect$$libinit$$0000001D  c_w.l(libinit2.o)
    0x0800020a   0x00000000   Code   RO         6051    .ARM.Collect$$libinit$$0000001F  c_w.l(libinit2.o)
    0x0800020a   0x00000000   Code   RO         6053    .ARM.Collect$$libinit$$00000021  c_w.l(libinit2.o)
    0x0800020a   0x00000000   Code   RO         6055    .ARM.Collect$$libinit$$00000023  c_w.l(libinit2.o)
    0x0800020a   0x00000000   Code   RO         6059    .ARM.Collect$$libinit$$0000002A  c_w.l(libinit2.o)
    0x0800020a   0x00000000   Code   RO         6061    .ARM.Collect$$libinit$$0000002C  c_w.l(libinit2.o)
    0x0800020a   0x00000000   Code   RO         6063    .ARM.Collect$$libinit$$0000002E  c_w.l(libinit2.o)
    0x0800020a   0x00000004   Code   RO         6064    .ARM.Collect$$libinit$$0000002F  c_w.l(libinit2.o)
    0x0800020e   0x00000000   Code   RO         6065    .ARM.Collect$$libinit$$00000030  c_w.l(libinit2.o)
    0x0800020e   0x00000002   Code   RO         6066    .ARM.Collect$$libinit$$00000031  c_w.l(libinit2.o)
    0x08000210   0x00000002   Code   RO         6299    .ARM.Collect$$libshutdown$$00000000  c_w.l(libshutdown.o)
    0x08000212   0x00000000   Code   RO         6280    .ARM.Collect$$libshutdown$$00000003  c_w.l(libshutdown2.o)
    0x08000212   0x00000000   Code   RO         6283    .ARM.Collect$$libshutdown$$00000006  c_w.l(libshutdown2.o)
    0x08000212   0x00000000   Code   RO         6286    .ARM.Collect$$libshutdown$$00000009  c_w.l(libshutdown2.o)
    0x08000212   0x00000000   Code   RO         6288    .ARM.Collect$$libshutdown$$0000000B  c_w.l(libshutdown2.o)
    0x08000212   0x00000000   Code   RO         6291    .ARM.Collect$$libshutdown$$0000000E  c_w.l(libshutdown2.o)
    0x08000212   0x00000002   Code   RO         6292    .ARM.Collect$$libshutdown$$0000000F  c_w.l(libshutdown2.o)
    0x08000214   0x00000000   Code   RO         5954    .ARM.Collect$$rtentry$$00000000  c_w.l(rtentry.o)
    0x08000214   0x00000000   Code   RO         6110    .ARM.Collect$$rtentry$$00000002  c_w.l(rtentry2.o)
    0x08000214   0x00000006   Code   RO         6122    .ARM.Collect$$rtentry$$00000004  c_w.l(rtentry4.o)
    0x0800021a   0x00000000   Code   RO         6112    .ARM.Collect$$rtentry$$00000009  c_w.l(rtentry2.o)
    0x0800021a   0x00000004   Code   RO         6113    .ARM.Collect$$rtentry$$0000000A  c_w.l(rtentry2.o)
    0x0800021e   0x00000000   Code   RO         6115    .ARM.Collect$$rtentry$$0000000C  c_w.l(rtentry2.o)
    0x0800021e   0x00000008   Code   RO         6116    .ARM.Collect$$rtentry$$0000000D  c_w.l(rtentry2.o)
    0x08000226   0x00000002   Code   RO         6231    .ARM.Collect$$rtexit$$00000000  c_w.l(rtexit.o)
    0x08000228   0x00000000   Code   RO         6260    .ARM.Collect$$rtexit$$00000002  c_w.l(rtexit2.o)
    0x08000228   0x00000004   Code   RO         6261    .ARM.Collect$$rtexit$$00000003  c_w.l(rtexit2.o)
    0x0800022c   0x00000006   Code   RO         6262    .ARM.Collect$$rtexit$$00000004  c_w.l(rtexit2.o)
    0x08000232   0x00000002   PAD
    0x08000234   0x00000000   Code   RO         6187    .emb_text           c_w.l(maybetermalloc1.o)
    0x08000234   0x00000040   Code   RO         1818    .text               startup_stm32f4xx.o
    0x08000274   0x0000004e   Code   RO         5816    .text               c_w.l(rt_memclr_w.o)
    0x080002c2   0x00000006   Code   RO         5818    .text               c_w.l(heapauxi.o)
    0x080002c8   0x00000024   Code   RO         5825    .text               c_w.l(init_aeabi.o)
    0x080002ec   0x00000008   Code   RO         5958    .text               c_w.l(rt_new_handler_addr_intlibspace.o)
    0x080002f4   0x0000005e   Code   RO         5964    .text               c_w.l(h1_alloc.o)
    0x08000352   0x0000004e   Code   RO         5966    .text               c_w.l(h1_free.o)
    0x080003a0   0x00000004   Code   RO         6072    .text               cpprt_w.l(arm_newhandler_noexceptions.o)
    0x080003a4   0x00000008   Code   RO         6104    .text               c_w.l(libspace.o)
    0x080003ac   0x00000008   Code   RO         6131    .text               c_w.l(rt_heap_descriptor_intlibspace.o)
    0x080003b4   0x00000004   Code   RO         6133    .text               c_w.l(hguard.o)
    0x080003b8   0x0000008a   Code   RO         6135    .text               c_w.l(init_alloc.o)
    0x08000442   0x0000000e   Code   RO         6139    .text               c_w.l(h1_init.o)
    0x08000450   0x0000001a   Code   RO         6161    .text               cpprt_w.l(arm_exceptions_terminate.o)
    0x0800046a   0x0000004a   Code   RO         6181    .text               c_w.l(sys_stackheap_outer.o)
    0x080004b4   0x00000034   Code   RO         6189    .text               c_w.l(h1_extend.o)
    0x080004e8   0x0000000c   Code   RO         6193    .text               c_w.l(exit.o)
    0x080004f4   0x00000010   Code   RO         6195    .text               c_w.l(abort.o)
    0x08000504   0x0000000e   Code   RO         6197    .text               c_w.l(defsig_rtmem_outer.o)
    0x08000512   0x00000002   PAD
    0x08000514   0x00000050   Code   RO         6220    .text               cpprt_w.l(arm_exceptions_globs.o)
    0x08000564   0x0000000c   Code   RO         6226    .text               c_w.l(sys_exit.o)
    0x08000570   0x00000002   Code   RO         6228    .text               c_w.l(use_no_semi.o)
    0x08000572   0x00000000   Code   RO         6230    .text               c_w.l(indicate_semi.o)
    0x08000572   0x00000002   PAD
    0x08000574   0x00000008   Code   RO         6238    .text               c_w.l(rt_eh_globals_addr_intlibspace.o)
    0x0800057c   0x0000000a   Code   RO         6244    .text               c_w.l(defsig_exit.o)
    0x08000586   0x0000000e   Code   RO         6246    .text               c_w.l(defsig_abrt_outer.o)
    0x08000594   0x00000050   Code   RO         6254    .text               c_w.l(defsig_rtmem_inner.o)
    0x080005e4   0x0000003c   Code   RO         6256    .text               cpprt_w.l(arm_exceptions_mem.o)
    0x08000620   0x00000032   Code   RO         6272    .text               c_w.l(defsig_general.o)
    0x08000652   0x00000002   PAD
    0x08000654   0x00000030   Code   RO         6274    .text               c_w.l(defsig_abrt_inner.o)
    0x08000684   0x0000000e   Code   RO         6293    .text               c_w.l(sys_wrch.o)
    0x08000692   0x00000014   Code   RO         1874    i.ADC_Cmd           stm32f4xx_adc.o
    0x080006a6   0x00000002   PAD
    0x080006a8   0x00000028   Code   RO         1875    i.ADC_CommonInit    stm32f4xx_adc.o
    0x080006d0   0x00000014   Code   RO         1878    i.ADC_DMACmd        stm32f4xx_adc.o
    0x080006e4   0x00000014   Code   RO         1879    i.ADC_DMARequestAfterLastTransferCmd  stm32f4xx_adc.o
    0x080006f8   0x0000004c   Code   RO         1894    i.ADC_Init          stm32f4xx_adc.o
    0x08000744   0x00000074   Code   RO         1899    i.ADC_RegularChannelConfig  stm32f4xx_adc.o
    0x080007b8   0x0000000a   Code   RO         1901    i.ADC_SoftwareStartConv  stm32f4xx_adc.o
    0x080007c2   0x00000002   PAD
    0x080007c4   0x0000006c   Code   RO         1335    i.Adc1DmaChannelConfig  stm32_adc.o
    0x08000830   0x00000018   Code   RO         1336    i.Adc1DmaCominit    stm32_adc.o
    0x08000848   0x0000005c   Code   RO         1337    i.Adc1DmaConfig     stm32_adc.o
    0x080008a4   0x00000020   Code   RO         1338    i.Adc1DmaGpioConfig  stm32_adc.o
    0x080008c4   0x00000038   Code   RO         1339    i.Adc1DmaInit       stm32_adc.o
    0x080008fc   0x0000002c   Code   RO         1340    i.Adc1DmaStrinit    stm32_adc.o
    0x08000928   0x00000014   Code   RO         2789    i.DMA_Cmd           stm32f4xx_dma.o
    0x0800093c   0x00000054   Code   RO         2801    i.DMA_Init          stm32f4xx_dma.o
    0x08000990   0x00000040   Code   RO         1341    i.FilteAdcVaule     stm32_adc.o
    0x080009d0   0x000000a2   Code   RO         3300    i.GPIO_Init         stm32f4xx_gpio.o
    0x08000a72   0x00000020   Code   RO         3301    i.GPIO_PinAFConfig  stm32f4xx_gpio.o
    0x08000a92   0x0000000e   Code   RO         3304    i.GPIO_ReadInputDataBit  stm32f4xx_gpio.o
    0x08000aa0   0x0000000e   Code   RO         3306    i.GPIO_ReadOutputDataBit  stm32f4xx_gpio.o
    0x08000aae   0x00000004   Code   RO         3307    i.GPIO_ResetBits    stm32f4xx_gpio.o
    0x08000ab2   0x00000004   Code   RO         3308    i.GPIO_SetBits      stm32f4xx_gpio.o
    0x08000ab6   0x0000000a   Code   RO         3312    i.GPIO_WriteBit     stm32f4xx_gpio.o
    0x08000ac0   0x00000064   Code   RO         1824    i.NVIC_Init         misc.o
    0x08000b24   0x00000014   Code   RO         1825    i.NVIC_PriorityGroupConfig  misc.o
    0x08000b38   0x00000018   Code   RO         3913    i.RCC_AHB1PeriphClockCmd  stm32f4xx_rcc.o
    0x08000b50   0x00000018   Code   RO         3922    i.RCC_APB1PeriphClockCmd  stm32f4xx_rcc.o
    0x08000b68   0x00000018   Code   RO         3924    i.RCC_APB1PeriphResetCmd  stm32f4xx_rcc.o
    0x08000b80   0x00000018   Code   RO         3925    i.RCC_APB2PeriphClockCmd  stm32f4xx_rcc.o
    0x08000b98   0x00000018   Code   RO         3927    i.RCC_APB2PeriphResetCmd  stm32f4xx_rcc.o
    0x08000bb0   0x00000090   Code   RO         3934    i.RCC_GetClocksFreq  stm32f4xx_rcc.o
    0x08000c40   0x0000003e   Code   RO         1417    i.STM32_GpioInit    stm32f4_gpioinit.o
    0x08000c7e   0x00000018   Code   RO         1418    i.STM32_GpioOneInit  stm32f4_gpioinit.o
    0x08000c96   0x00000002   PAD
    0x08000c98   0x000000c4   Code   RO         1636    i.STM32_InitUsart1  stm32f4_usartinit.o
    0x08000d5c   0x000000a0   Code   RO         1637    i.STM32_InitUsart2  stm32f4_usartinit.o
    0x08000dfc   0x000000c0   Code   RO         1638    i.STM32_InitUsart3  stm32f4_usartinit.o
    0x08000ebc   0x000000a0   Code   RO         1639    i.STM32_InitUsart4  stm32f4_usartinit.o
    0x08000f5c   0x000000b0   Code   RO         1640    i.STM32_InitUsart5  stm32f4_usartinit.o
    0x0800100c   0x000000a0   Code   RO         1641    i.STM32_InitUsart6  stm32f4_usartinit.o
    0x080010ac   0x0000003c   Code   RO         1757    i.STM32_PPMOutSetPPMVal  stm32f4_pwmout.o
    0x080010e8   0x00000068   Code   RO         1761    i.STM32_Timer9InitAsPwm  stm32f4_pwmout.o
    0x08001150   0x0000003c   Code   RO         1762    i.STM32_Timer9PwmOcInit  stm32f4_pwmout.o
    0x0800118c   0x0000002c   Code   RO         1420    i.STM32_TimerBaseInit  stm32f4_gpioinit.o
    0x080011b8   0x00000030   Code   RO         1642    i.STM32_Usart_InitConfig  stm32f4_usartinit.o
    0x080011e8   0x0000001c   Code   RO         1643    i.STM32_Usart_InitNVIC  stm32f4_usartinit.o
    0x08001204   0x0000004c   Code   RO         1763    i.ServoControl      stm32f4_pwmout.o
    0x08001250   0x000000b4   Code   RO          247    i.SetSysClock       system_stm32f4xx.o
    0x08001304   0x00000012   Code   RO         1486    i.SysTick_DelayMs   stm32f4_systick.o
    0x08001316   0x00000002   PAD
    0x08001318   0x0000005c   Code   RO          249    i.SystemInit        system_stm32f4xx.o
    0x08001374   0x00000034   Code   RO          205    i.TIM2_IRQHandler   stm32_irq_fun.o
    0x080013a8   0x00000038   Code   RO          206    i.TIM3_IRQHandler   stm32_irq_fun.o
    0x080013e0   0x00000038   Code   RO          207    i.TIM4_IRQHandler   stm32_irq_fun.o
    0x08001418   0x00000014   Code   RO         5019    i.TIM_ARRPreloadConfig  stm32f4xx_tim.o
    0x0800142c   0x00000006   Code   RO         5025    i.TIM_ClearFlag     stm32f4xx_tim.o
    0x08001432   0x00000006   Code   RO         5026    i.TIM_ClearITPendingBit  stm32f4xx_tim.o
    0x08001438   0x00000014   Code   RO         5031    i.TIM_Cmd           stm32f4xx_tim.o
    0x0800144c   0x00000016   Code   RO         5033    i.TIM_CtrlPWMOutputs  stm32f4xx_tim.o
    0x08001462   0x00000002   PAD
    0x08001464   0x00000150   Code   RO         5036    i.TIM_DeInit        stm32f4xx_tim.o
    0x080015b4   0x00000018   Code   RO         5052    i.TIM_GetITStatus   stm32f4xx_tim.o
    0x080015cc   0x00000010   Code   RO         5056    i.TIM_ITConfig      stm32f4xx_tim.o
    0x080015dc   0x00000060   Code   RO         5060    i.TIM_OC1Init       stm32f4xx_tim.o
    0x0800163c   0x0000000c   Code   RO         5063    i.TIM_OC1PreloadConfig  stm32f4xx_tim.o
    0x08001648   0x0000007c   Code   RO         5103    i.TIM_TimeBaseInit  stm32f4xx_tim.o
    0x080016c4   0x00000064   Code   RO         1703    i.UART4_IRQHandler  stm32f4_usartirq.o
    0x08001728   0x00000064   Code   RO         1704    i.UART5_IRQHandler  stm32f4_usartirq.o
    0x0800178c   0x00000048   Code   RO         1538    i.USART1_DataRegEmpty  stm32f4_usartdriver.o
    0x080017d4   0x00000070   Code   RO         1705    i.USART1_IRQHandler  stm32f4_usartirq.o
    0x08001844   0x00000038   Code   RO         1539    i.USART2_DataRegEmpty  stm32f4_usartdriver.o
    0x0800187c   0x00000064   Code   RO         1706    i.USART2_IRQHandler  stm32f4_usartirq.o
    0x080018e0   0x00000048   Code   RO         1540    i.USART3_DataRegEmpty  stm32f4_usartdriver.o
    0x08001928   0x00000070   Code   RO         1707    i.USART3_IRQHandler  stm32f4_usartirq.o
    0x08001998   0x00000038   Code   RO         1541    i.USART4_DataRegEmpty  stm32f4_usartdriver.o
    0x080019d0   0x00000038   Code   RO         1542    i.USART5_DataRegEmpty  stm32f4_usartdriver.o
    0x08001a08   0x00000038   Code   RO         1543    i.USART6_DataRegEmpty  stm32f4_usartdriver.o
    0x08001a40   0x00000064   Code   RO         1708    i.USART6_IRQHandler  stm32f4_usartirq.o
    0x08001aa4   0x0000000c   Code   RO         5565    i.USART_ClearITPendingBit  stm32f4xx_usart.o
    0x08001ab0   0x00000014   Code   RO         5568    i.USART_Cmd         stm32f4xx_usart.o
    0x08001ac4   0x0000003e   Code   RO         5572    i.USART_GetITStatus  stm32f4xx_usart.o
    0x08001b02   0x00000030   Code   RO         5574    i.USART_ITConfig    stm32f4xx_usart.o
    0x08001b32   0x00000002   PAD
    0x08001b34   0x000000b8   Code   RO         5575    i.USART_Init        stm32f4xx_usart.o
    0x08001bec   0x00000010   Code   RO         1545    i.USART_InterruptDriver_Initialize  stm32f4_usartdriver.o
    0x08001bfc   0x00000014   Code   RO         1546    i.USART_RXBufferData_Available  stm32f4_usartdriver.o
    0x08001c10   0x00000018   Code   RO         1547    i.USART_RXBuffer_GetByte  stm32f4_usartdriver.o
    0x08001c28   0x00000030   Code   RO         1548    i.USART_RXComplete  stm32f4_usartdriver.o
    0x08001c58   0x00000016   Code   RO         5591    i.USART_StructInit  stm32f4xx_usart.o
    0x08001c6e   0x0000001a   Code   RO         1549    i.USART_TXBuffer_FreeSpace  stm32f4_usartdriver.o
    0x08001c88   0x00000032   Code   RO         1550    i.USART_TXBuffer_PutByte  stm32f4_usartdriver.o
    0x08001cba   0x00000066   Code   RO          851    i._ZN10CamControl14sendCamCommandEPh  camcontrol.o
    0x08001d20   0x0000004a   Code   RO          852    i._ZN10CamControl15sendZoomCommandEh  camcontrol.o
    0x08001d6a   0x00000002   PAD
    0x08001d6c   0x0000000c   Code   RO          855    i._ZN10CamControlC1EP10SerialPort  camcontrol.o
    0x08001d78   0x00000006   Code   RO          570    i._ZN10LEDLighter10setLightOnEv  crabapp.o
    0x08001d7e   0x00000028   Code   RO         1061    i._ZN10LEDLighter11initLighterEv  ledlighter.o
    0x08001da6   0x00000006   Code   RO          576    i._ZN10LEDLighter11setLightOffEv  crabapp.o
    0x08001dac   0x00000022   Code   RO         1062    i._ZN10LEDLighter12reverseLightEv  ledlighter.o
    0x08001dce   0x00000010   Code   RO         1063    i._ZN10LEDLighter14setLightStatusEb  ledlighter.o
    0x08001dde   0x00000002   PAD
    0x08001de0   0x00000090   Code   RO         1064    i._ZN10LEDLighterC1EP12GPIO_TypeDefj  ledlighter.o
    0x08001e70   0x0000005c   Code   RO         1105    i._ZN10SerialPort4openEv  serialport.o
    0x08001ecc   0x00000024   Code   RO         1107    i._ZN10SerialPort5writeEPhh  serialport.o
    0x08001ef0   0x00000006   Code   RO         1108    i._ZN10SerialPort7getCharEv  serialport.o
    0x08001ef6   0x00000010   Code   RO         1110    i._ZN10SerialPort7putCharEh  serialport.o
    0x08001f06   0x00000010   Code   RO         1111    i._ZN10SerialPort9readAllowEv  serialport.o
    0x08001f16   0x00000002   PAD
    0x08001f18   0x0000007c   Code   RO         1113    i._ZN10SerialPortC1Eii  serialport.o
    0x08001f94   0x00000066   Code   RO          620    i._ZN11BaseControl11sendCommandEv  basecontrol.o
    0x08001ffa   0x00000002   PAD
    0x08001ffc   0x00000034   Code   RO          624    i._ZN11BaseControlC1EP10SerialPort  basecontrol.o
    0x08002030   0x00000004   Code   RO          690    i._ZN12MotorControl10setSpeed_1Es  motorcontrol.o
    0x08002034   0x00000062   Code   RO          692    i._ZN12MotorControl16sendSpeedCommandEa  motorcontrol.o
    0x08002096   0x00000026   Code   RO          694    i._ZN12MotorControl16updateUspeedTimeEv  motorcontrol.o
    0x080020bc   0x00000038   Code   RO          700    i._ZN12MotorControlC1EP10SerialPort  motorcontrol.o
    0x080020f4   0x00000004   Code   RO          910    i._ZN12VideoControl16sendVideoChannelEh  videocontrol.o
    0x080020f8   0x0000001a   Code   RO          911    i._ZN12VideoControl16sendVideoCommandEh  videocontrol.o
    0x08002112   0x00000002   PAD
    0x08002114   0x0000000c   Code   RO          912    i._ZN12VideoControlC1EP10SerialPort  videocontrol.o
    0x08002120   0x000000ba   Code   RO          955    i._ZN14Mpu6050Control11dealrecDataEv  mpu6050control.o
    0x080021da   0x000000a2   Code   RO          956    i._ZN14Mpu6050Control13imureciveDataEP10SerialPort  mpu6050control.o
    0x0800227c   0x00000040   Code   RO          957    i._ZN14Mpu6050ControlC1EP10SerialPort  mpu6050control.o
    0x080022bc   0x0000009a   Code   RO          790    i._ZN15TerminalControl10reciveDataEP10SerialPort  terminalcontrol.o
    0x08002356   0x00000002   PAD
    0x08002358   0x00000038   Code   RO          791    i._ZN15TerminalControl10reciveDataEv  terminalcontrol.o
    0x08002390   0x0000004c   Code   RO          794    i._ZN15TerminalControlC1EP10SerialPort  terminalcontrol.o
    0x080023dc   0x0000001a   Code   RO         1297    i._ZN3Key7initKeyEv  key.o
    0x080023f6   0x00000016   Code   RO         1298    i._ZN3Key8getValueEv  key.o
    0x0800240c   0x00000084   Code   RO         1299    i._ZN3KeyC1EP12GPIO_TypeDefj  key.o
    0x08002490   0x000000bc   Code   RO         1179    i._ZN5Timer10setTimeOutEi  timer.o
    0x0800254c   0x00000006   Code   RO         1180    i._ZN5Timer11getITStatusEP11TIM_TypeDef  timer.o
    0x08002552   0x00000024   Code   RO         1181    i._ZN5Timer11setPriorityEhh  timer.o
    0x08002576   0x00000006   Code   RO         1182    i._ZN5Timer17clearITPendingBitEP11TIM_TypeDef  timer.o
    0x0800257c   0x00000006   Code   RO         1183    i._ZN5Timer4stopEP11TIM_TypeDef  timer.o
    0x08002582   0x00000008   Code   RO         1184    i._ZN5Timer4stopEv  timer.o
    0x0800258a   0x00000006   Code   RO         1185    i._ZN5Timer5startEP11TIM_TypeDef  timer.o
    0x08002590   0x00000008   Code   RO         1186    i._ZN5Timer5startEv  timer.o
    0x08002598   0x00000088   Code   RO         1187    i._ZN5TimerC1EP11TIM_TypeDef  timer.o
    0x08002620   0x00000034   Code   RO          385    i._ZN7CrabApp10resetvauleEv  crabapp.o
    0x08002654   0x0000006c   Code   RO          386    i._ZN7CrabApp10runOnTime2Ev  crabapp.o
    0x080026c0   0x0000004e   Code   RO          387    i._ZN7CrabApp10runOnTime3Ev  crabapp.o
    0x0800270e   0x00000002   Code   RO          388    i._ZN7CrabApp10runOnTime4Ev  crabapp.o
    0x08002710   0x00000038   Code   RO          389    i._ZN7CrabApp11sendCamDataEv  crabapp.o
    0x08002748   0x0000003c   Code   RO          390    i._ZN7CrabApp12lightcontrolEPh  crabapp.o
    0x08002784   0x0000007c   Code   RO          391    i._ZN7CrabApp12powerledshowEf  crabapp.o
    0x08002800   0x00000016   Code   RO          392    i._ZN7CrabApp13camlencontrolEPh  crabapp.o
    0x08002816   0x0000001c   Code   RO          393    i._ZN7CrabApp13cradlecontrolEPh  crabapp.o
    0x08002832   0x00000002   PAD
    0x08002834   0x00000026   Code   RO          394    i._ZN7CrabApp13setwheelspeedEPsS0_s  crabapp.o
    0x0800285a   0x0000001c   Code   RO          395    i._ZN7CrabApp13wheelspeedcalEss  crabapp.o
    0x08002876   0x00000002   PAD
    0x08002878   0x000000b8   Code   RO          396    i._ZN7CrabApp14autoruncontrolEv  crabapp.o
    0x08002930   0x0000005c   Code   RO          397    i._ZN7CrabApp14fpvchannelconfEh  crabapp.o
    0x0800298c   0x0000004c   Code   RO          398    i._ZN7CrabApp14subEctQuantityEPfS0_  crabapp.o
    0x080029d8   0x00000048   Code   RO          399    i._ZN7CrabApp14workmodedetectEPh  crabapp.o
    0x08002a20   0x00000038   Code   RO          402    i._ZN7CrabApp17openUserInterruptEv  crabapp.o
    0x08002a58   0x00000022   Code   RO          404    i._ZN7CrabApp18videochanelcontrolEPh  crabapp.o
    0x08002a7a   0x00000042   Code   RO          405    i._ZN7CrabApp19disposeTerminalDataEv  crabapp.o
    0x08002abc   0x000000dc   Code   RO          406    i._ZN7CrabApp19mecanumwheelcontrolEPh  crabapp.o
    0x08002b98   0x00000074   Code   RO          407    i._ZN7CrabApp19sendDriverMotorDataEv  crabapp.o
    0x08002c0c   0x00000020   Code   RO          408    i._ZN7CrabApp19sendVideoChangeDataEv  crabapp.o
    0x08002c2c   0x00000018   Code   RO          409    i._ZN7CrabApp20updateSendDriverDataEv  crabapp.o
    0x08002c44   0x00000058   Code   RO          411    i._ZN7CrabApp9infrascanEv  crabapp.o
    0x08002c9c   0x000002ec   Code   RO          412    i._ZN7CrabAppC1Ev   crabapp.o
    0x08002f88   0x00000008   Code   RO         1000    i._ZN9RingChain4nextEv  datachain.o
    0x08002f90   0x00000006   Code   RO         1002    i._ZN9RingChain7getDataEv  datachain.o
    0x08002f96   0x00000006   Code   RO         1003    i._ZN9RingChain7setDataEh  datachain.o
    0x08002f9c   0x00000008   Code   RO         1004    i._ZN9RingChain8previousEv  datachain.o
    0x08002fa4   0x00000052   Code   RO         1005    i._ZN9RingChainC1Ei  datachain.o
    0x08002ff6   0x00000008   Code   RO         5831    i._Znaj             cpprt_w.l(array_new.o)
    0x08002ffe   0x00000002   PAD
    0x08003000   0x00000028   Code   RO         5838    i._Znwj             cpprt_w.l(new.o)
    0x08003028   0x00000060   Code   RO          627    i.__sti___15_BaseControl_cpp  basecontrol.o
    0x08003088   0x00000084   Code   RO         1343    i.getbatvolt        stm32_adc.o
    0x0800310c   0x00000038   Code   RO            3    i.main              main.o
    0x08003144   0x00000008   Code   RO         1461    i.setSystemPriorityGroup  stm32f4_prioritycontrol.o
    0x0800314c   0x00000062   Code   RO         5942    x$fpl$d2f           fz_wm.l(d2f.o)
    0x080031ae   0x00000002   PAD
    0x080031b0   0x00000150   Code   RO         5944    x$fpl$dadd          fz_wm.l(daddsub_clz.o)
    0x08003300   0x00000154   Code   RO         5950    x$fpl$dmul          fz_wm.l(dmul.o)
    0x08003454   0x0000009c   Code   RO         6095    x$fpl$dnaninf       fz_wm.l(dnaninf.o)
    0x080034f0   0x0000000c   Code   RO         6097    x$fpl$dretinf       fz_wm.l(dretinf.o)
    0x080034fc   0x000001d4   Code   RO         5946    x$fpl$dsub          fz_wm.l(daddsub_clz.o)
    0x080036d0   0x00000056   Code   RO         5952    x$fpl$f2d           fz_wm.l(f2d.o)
    0x08003726   0x0000008c   Code   RO         6099    x$fpl$fnaninf       fz_wm.l(fnaninf.o)
    0x080037b2   0x0000000a   Code   RO         6177    x$fpl$fpinit        fz_wm.l(fpinit.o)
    0x080037bc   0x0000000a   Code   RO         6101    x$fpl$fretinf       fz_wm.l(fretinf.o)
    0x080037c6   0x00000000   Code   RO         6103    x$fpl$usenofp       fz_wm.l(usenofp.o)
    0x080037c6   0x00000002   PAD
    0x080037c8   0x00000010   Data   RO          902    .constdata__ZTV10CamControl  camcontrol.o
    0x080037d8   0x00000010   Data   RO          680    .constdata__ZTV11BaseControl  basecontrol.o
    0x080037e8   0x00000010   Data   RO          775    .constdata__ZTV12MotorControl  motorcontrol.o
    0x080037f8   0x00000010   Data   RO          947    .constdata__ZTV12VideoControl  videocontrol.o
    0x08003808   0x00000010   Data   RO          992    .constdata__ZTV14Mpu6050Control  mpu6050control.o
    0x08003818   0x00000010   Data   RO          840    .constdata__ZTV15TerminalControl  terminalcontrol.o
    0x08003828   0x00000020   Data   RO         6312    Region$$Table       anon$$obj.o
    0x08003848   0x00000004   Data   RO          638    .init_array         basecontrol.o


    Execution Region RW_IRAM1 (Base: 0x20000000, Size: 0x00002378, Max: 0x00020000, ABSOLUTE)

    Base Addr    Size         Type   Attr      Idx    E Section Name        Object

    0x20000000   0x00000004   Data   RW            5    .data               main.o
    0x20000004   0x00000018   Data   RW          443    .data               crabapp.o
    0x2000001c   0x00000002   Data   RW          804    .data               terminalcontrol.o
    0x2000001e   0x00000002   Data   RW         1764    .data               stm32f4_pwmout.o
    0x20000020   0x00000010   Data   RW         3957    .data               stm32f4xx_rcc.o
    0x20000030   0x0000003c   Zero   RW          637    .bss                basecontrol.o
    0x2000006c   0x0000087c   Zero   RW         1344    .bss                stm32_adc.o
    0x200008e8   0x00000630   Zero   RW         1644    .bss                stm32f4_usartinit.o
    0x20000f18   0x00000060   Zero   RW         6105    .bss                c_w.l(libspace.o)
    0x20000f78   0x00001000   Zero   RW         1816    HEAP                startup_stm32f4xx.o
    0x20001f78   0x00000400   Zero   RW         1815    STACK               startup_stm32f4xx.o


==============================================================================

Image component sizes


      Code (inc. data)   RO Data    RW Data    ZI Data      Debug   Object Name

       250         12         20          0         60       1748   basecontrol.o
       188          4         16          0          0       2848   camcontrol.o
      2416        100          0         24          0      29844   crabapp.o
       110          0          0          0          0       3908   datachain.o
       180         28          0          0          0       2020   key.o
       234         36          0          0          0       2568   ledlighter.o
        56          4          0          4          0     255139   main.o
       120         18          0          0          0       1535   misc.o
       196         20         16          0          0       6836   motorcontrol.o
       412          6         16          0          0       1956   mpu6050control.o
       290         50          0          0          0       3672   serialport.o
        64         26        392          0       5120        836   startup_stm32f4xx.o
       552         70          0          0       2172       5380   stm32_adc.o
       164         24          0          0          0       1690   stm32_irq_fun.o
       130          0          0          0          0       5215   stm32f4_gpioinit.o
         8          0          0          0          0        529   stm32f4_prioritycontrol.o
       300         24          0          2          0       2411   stm32f4_pwmout.o
        18          0          0          0          0        558   stm32f4_systick.o
       552          8          0          0          0       8366   stm32f4_usartdriver.o
      1120         92          0          0       1584       6168   stm32f4_usartinit.o
       624         68          0          0          0       3770   stm32f4_usartirq.o
       302         20          0          0          0       5399   stm32f4xx_adc.o
       104          4          0          0          0       2385   stm32f4xx_dma.o
       240          0          0          0          0       4580   stm32f4xx_gpio.o
       264         42          0         16          0       5597   stm32f4xx_rcc.o
       682         88          0          0          0       8375   stm32f4xx_tim.o
       348         10          0          0          0       4671   stm32f4xx_usart.o
       272         36          0          0          0     286369   system_stm32f4xx.o
       286         10         16          2          0       2004   terminalcontrol.o
       400         20          0          0          0       5020   timer.o
        42          4         16          0          0       2584   videocontrol.o

    ----------------------------------------------------------------------
     10952        824        524         48       8936     673981   Object Totals
         0          0         32          0          0          0   (incl. Generated)
        28          0          0          0          0          0   (incl. Padding)

    ----------------------------------------------------------------------

      Code (inc. data)   RO Data    RW Data    ZI Data      Debug   Library Member Name

         8          0          0          0          0         68   __main.o
        52          8          0          0          0          0   __scatter.o
        26          0          0          0          0          0   __scatter_copy.o
        28          0          0          0          0          0   __scatter_zi.o
        16          0          0          0          0         72   abort.o
        48         34          0          0          0         76   defsig_abrt_inner.o
        14          0          0          0          0         80   defsig_abrt_outer.o
        10          0          0          0          0         68   defsig_exit.o
        50          0          0          0          0         88   defsig_general.o
        80         58          0          0          0         76   defsig_rtmem_inner.o
        14          0          0          0          0         80   defsig_rtmem_outer.o
        12          0          0          0          0         72   exit.o
        94          0          0          0          0         80   h1_alloc.o
        52          0          0          0          0         68   h1_extend.o
        78          0          0          0          0         80   h1_free.o
        14          0          0          0          0         84   h1_init.o
         6          0          0          0          0        152   heapauxi.o
         4          0          0          0          0        136   hguard.o
         0          0          0          0          0          0   indicate_semi.o
        36         10          0          0          0         80   init_aeabi.o
       138          0          0          0          0        168   init_alloc.o
         2          0          0          0          0          0   libinit.o
        18          0          0          0          0          0   libinit2.o
         2          0          0          0          0          0   libshutdown.o
         2          0          0          0          0          0   libshutdown2.o
         8          4          0          0         96         68   libspace.o
         0          0          0          0          0          0   maybetermalloc1.o
         8          4          0          0          0         68   rt_eh_globals_addr_intlibspace.o
         8          4          0          0          0         68   rt_heap_descriptor_intlibspace.o
        78          0          0          0          0         80   rt_memclr_w.o
         8          4          0          0          0         68   rt_new_handler_addr_intlibspace.o
         0          0          0          0          0          0   rtentry.o
        12          0          0          0          0          0   rtentry2.o
         6          0          0          0          0          0   rtentry4.o
         2          0          0          0          0          0   rtexit.o
        10          0          0          0          0          0   rtexit2.o
        12          4          0          0          0         68   sys_exit.o
        74          0          0          0          0         80   sys_stackheap_outer.o
        14          0          0          0          0         76   sys_wrch.o
         2          0          0          0          0         68   use_no_semi.o
        80         12          0          0          0        104   arm_exceptions_globs.o
        60          0          0          0          0        108   arm_exceptions_mem.o
        26          0          0          0          0         76   arm_exceptions_terminate.o
         4          0          0          0          0         68   arm_newhandler_noexceptions.o
         8          0          0          0          0         76   array_new.o
        40          6          0          0          0         76   new.o
        98          4          0          0          0        140   d2f.o
       804         16          0          0          0        376   daddsub_clz.o
       340         12          0          0          0        152   dmul.o
       156          4          0          0          0        140   dnaninf.o
        12          0          0          0          0        116   dretinf.o
        86          4          0          0          0        132   f2d.o
       140          4          0          0          0        132   fnaninf.o
        10          0          0          0          0        116   fpinit.o
        10          0          0          0          0        116   fretinf.o
         0          0          0          0          0          0   usenofp.o

    ----------------------------------------------------------------------
      2936        192          0          0         96       4100   Library Totals
        16          0          0          0          0          0   (incl. Padding)

    ----------------------------------------------------------------------

      Code (inc. data)   RO Data    RW Data    ZI Data      Debug   Library Name

      1046        130          0          0         96       2172   c_w.l
       218         18          0          0          0        508   cpprt_w.l
      1656         44          0          0          0       1420   fz_wm.l

    ----------------------------------------------------------------------
      2936        192          0          0         96       4100   Library Totals

    ----------------------------------------------------------------------

==============================================================================


      Code (inc. data)   RO Data    RW Data    ZI Data      Debug   

     13888       1016        524         48       9032     660069   Grand Totals
     13888       1016        524         48       9032     660069   ELF Image Totals
     13888       1016        524         48          0          0   ROM Totals

==============================================================================

    Total RO  Size (Code + RO Data)                14412 (  14.07kB)
    Total RW  Size (RW Data + ZI Data)              9080 (   8.87kB)
    Total ROM Size (Code + RO Data + RW Data)      14460 (  14.12kB)

==============================================================================

